fin_server.cpp:310:1:csp_thread_return_t task_server(void*)	52	dynamic,bounded
fin_server.cpp:63:6:void stepper_1_cs_init()	3	static
fin_server.cpp:70:6:void stepper_1_cson()	3	static
fin_server.cpp:74:6:void stepper_1_csoff()	3	static
fin_server.cpp:78:6:void stepper_1_en()	3	static
fin_server.cpp:82:6:void stepper_1_dis()	3	static
fin_server.cpp:86:6:void stepper_2_cs_init()	3	static
fin_server.cpp:93:6:void stepper_2_cson()	3	static
fin_server.cpp:98:6:void stepper_2_csoff()	3	static
fin_server.cpp:102:6:void stepper_2_en()	3	static
fin_server.cpp:106:6:void stepper_2_dis()	3	static
fin_server.cpp:161:20:gs_fin_cmd_error_t get_fin_status(gs_fin_status_t*)	3	static
fin_server.cpp:180:20:gs_fin_cmd_error_t set_fin_pos(const gs_fin_positions_t*)	3	static
fin_server.cpp:182:20:gs_fin_cmd_error_t set_max_drag()	3	static
fin_server.cpp:184:20:gs_fin_cmd_error_t set_min_drag()	3	static
fin_server.cpp:186:20:gs_fin_cmd_error_t change_ustep()	3	static
fin_server.cpp:192:7:void setup_temp_sensors()	3	static
fin_server.cpp:200:7:void read_temp_sensors(uint16_t*)	3	static
fin_server.cpp:358:20:gs_fin_cmd_error_t init_server()	7	static
