Archive member included to satisfy reference by file (symbol)

c:/program files (x86)/atmel/studio/7.0/toolchain/avr8/avr8-gnu-toolchain/bin/../lib/gcc/avr/5.4.0/../../../../avr/lib/avr6\libm.a(floatsisf.o)
                              csp_iflist.o (__floatunsisf)
c:/program files (x86)/atmel/studio/7.0/toolchain/avr8/avr8-gnu-toolchain/bin/../lib/gcc/avr/5.4.0/../../../../avr/lib/avr6\libm.a(mulsf3.o)
                              csp_iflist.o (__mulsf3)
c:/program files (x86)/atmel/studio/7.0/toolchain/avr8/avr8-gnu-toolchain/bin/../lib/gcc/avr/5.4.0/../../../../avr/lib/avr6\libm.a(mulsf3x.o)
                              c:/program files (x86)/atmel/studio/7.0/toolchain/avr8/avr8-gnu-toolchain/bin/../lib/gcc/avr/5.4.0/../../../../avr/lib/avr6\libm.a(mulsf3.o) (__mulsf3x)
c:/program files (x86)/atmel/studio/7.0/toolchain/avr8/avr8-gnu-toolchain/bin/../lib/gcc/avr/5.4.0/../../../../avr/lib/avr6\libm.a(fp_inf.o)
                              c:/program files (x86)/atmel/studio/7.0/toolchain/avr8/avr8-gnu-toolchain/bin/../lib/gcc/avr/5.4.0/../../../../avr/lib/avr6\libm.a(mulsf3x.o) (__fp_inf)
c:/program files (x86)/atmel/studio/7.0/toolchain/avr8/avr8-gnu-toolchain/bin/../lib/gcc/avr/5.4.0/../../../../avr/lib/avr6\libm.a(fp_nan.o)
                              c:/program files (x86)/atmel/studio/7.0/toolchain/avr8/avr8-gnu-toolchain/bin/../lib/gcc/avr/5.4.0/../../../../avr/lib/avr6\libm.a(mulsf3x.o) (__fp_nan)
c:/program files (x86)/atmel/studio/7.0/toolchain/avr8/avr8-gnu-toolchain/bin/../lib/gcc/avr/5.4.0/../../../../avr/lib/avr6\libm.a(fp_pscA.o)
                              c:/program files (x86)/atmel/studio/7.0/toolchain/avr8/avr8-gnu-toolchain/bin/../lib/gcc/avr/5.4.0/../../../../avr/lib/avr6\libm.a(mulsf3x.o) (__fp_pscA)
c:/program files (x86)/atmel/studio/7.0/toolchain/avr8/avr8-gnu-toolchain/bin/../lib/gcc/avr/5.4.0/../../../../avr/lib/avr6\libm.a(fp_pscB.o)
                              c:/program files (x86)/atmel/studio/7.0/toolchain/avr8/avr8-gnu-toolchain/bin/../lib/gcc/avr/5.4.0/../../../../avr/lib/avr6\libm.a(mulsf3x.o) (__fp_pscB)
c:/program files (x86)/atmel/studio/7.0/toolchain/avr8/avr8-gnu-toolchain/bin/../lib/gcc/avr/5.4.0/../../../../avr/lib/avr6\libm.a(fp_round.o)
                              c:/program files (x86)/atmel/studio/7.0/toolchain/avr8/avr8-gnu-toolchain/bin/../lib/gcc/avr/5.4.0/../../../../avr/lib/avr6\libm.a(mulsf3.o) (__fp_round)
c:/program files (x86)/atmel/studio/7.0/toolchain/avr8/avr8-gnu-toolchain/bin/../lib/gcc/avr/5.4.0/../../../../avr/lib/avr6\libm.a(fp_split3.o)
                              c:/program files (x86)/atmel/studio/7.0/toolchain/avr8/avr8-gnu-toolchain/bin/../lib/gcc/avr/5.4.0/../../../../avr/lib/avr6\libm.a(mulsf3x.o) (__fp_split3)
c:/program files (x86)/atmel/studio/7.0/toolchain/avr8/avr8-gnu-toolchain/bin/../lib/gcc/avr/5.4.0/../../../../avr/lib/avr6\libm.a(fp_zero.o)
                              c:/program files (x86)/atmel/studio/7.0/toolchain/avr8/avr8-gnu-toolchain/bin/../lib/gcc/avr/5.4.0/../../../../avr/lib/avr6\libm.a(mulsf3x.o) (__fp_szero)
c:/program files (x86)/atmel/studio/7.0/toolchain/avr8/avr8-gnu-toolchain/bin/../lib/gcc/avr/5.4.0/avr6\libgcc.a(_divmodhi4.o)
                              csp_conn.o (__divmodhi4)
c:/program files (x86)/atmel/studio/7.0/toolchain/avr8/avr8-gnu-toolchain/bin/../lib/gcc/avr/5.4.0/avr6\libgcc.a(_udivmodsi4.o)
                              csp_queue.o (__udivmodsi4)
c:/program files (x86)/atmel/studio/7.0/toolchain/avr8/avr8-gnu-toolchain/bin/../lib/gcc/avr/5.4.0/avr6\libgcc.a(_divmodsi4.o)
                              integer.o (__divmodsi4)
c:/program files (x86)/atmel/studio/7.0/toolchain/avr8/avr8-gnu-toolchain/bin/../lib/gcc/avr/5.4.0/avr6\libgcc.a(_negsi2.o)
                              c:/program files (x86)/atmel/studio/7.0/toolchain/avr8/avr8-gnu-toolchain/bin/../lib/gcc/avr/5.4.0/avr6\libgcc.a(_divmodsi4.o) (__negsi2)
c:/program files (x86)/atmel/studio/7.0/toolchain/avr8/avr8-gnu-toolchain/bin/../lib/gcc/avr/5.4.0/avr6\libgcc.a(_exit.o)
                              c:/program files (x86)/atmel/studio/7.0/toolchain/avr8/avr8-gnu-toolchain/bin/../lib/gcc/avr/5.4.0/../../../../avr/lib/avr6/crtatmega2560.o (exit)
c:/program files (x86)/atmel/studio/7.0/toolchain/avr8/avr8-gnu-toolchain/bin/../lib/gcc/avr/5.4.0/avr6\libgcc.a(_tablejump2.o)
                              csp_debug.o (__tablejump2__)
c:/program files (x86)/atmel/studio/7.0/toolchain/avr8/avr8-gnu-toolchain/bin/../lib/gcc/avr/5.4.0/avr6\libgcc.a(_copy_data.o)
                              can.o (__do_copy_data)
c:/program files (x86)/atmel/studio/7.0/toolchain/avr8/avr8-gnu-toolchain/bin/../lib/gcc/avr/5.4.0/avr6\libgcc.a(_clear_bss.o)
                              can.o (__do_clear_bss)
c:/program files (x86)/atmel/studio/7.0/toolchain/avr8/avr8-gnu-toolchain/bin/../lib/gcc/avr/5.4.0/avr6\libgcc.a(_ctors.o)
                              can.o (__do_global_ctors)
[...]
Memory Configuration

Name             Origin             Length             Attributes
text             0x00000000         0x00040000         xr
data             0x00800200         0x00002000         rw !x
eeprom           0x00810000         0x00001000         rw !x
fuse             0x00820000         0x00000003         rw !x
lock             0x00830000         0x00000400         rw !x
signature        0x00840000         0x00000400         rw !x
user_signatures  0x00850000         0x00000400         rw !x
*default*        0x00000000         0xffffffff

Linker script and memory map

Address of section .data set to 0x800200
LOAD c:/program files (x86)/atmel/studio/7.0/toolchain/avr8/avr8-gnu-toolchain/bin/../lib/gcc/avr/5.4.0/../../../../avr/lib/avr6/crtatmega2560.o
LOAD avr_usart_init.o
LOAD can.o
LOAD comtest.o
LOAD crhook.o
LOAD croutine.o
LOAD csp_bridge.o
LOAD csp_buffer.o
LOAD csp_conn.o
LOAD csp_crc32.o
LOAD csp_debug.o
LOAD csp_dedup.o
LOAD csp_endian.o
LOAD csp_iflist.o
LOAD csp_if_can.o
LOAD csp_if_lo.o
LOAD csp_io.o
LOAD csp_malloc.o
LOAD csp_port.o
LOAD csp_promisc.o
LOAD csp_qfifo.o
LOAD csp_queue.o
LOAD csp_rdp.o
LOAD csp_route.o
LOAD csp_rtable_static.o
LOAD csp_semaphore.o
LOAD csp_services.o
LOAD csp_service_handler.o
LOAD csp_sfp.o
LOAD csp_system.o
LOAD csp_thread.o
LOAD csp_time.o
LOAD csp_udp.o
LOAD event_groups.o
LOAD FinCont.o
LOAD fin_server.o
LOAD heap_4.o
LOAD integer.o
LOAD list.o
LOAD main.o
LOAD mcp2515.o
LOAD partest.o
LOAD PollQ.o
LOAD port.o
LOAD print.o
LOAD queue.o
LOAD regtest.o
LOAD serial.o
LOAD SPI.o
LOAD stream_buffer.o
LOAD tasks.o
LOAD timers.o
START GROUP
LOAD c:/program files (x86)/atmel/studio/7.0/toolchain/avr8/avr8-gnu-toolchain/bin/../lib/gcc/avr/5.4.0/../../../../avr/lib/avr6\libm.a
END GROUP
LOAD c:/program files (x86)/atmel/studio/7.0/toolchain/avr8/avr8-gnu-toolchain/bin/../lib/gcc/avr/5.4.0/avr6\libgcc.a
LOAD c:/program files (x86)/atmel/studio/7.0/toolchain/avr8/avr8-gnu-toolchain/bin/../lib/gcc/avr/5.4.0/../../../../avr/lib/avr6\libm.a
START GROUP
LOAD c:/program files (x86)/atmel/studio/7.0/toolchain/avr8/avr8-gnu-toolchain/bin/../lib/gcc/avr/5.4.0/avr6\libgcc.a
LOAD c:/program files (x86)/atmel/studio/7.0/toolchain/avr8/avr8-gnu-toolchain/bin/../lib/gcc/avr/5.4.0/../../../../avr/lib/avr6\libm.a
LOAD c:/program files (x86)/atmel/studio/7.0/toolchain/avr8/avr8-gnu-toolchain/bin/../lib/gcc/avr/5.4.0/../../../../avr/lib/avr6\libc.a
LOAD c:/program files (x86)/atmel/studio/7.0/toolchain/avr8/avr8-gnu-toolchain/bin/../lib/gcc/avr/5.4.0/../../../../avr/lib/avr6\libatmega2560.a
END GROUP
                0x00000000                __TEXT_REGION_ORIGIN__ = DEFINED (__TEXT_REGION_ORIGIN__)?__TEXT_REGION_ORIGIN__:0x0
                [0x00800200]                __DATA_REGION_ORIGIN__ = DEFINED (__DATA_REGION_ORIGIN__)?__DATA_REGION_ORIGIN__:0x800200
                [0x00040000]                __TEXT_REGION_LENGTH__ = DEFINED (__TEXT_REGION_LENGTH__)?__TEXT_REGION_LENGTH__:0x100000
                [0x00002000]                __DATA_REGION_LENGTH__ = DEFINED (__DATA_REGION_LENGTH__)?__DATA_REGION_LENGTH__:0xfe00
                [0x00001000]                __EEPROM_REGION_LENGTH__ = DEFINED (__EEPROM_REGION_LENGTH__)?__EEPROM_REGION_LENGTH__:0x10000
                [0x00000003]                __FUSE_REGION_LENGTH__ = DEFINED (__FUSE_REGION_LENGTH__)?__FUSE_REGION_LENGTH__:0x400
                0x00000400                __LOCK_REGION_LENGTH__ = DEFINED (__LOCK_REGION_LENGTH__)?__LOCK_REGION_LENGTH__:0x400
                0x00000400                __SIGNATURE_REGION_LENGTH__ = DEFINED (__SIGNATURE_REGION_LENGTH__)?__SIGNATURE_REGION_LENGTH__:0x400
                0x00000400                __USER_SIGNATURE_REGION_LENGTH__ = DEFINED (__USER_SIGNATURE_REGION_LENGTH__)?__USER_SIGNATURE_REGION_LENGTH__:0x400

.hash
 *(.hash)

.dynsym
 *(.dynsym)

.dynstr
 *(.dynstr)

.gnu.version
 *(.gnu.version)

.gnu.version_d
 *(.gnu.version_d)

.gnu.version_r
 *(.gnu.version_r)

.rel.init
 *(.rel.init)

.rela.init
 *(.rela.init)

.rel.text
 *(.rel.text)
 *(.rel.text.*)
 *(.rel.gnu.linkonce.t*)

.rela.text
 *(.rela.text)
 *(.rela.text.*)
 *(.rela.gnu.linkonce.t*)

.rel.fini
 *(.rel.fini)

.rela.fini
 *(.rela.fini)

.rel.rodata
 *(.rel.rodata)
 *(.rel.rodata.*)
 *(.rel.gnu.linkonce.r*)

.rela.rodata
 *(.rela.rodata)
 *(.rela.rodata.*)
 *(.rela.gnu.linkonce.r*)

.rel.data
 *(.rel.data)
 *(.rel.data.*)
 *(.rel.gnu.linkonce.d*)

.rela.data
 *(.rela.data)
 *(.rela.data.*)
 *(.rela.gnu.linkonce.d*)

.rel.ctors
 *(.rel.ctors)

.rela.ctors
 *(.rela.ctors)

.rel.dtors
 *(.rel.dtors)

.rela.dtors
 *(.rela.dtors)

.rel.got
 *(.rel.got)

.rela.got
 *(.rela.got)

.rel.bss
 *(.rel.bss)

.rela.bss
 *(.rela.bss)

.rel.plt
 *(.rel.plt)

.rela.plt
 *(.rela.plt)

.text           0x00000000     0x95d0
 *(.vectors)
 .vectors       0x00000000       0xe4 c:/program files (x86)/atmel/studio/7.0/toolchain/avr8/avr8-gnu-toolchain/bin/../lib/gcc/avr/5.4.0/../../../../avr/lib/avr6/crtatmega2560.o
                0x00000000                __vectors
 *(.vectors)
 *(.progmem.gcc*)
 .progmem.gcc_sw_table.do_csp_debug
                0x000000e4       0x10 csp_debug.o
 .progmem.gcc_sw_table.csp_service_handler
                0x000000f4        0xe csp_service_handler.o
 .progmem.gcc_sw_table.csp_sys_set_color
                0x00000102       0x10 csp_system.o
 .progmem.gcc_sw_table
                0x00000112       0x58 mcp2515.o
 .progmem.gcc_sw_table
                0x0000016a       0x20 SPI.o
 .progmem.gcc_sw_table.prvTimerTask
                0x0000018a       0x14 timers.o
                0x0000019e                . = ALIGN (0x2)
                0x0000019e                __trampolines_start = .
 *(.trampolines)
 .trampolines   0x0000019e        0x0 linker stubs
 *(.trampolines*)
                0x0000019e                __trampolines_end = .
 *libprintf_flt.a:*(.progmem.data)
 *libc.a:*(.progmem.data)
 *(.progmem*)
 .progmem.data._ZZ9CanRxFuncE3__c_7
                0x0000019e        0xb can.o
 .progmem.data._ZZ9CanRxFuncE3__c_6
                0x000001a9        0xb can.o
 .progmem.data._ZZ9CanRxFuncE3__c_5
                0x000001b4        0xd can.o
 .progmem.data._ZZ9CanRxFuncE3__c_4
                0x000001c1        0xc can.o
 .progmem.data._ZZ9CanRxFuncE3__c_3
                0x000001cd        0xb can.o
 .progmem.data._ZZ9CanRxFuncE3__c_2
                0x000001d8       0x1f can.o
 .progmem.data._ZZ9CanRxFuncE3__c_1
                0x000001f7        0xd can.o
 .progmem.data._ZZ9CanRxFuncE3__c_0
                0x00000204       0x1f can.o
 .progmem.data._ZZ9CanRxFuncE3__c
                0x00000223        0x7 can.o
 .progmem.data._ZZ8can_sendE3__c
                0x0000022a        0xd can.o
 .progmem.data.__c.3148
                0x00000237        0x9 csp_buffer.o
 .progmem.data.__c.3146
                0x00000240       0x23 csp_buffer.o
 .progmem.data.__c.3144
                0x00000263       0x1d csp_buffer.o
 .progmem.data.__c.3142
                0x00000280       0x24 csp_buffer.o
 .progmem.data.__c.3137
                0x000002a4       0x1d csp_buffer.o
 .progmem.data.__c.3127
                0x000002c1       0x13 csp_buffer.o
 .progmem.data.__c.3125
                0x000002d4        0xb csp_buffer.o
 .progmem.data.__c.3123
                0x000002df        0xf csp_buffer.o
 .progmem.data.__c.3121
                0x000002ee       0x27 csp_buffer.o
 .progmem.data.__c.3326
                0x00000315       0x2e csp_conn.o
 .progmem.data.__c.3299
                0x00000343       0x57 csp_conn.o
 .progmem.data.__c.3297
                0x0000039a       0x5b csp_conn.o
 .progmem.data.__c.3295
                0x000003f5       0x4b csp_conn.o
 .progmem.data.__c.3284
                0x00000440       0x1a csp_conn.o
 .progmem.data.__c.3282
                0x0000045a       0x14 csp_conn.o
 .progmem.data.__c.3280
                0x0000046e       0x20 csp_conn.o
 .progmem.data.__c.3270
                0x0000048e       0x19 csp_conn.o
 .progmem.data.__c.3265
                0x000004a7       0x1a csp_conn.o
 .progmem.data.__c.3236
                0x000004c1       0x22 csp_conn.o
 .progmem.data.__c.3231
                0x000004e3       0x21 csp_conn.o
 .progmem.data.__c.3224
                0x00000504       0x23 csp_conn.o
 .progmem.data.__c.3219
                0x00000527       0x1f csp_conn.o
 .progmem.data.crc_tab
                0x00000546      0x400 csp_crc32.o
 .progmem.data.__c.2576
                0x00000946        0xd csp_debug.o
 .progmem.data.__c.2572
                0x00000953        0xd csp_debug.o
 .progmem.data.__c.2570
                0x00000960        0x3 csp_debug.o
 .progmem.data.__c.2543
                0x00000963        0x7 csp_iflist.o
 .progmem.data.__c.2551
                0x0000096a       0x8b csp_iflist.o
 .progmem.data.__c.3321
                0x000009f5       0x28 csp_if_can.o
 .progmem.data.__c.3318
                0x00000a1d       0x27 csp_if_can.o
 .progmem.data.__c.3313
                0x00000a44       0x28 csp_if_can.o
 .progmem.data.__c.3200
                0x00000a6c       0x26 csp_if_can.o
 .progmem.data.__c.3288
                0x00000a92       0x22 csp_if_can.o
 .progmem.data.__c.3285
                0x00000ab4       0x13 csp_if_can.o
 .progmem.data.__c.3283
                0x00000ac7       0x1d csp_if_can.o
 .progmem.data.__c.3280
                0x00000ae4       0x2a csp_if_can.o
 .progmem.data.__c.3278
                0x00000b0e       0x11 csp_if_can.o
 .progmem.data.__c.3275
                0x00000b1f       0x1b csp_if_can.o
 .progmem.data.__c.3272
                0x00000b3a       0x21 csp_if_can.o
 .progmem.data.__c.3270
                0x00000b5b       0x23 csp_if_can.o
 .progmem.data.__c.3259
                0x00000b7e       0x1d csp_if_can.o
 .progmem.data.__c.3343
                0x00000b9b       0x20 csp_if_can.o
 .progmem.data.__c.3340
                0x00000bbb       0x1b csp_if_can.o
 .progmem.data.__c.3338
                0x00000bd6       0x1e csp_if_can.o
 .progmem.data.__c.3336
                0x00000bf4       0x11 csp_if_can.o
 .progmem.data.__c.3334
                0x00000c05       0x2f csp_if_can.o
 .progmem.data.__c.3384
                0x00000c34       0x19 csp_io.o
 .progmem.data.__c.3374
                0x00000c4d       0x64 csp_io.o
 .progmem.data.__c.3372
                0x00000cb1       0x15 csp_io.o
 .progmem.data.__c.3369
                0x00000cc6       0x5f csp_io.o
 .progmem.data.__c.3367
                0x00000d25       0x3f csp_io.o
 .progmem.data.__c.3365
                0x00000d64       0x18 csp_io.o
 .progmem.data.__c.3362
                0x00000d7c       0x28 csp_io.o
 .progmem.data.__c.3343
                0x00000da4       0x16 csp_io.o
 .progmem.data.__c.3341
                0x00000dba       0x57 csp_io.o
 .progmem.data.__c.3339
                0x00000e11       0x57 csp_io.o
 .progmem.data.__c.3337
                0x00000e68       0x55 csp_io.o
 .progmem.data.__c.3192
                0x00000ebd       0x1d csp_port.o
 .progmem.data.__c.3190
                0x00000eda       0x1a csp_port.o
 .progmem.data.__c.3188
                0x00000ef4       0x50 csp_port.o
 .progmem.data.__c.2386
                0x00000f44       0x34 csp_qfifo.o
 .progmem.data.__c.2382
                0x00000f78       0x2a csp_qfifo.o
 .progmem.data.__c.2380
                0x00000fa2       0x27 csp_qfifo.o
 .progmem.data.__c.3124
                0x00000fc9        0x7 csp_route.o
 .progmem.data.__c.3133
                0x00000fd0       0x1c csp_route.o
 .progmem.data.__c.3102
                0x00000fec       0x30 csp_route.o
 .progmem.data.__c.3100
                0x0000101c       0x2c csp_route.o
 .progmem.data.__c.3098
                0x00001048       0x1f csp_route.o
 .progmem.data.__c.3091
                0x00001067       0x51 csp_route.o
 .progmem.data.__c.3089
                0x000010b8       0x58 csp_route.o
 .progmem.data.__c.3087
                0x00001110       0x5d csp_route.o
 .progmem.data.__c.3119
                0x0000116d       0x1e csp_route.o
 .progmem.data.__c.3116
                0x0000118b       0x1c csp_route.o
 .progmem.data.__c.3114
                0x000011a7       0x16 csp_route.o
 .progmem.data.__c.3111
                0x000011bd       0x3f csp_route.o
 .progmem.data.__c.2565
                0x000011fc       0x11 csp_rtable_static.o
 .progmem.data.__c.2560
                0x0000120d       0x10 csp_rtable_static.o
 .progmem.data.__c.2558
                0x0000121d       0x1b csp_rtable_static.o
 .progmem.data.__c.2552
                0x00001238       0x28 csp_rtable_static.o
 .progmem.data.__c.3117
                0x00001260        0x9 csp_semaphore.o
 .progmem.data.__c.3112
                0x00001269        0x9 csp_semaphore.o
 .progmem.data.__c.3139
                0x00001272       0x17 csp_service_handler.o
 .progmem.data.__c.2850
                0x00001289        0x9 csp_system.o
 .progmem.data.__c.2824
                0x00001292       0x13 csp_system.o
 .progmem.data.__c.2814
                0x000012a5       0x11 csp_system.o
 .progmem.data.__c.2836
                0x000012b6       0x25 csp_udp.o
 .progmem.data.__c.2834
                0x000012db       0x1e csp_udp.o
 .progmem.data._ZZ11task_serverPvE3__c
                0x000012f9        0x7 fin_server.o
 .progmem.data._ZZ16__vector_defaultE3__c_0
                0x00001300        0xd main.o
 .progmem.data._ZZ16__vector_defaultE3__c
                0x0000130d        0xc main.o
 .progmem.data._ZZ11task_clientPvE3__c_2
                0x00001319       0x16 main.o
 .progmem.data._ZZ11task_clientPvE3__c_1
                0x0000132f        0xd main.o
 .progmem.data._ZZ11task_clientPvE3__c_0
                0x0000133c        0xd main.o
 .progmem.data._ZZ11task_clientPvE3__c
                0x00001349        0x7 main.o
 .progmem.data._ZZ4mainE3__c_3
                0x00001350        0xd main.o
 .progmem.data._ZZ4mainE3__c_2
                0x0000135d        0xe main.o
 .progmem.data._ZZ4mainE3__c_1
                0x0000136b        0xd main.o
 .progmem.data._ZZ4mainE3__c_0
                0x00001378        0xc main.o
 .progmem.data._ZZ4mainE3__c
                0x00001384        0x3 main.o
                0x00001388                . = ALIGN (0x2)
 *fill*         0x00001387        0x1 
 *(.jumptables)
 *(.jumptables*)
 *(.lowtext)
 *(.lowtext*)
                0x00001388                __ctors_start = .
 *(.ctors)
 .ctors         0x00001388        0x2 can.o
                0x0000138a                __ctors_end = .
                0x0000138a                __dtors_start = .
 *(.dtors)
                0x0000138a                __dtors_end = .
 SORT(*)(.ctors)
 SORT(*)(.dtors)
 *(.init0)
 .init0         0x0000138a        0x0 c:/program files (x86)/atmel/studio/7.0/toolchain/avr8/avr8-gnu-toolchain/bin/../lib/gcc/avr/5.4.0/../../../../avr/lib/avr6/crtatmega2560.o
                0x0000138a                __init
 *(.init0)
 *(.init1)
 *(.init1)
 *(.init2)
 .init2         0x0000138a       0x10 c:/program files (x86)/atmel/studio/7.0/toolchain/avr8/avr8-gnu-toolchain/bin/../lib/gcc/avr/5.4.0/../../../../avr/lib/avr6/crtatmega2560.o
 *(.init2)
 *(.init3)
 *(.init3)
 *(.init4)
 .init4         0x0000139a       0x1a c:/program files (x86)/atmel/studio/7.0/toolchain/avr8/avr8-gnu-toolchain/bin/../lib/gcc/avr/5.4.0/avr6\libgcc.a(_copy_data.o)
                0x0000139a                __do_copy_data
 .init4         0x000013b4       0x10 c:/program files (x86)/atmel/studio/7.0/toolchain/avr8/avr8-gnu-toolchain/bin/../lib/gcc/avr/5.4.0/avr6\libgcc.a(_clear_bss.o)
                0x000013b4                __do_clear_bss
 *(.init4)
 *(.init5)
 *(.init5)
 *(.init6)
 .init6         0x000013c4       0x20 c:/program files (x86)/atmel/studio/7.0/toolchain/avr8/avr8-gnu-toolchain/bin/../lib/gcc/avr/5.4.0/avr6\libgcc.a(_ctors.o)
                0x000013c4                __do_global_ctors
 *(.init6)
 *(.init7)
 *(.init7)
 *(.init8)
 *(.init8)
 *(.init9)
 .init9         0x000013e4        0x6 c:/program files (x86)/atmel/studio/7.0/toolchain/avr8/avr8-gnu-toolchain/bin/../lib/gcc/avr/5.4.0/../../../../avr/lib/avr6/crtatmega2560.o
 *(.init9)
 *(.text)
 .text          0x000013ea        0x2 c:/program files (x86)/atmel/studio/7.0/toolchain/avr8/avr8-gnu-toolchain/bin/../lib/gcc/avr/5.4.0/../../../../avr/lib/avr6/crtatmega2560.o
                0x000013ea                __vector_38
                0x000013ea                __vector_22
                0x000013ea                __vector_28
                0x000013ea                __vector_1
                0x000013ea                __vector_32
                0x000013ea                __vector_34
                0x000013ea                __vector_24
                0x000013ea                __vector_12
                0x000013ea                __vector_55
                0x000013ea                __vector_46
                0x000013ea                __bad_interrupt
                0x000013ea                __vector_6
                0x000013ea                __vector_31
                0x000013ea                __vector_35
                0x000013ea                __vector_39
                0x000013ea                __vector_23
                0x000013ea                __vector_30
                0x000013ea                __vector_45
                0x000013ea                __vector_11
                0x000013ea                __vector_54
                0x000013ea                __vector_13
                0x000013ea                __vector_19
                0x000013ea                __vector_56
                0x000013ea                __vector_7
                0x000013ea                __vector_49
                0x000013ea                __vector_41
                0x000013ea                __vector_43
                0x000013ea                __vector_27
                0x000013ea                __vector_5
                0x000013ea                __vector_33
                0x000013ea                __vector_47
                0x000013ea                __vector_52
                0x000013ea                __vector_37
                0x000013ea                __vector_4
                0x000013ea                __vector_44
                0x000013ea                __vector_51
                0x000013ea                __vector_9
                0x000013ea                __vector_2
                0x000013ea                __vector_21
                0x000013ea                __vector_15
                0x000013ea                __vector_36
                0x000013ea                __vector_29
                0x000013ea                __vector_40
                0x000013ea                __vector_8
                0x000013ea                __vector_48
                0x000013ea                __vector_14
                0x000013ea                __vector_53
                0x000013ea                __vector_10
                0x000013ea                __vector_50
                0x000013ea                __vector_16
                0x000013ea                __vector_18
                0x000013ea                __vector_20
                0x000013ea                __vector_42
 .text          0x000013ec      0x5b4 can.o
                0x000013ec                can_init
                0x000014d6                can_send
                0x000015cc                CanRxFunc
 .text          0x000019a0      0x11e FinCont.o
                0x000019a0                _Z10enableledsv
                0x000019b4                _Z7contledii
                0x00001a32                _Z10pwrredinitv
                0x00001a48                _Z12timeoutstarti
                0x00001a82                _Z12timeoutresetv
                0x00001a8c                _Z12timeoutcheckv
 .text          0x00001abe      0x35a fin_server.o
                0x00001abe                _Z11task_serverPv
                0x00001c50                _Z17stepper_1_cs_initv
                0x00001c7a                _Z14stepper_1_csonv
                0x00001c86                _Z15stepper_1_csoffv
                0x00001c92                _Z12stepper_1_env
                0x00001c9e                _Z13stepper_1_disv
                0x00001caa                _Z17stepper_2_cs_initv
                0x00001cd4                _Z14stepper_2_csonv
                0x00001ce0                _Z15stepper_2_csoffv
                0x00001cec                _Z12stepper_2_env
                0x00001cf8                _Z13stepper_2_disv
                0x00001d04                _Z14get_fin_statusP13gs_fin_status
                0x00001d06                _Z11set_fin_posPK16gs_fin_positions
                0x00001d08                _Z12set_max_dragv
                0x00001d0a                _Z12set_min_dragv
                0x00001d0c                _Z12change_ustepv
                0x00001d0e                _Z18setup_temp_sensorsv
                0x00001d26                _Z17read_temp_sensorsPj
                0x00001dd2                _Z11init_serverv
 .text          0x00001e18      0x332 main.o
                0x00001e44                _Z11task_clientPv
                0x00001f1a                main
                0x000020a4                __vector_3
                0x0000211a                __vector_default
 .text          0x0000214a      0xc56 mcp2515.o
                0x0000214a                _ZN7MCP25158startSPIEv
                0x0000218a                _ZN7MCP25156endSPIEv
                0x000021b2                _ZN7MCP2515C2Ev
                0x000021b2                _ZN7MCP2515C1Ev
                0x000021c6                _ZN7MCP251512readRegisterENS_8REGISTERE
                0x00002206                _ZN7MCP251513readRegistersENS_8REGISTEREPhh
                0x00002270                _ZN7MCP251511setRegisterENS_8REGISTEREh
                0x000022b4                _ZN7MCP251512setRegistersENS_8REGISTEREPKhh
                0x0000231e                _ZN7MCP251514modifyRegisterENS_8REGISTEREhh
                0x00002374                _ZN7MCP25155resetEv
                0x00002426                _ZN7MCP25159getStatusEv
                0x00002458                _ZN7MCP25157setModeENS_18CANCTRL_REQOP_MODEE
                0x0000249e                _ZN7MCP251513setConfigModeEv
                0x000024a4                _ZN7MCP251517setListenOnlyModeEv
                0x000024aa                _ZN7MCP251512setSleepModeEv
                0x000024b0                _ZN7MCP251515setLoopbackModeEv
                0x000024b6                _ZN7MCP251513setNormalModeEv
                0x000024bc                _ZN7MCP251510setBitrateE9CAN_SPEED9CAN_CLOCK
                0x00002812                _ZN7MCP251510setBitrateE9CAN_SPEED
                0x00002818                _ZN7MCP25159setClkOutE10CAN_CLKOUT
                0x0000285a                _ZN7MCP25159prepareIdEPhbm
                0x000028b8                _ZN7MCP251513setFilterMaskENS_4MASKEbm
                0x0000293c                _ZN7MCP25159setFilterENS_3RXFEbm
                0x00002a08                _ZN7MCP251511sendMessageENS_4TXBnEPK9can_frame
                0x00002b10                _ZN7MCP251511sendMessageEPK9can_frame
                0x00002ba8                _ZN7MCP251511readMessageENS_4RXBnEP9can_frame
                0x00002cea                _ZN7MCP251511readMessageEP9can_frame
                0x00002d20                _ZN7MCP251512checkReceiveEv
                0x00002d2e                _ZN7MCP251513getErrorFlagsEv
                0x00002d34                _ZN7MCP251510checkErrorEv
                0x00002d42                _ZN7MCP251516clearRXnOVRFlagsEv
                0x00002d4c                _ZN7MCP251513getInterruptsEv
                0x00002d52                _ZN7MCP251515clearInterruptsEv
                0x00002d5a                _ZN7MCP251516getInterruptMaskEv
                0x00002d60                _ZN7MCP251517clearTXInterruptsEv
                0x00002d6a                _ZN7MCP251511clearRXnOVREv
                0x00002d84                _ZN7MCP25159clearMERREv
                0x00002d8e                _ZN7MCP251510clearERRIFEv
                0x00002d98                _ZN7MCP251510checktxavaEv
 .text          0x00002da0      0x116 SPI.o
                0x00002da0                _ZN8SPIClass5beginEv
                0x00002dd8                _ZN8SPIClass3endEv
                0x00002dfc                _ZN8SPIClass14usingInterruptEh
                0x00002e5a                _ZN8SPIClass17notUsingInterruptEh
                0x00002eb6                . = ALIGN (0x2)
 *(.text.*)
 .text.usart_init
                0x00002eb6       0x20 avr_usart_init.o
                0x00002eb6                usart_init
 .text.usart_putchar
                0x00002ed6       0x10 avr_usart_init.o
                0x00002ed6                usart_putchar
 .text.usart_putchar_printf
                0x00002ee6       0x18 avr_usart_init.o
                0x00002ee6                usart_putchar_printf
 .text.csp_buffer_init
                0x00002efe      0x11c csp_buffer.o
                0x00002efe                csp_buffer_init
 .text.csp_buffer_get
                0x0000301a       0xfe csp_buffer.o
                0x0000301a                csp_buffer_get
 .text.csp_buffer_free_isr
                0x00003118       0x68 csp_buffer.o
                0x00003118                csp_buffer_free_isr
 .text.csp_buffer_free
                0x00003180       0xf4 csp_buffer.o
                0x00003180                csp_buffer_free
 .text.csp_buffer_remaining
                0x00003274        0xe csp_buffer.o
                0x00003274                csp_buffer_remaining
 .text.csp_conn_flush_rx_queue
                0x00003282       0x4a csp_conn.o
 .text.csp_conn_enqueue_packet
                0x000032cc       0x80 csp_conn.o
                0x000032cc                csp_conn_enqueue_packet
 .text.csp_conn_init
                0x0000334c       0xce csp_conn.o
                0x0000334c                csp_conn_init
 .text.csp_conn_find
                0x0000341a       0x88 csp_conn.o
                0x0000341a                csp_conn_find
 .text.csp_conn_allocate
                0x000034a2       0xf4 csp_conn.o
                0x000034a2                csp_conn_allocate
 .text.csp_conn_new
                0x00003596       0x5e csp_conn.o
                0x00003596                csp_conn_new
 .text.csp_close
                0x000035f4       0x86 csp_conn.o
                0x000035f4                csp_close
 .text.csp_connect
                0x0000367a      0x1ac csp_conn.o
                0x0000367a                csp_connect
 .text.csp_conn_dport
                0x00003826       0x1a csp_conn.o
                0x00003826                csp_conn_dport
 .text.csp_conn_print_table
                0x00003840       0xfa csp_conn.o
                0x00003840                csp_conn_print_table
 .text.csp_crc32_memory
                0x0000393a       0x96 csp_crc32.o
                0x0000393a                csp_crc32_memory
 .text.csp_crc32_append
                0x000039d0       0x58 csp_crc32.o
                0x000039d0                csp_crc32_append
 .text.csp_crc32_verify
                0x00003a28       0xb8 csp_crc32.o
                0x00003a28                csp_crc32_verify
 .text.do_csp_debug
                0x00003ae0       0xee csp_debug.o
                0x00003ae0                do_csp_debug
 .text.csp_hton16
                0x00003bce        0x8 csp_endian.o
                0x00003bce                csp_hton16
 .text.csp_ntoh16
                0x00003bd6        0x8 csp_endian.o
                0x00003bd6                csp_ntoh16
 .text.csp_hton32
                0x00003bde       0x6a csp_endian.o
                0x00003bde                csp_hton32
 .text.csp_ntoh32
                0x00003c48       0x6a csp_endian.o
                0x00003c48                csp_ntoh32
 .text.csp_bytesize
                0x00003cb2       0x9e csp_iflist.o
 .text.csp_iflist_get_by_name
                0x00003d50       0x3e csp_iflist.o
                0x00003d50                csp_iflist_get_by_name
 .text.csp_iflist_add
                0x00003d8e       0x52 csp_iflist.o
                0x00003d8e                csp_iflist_add
 .text.csp_iflist_print
                0x00003de0      0x156 csp_iflist.o
                0x00003de0                csp_iflist_print
 .text.csp_can_pbuf_free
                0x00003f36       0x3c csp_if_can.o
 .text.csp_can_tx
                0x00003f72      0x2ee csp_if_can.o
 .text.csp_can_rx_task
                0x00004260      0x4d0 csp_if_can.o
 .text.csp_can_rx_frame
                0x00004730       0x24 csp_if_can.o
                0x00004730                csp_can_rx_frame
 .text.csp_can_init
                0x00004754      0x1a8 csp_if_can.o
                0x00004754                csp_can_init
 .text.csp_lo_tx
                0x000048fc       0x4c csp_if_lo.o
 .text.csp_get_address
                0x00004948        0x6 csp_io.o
                0x00004948                csp_get_address
 .text.csp_get_hostname
                0x0000494e        0xa csp_io.o
                0x0000494e                csp_get_hostname
 .text.csp_get_model
                0x00004958        0xa csp_io.o
                0x00004958                csp_get_model
 .text.csp_get_revision
                0x00004962        0xa csp_io.o
                0x00004962                csp_get_revision
 .text.csp_init
                0x0000496c       0x4c csp_io.o
                0x0000496c                csp_init
 .text.csp_socket
                0x000049b8       0xda csp_io.o
                0x000049b8                csp_socket
 .text.csp_accept
                0x00004a92       0x4a csp_io.o
                0x00004a92                csp_accept
 .text.csp_read
                0x00004adc       0x50 csp_io.o
                0x00004adc                csp_read
 .text.csp_send_direct
                0x00004b2c      0x21c csp_io.o
                0x00004b2c                csp_send_direct
 .text.csp_send
                0x00004d48       0x94 csp_io.o
                0x00004d48                csp_send
 .text.csp_malloc
                0x00004ddc        0x6 csp_malloc.o
                0x00004ddc                csp_malloc
 .text.csp_free
                0x00004de2        0x6 csp_malloc.o
                0x00004de2                csp_free
 .text.csp_port_get_socket
                0x00004de8       0x4e csp_port.o
                0x00004de8                csp_port_get_socket
 .text.csp_port_init
                0x00004e36       0x14 csp_port.o
                0x00004e36                csp_port_init
 .text.csp_listen
                0x00004e4a       0x38 csp_port.o
                0x00004e4a                csp_listen
 .text.csp_bind
                0x00004e82       0xc4 csp_port.o
                0x00004e82                csp_bind
 .text.csp_qfifo_init
                0x00004f46       0x2e csp_qfifo.o
                0x00004f46                csp_qfifo_init
 .text.csp_qfifo_read
                0x00004f74       0x24 csp_qfifo.o
                0x00004f74                csp_qfifo_read
 .text.csp_qfifo_write
                0x00004f98      0x168 csp_qfifo.o
                0x00004f98                csp_qfifo_write
 .text.csp_queue_create
                0x00005100        0x8 csp_queue.o
                0x00005100                csp_queue_create
 .text.csp_queue_enqueue
                0x00005108       0x48 csp_queue.o
                0x00005108                csp_queue_enqueue
 .text.csp_queue_enqueue_isr
                0x00005150        0xe csp_queue.o
                0x00005150                csp_queue_enqueue_isr
 .text.csp_queue_dequeue
                0x0000515e       0x42 csp_queue.o
                0x0000515e                csp_queue_dequeue
 .text.csp_queue_size
                0x000051a0        0x8 csp_queue.o
                0x000051a0                csp_queue_size
 .text.csp_route_security_check
                0x000051a8       0xa4 csp_route.o
 .text.csp_route_work
                0x0000524c      0x404 csp_route.o
                0x0000524c                csp_route_work
 .text.csp_task_router
                0x00005650       0x4c csp_route.o
 .text.csp_route_start_task
                0x0000569c       0x52 csp_route.o
                0x0000569c                csp_route_start_task
 .text.csp_rtable_find_iface
                0x000056ee       0x40 csp_rtable_static.o
                0x000056ee                csp_rtable_find_iface
 .text.csp_rtable_find_mac
                0x0000572e       0x42 csp_rtable_static.o
                0x0000572e                csp_rtable_find_mac
 .text.csp_rtable_set
                0x00005770       0x6c csp_rtable_static.o
                0x00005770                csp_rtable_set
 .text.csp_rtable_print
                0x000057dc       0xbc csp_rtable_static.o
                0x000057dc                csp_rtable_print
 .text.csp_mutex_create
                0x00005898       0x24 csp_semaphore.o
                0x00005898                csp_mutex_create
 .text.csp_bin_sem_create
                0x000058bc       0x30 csp_semaphore.o
                0x000058bc                csp_bin_sem_create
 .text.csp_bin_sem_wait
                0x000058ec       0x76 csp_semaphore.o
                0x000058ec                csp_bin_sem_wait
 .text.csp_bin_sem_post
                0x00005962       0x4a csp_semaphore.o
                0x00005962                csp_bin_sem_post
 .text.csp_ping
                0x000059ac      0x142 csp_services.o
                0x000059ac                csp_ping
 .text.wrap_32bit_memcpy
                0x00005aee       0x30 csp_service_handler.o
 .text.csp_service_handler
                0x00005b1e      0x4ec csp_service_handler.o
                0x00005b1e                csp_service_handler
 .text.csp_sys_tasklist
                0x0000600a        0xa csp_system.o
                0x0000600a                csp_sys_tasklist
 .text.csp_sys_tasklist_size
                0x00006014        0xe csp_system.o
                0x00006014                csp_sys_tasklist_size
 .text.csp_sys_memfree
                0x00006022       0xaa csp_system.o
                0x00006022                csp_sys_memfree
 .text.csp_sys_reboot
                0x000060cc       0x38 csp_system.o
                0x000060cc                csp_sys_reboot
 .text.csp_sys_shutdown
                0x00006104       0x28 csp_system.o
                0x00006104                csp_sys_shutdown
 .text.csp_sys_set_color
                0x0000612c       0xac csp_system.o
                0x0000612c                csp_sys_set_color
 .text.csp_thread_create
                0x000061d8       0x26 csp_thread.o
                0x000061d8                csp_thread_create
 .text.csp_get_ms
                0x000061fe       0x20 csp_time.o
                0x000061fe                csp_get_ms
 .text.csp_get_s
                0x0000621e       0x22 csp_time.o
                0x0000621e                csp_get_s
 .text.csp_udp_new_packet
                0x00006240       0x90 csp_udp.o
                0x00006240                csp_udp_new_packet
 .text.prvInsertBlockIntoFreeList
                0x000062d0       0x9a heap_4.o
 .text.vPortFree
                0x0000636a       0x62 heap_4.o
                0x0000636a                vPortFree
 .text.vApplicationMallocFailedHook
                0x000063cc       0x1e heap_4.o
                0x000063cc                vApplicationMallocFailedHook
 .text.pvPortMalloc
                0x000063ea      0x16a heap_4.o
                0x000063ea                pvPortMalloc
 .text.vListInitialise
                0x00006554       0x1c list.o
                0x00006554                vListInitialise
 .text.vListInitialiseItem
                0x00006570        0x8 list.o
                0x00006570                vListInitialiseItem
 .text.vListInsertEnd
                0x00006578       0x42 list.o
                0x00006578                vListInsertEnd
 .text.vListInsert
                0x000065ba       0x62 list.o
                0x000065ba                vListInsert
 .text.uxListRemove
                0x0000661c       0x4e list.o
                0x0000661c                uxListRemove
 .text.pxPortInitialiseStack
                0x0000666a       0xe4 port.o
                0x0000666a                pxPortInitialiseStack
 .text.xPortStartScheduler
                0x0000674e       0x7e port.o
                0x0000674e                xPortStartScheduler
 .text.vPortYield
                0x000067cc       0xc2 port.o
                0x000067cc                vPortYield
 .text.vPortYieldFromTick
                0x0000688e       0xc6 port.o
                0x0000688e                vPortYieldFromTick
 .text.__vector_17
                0x00006954        0x4 port.o
                0x00006954                __vector_17
 .text.prvIsQueueEmpty
                0x00006958       0x16 queue.o
 .text.prvCopyDataToQueue
                0x0000696e       0xbe queue.o
 .text.prvCopyDataFromQueue
                0x00006a2c       0x34 queue.o
 .text.prvUnlockQueue
                0x00006a60       0x96 queue.o
 .text.xQueueGenericReset
                0x00006af6       0x84 queue.o
                0x00006af6                xQueueGenericReset
 .text.xQueueGenericCreate
                0x00006b7a       0x5c queue.o
                0x00006b7a                xQueueGenericCreate
 .text.xQueueGenericSend
                0x00006bd6      0x124 queue.o
                0x00006bd6                xQueueGenericSend
 .text.xQueueCreateMutex
                0x00006cfa       0x30 queue.o
                0x00006cfa                xQueueCreateMutex
 .text.xQueueGenericSendFromISR
                0x00006d2a       0x70 queue.o
                0x00006d2a                xQueueGenericSendFromISR
 .text.xQueueReceive
                0x00006d9a      0x112 queue.o
                0x00006d9a                xQueueReceive
 .text.xQueueSemaphoreTake
                0x00006eac      0x178 queue.o
                0x00006eac                xQueueSemaphoreTake
 .text.xQueueReceiveFromISR
                0x00007024       0x6a queue.o
                0x00007024                xQueueReceiveFromISR
 .text.uxQueueMessagesWaiting
                0x0000708e       0x10 queue.o
                0x0000708e                uxQueueMessagesWaiting
 .text.vQueueWaitForMessageRestricted
                0x0000709e       0x36 queue.o
                0x0000709e                vQueueWaitForMessageRestricted
 .text.__vector_25
                0x000070d4       0x86 serial.o
                0x000070d4                __vector_25
 .text.__vector_26
                0x0000715a       0x8c serial.o
                0x0000715a                __vector_26
 .text.prvResetNextTaskUnblockTime
                0x000071e6       0x3e tasks.o
 .text.prvIdleTask
                0x00007224       0x68 tasks.o
 .text.prvAddCurrentTaskToDelayedList
                0x0000728c       0xa8 tasks.o
 .text.xTaskCreate
                0x00007334      0x22e tasks.o
                0x00007334                xTaskCreate
 .text.eTaskGetState
                0x00007562       0x82 tasks.o
                0x00007562                eTaskGetState
 .text.xTaskResumeFromISR
                0x000075e4       0xae tasks.o
                0x000075e4                xTaskResumeFromISR
 .text.vTaskStartScheduler
                0x00007692       0x56 tasks.o
                0x00007692                vTaskStartScheduler
 .text.vTaskSuspendAll
                0x000076e8        0xc tasks.o
                0x000076e8                vTaskSuspendAll
 .text.xTaskGetTickCount
                0x000076f4       0x14 tasks.o
                0x000076f4                xTaskGetTickCount
 .text.uxTaskGetNumberOfTasks
                0x00007708        0x6 tasks.o
                0x00007708                uxTaskGetNumberOfTasks
 .text.pcTaskGetName
                0x0000770e       0x10 tasks.o
                0x0000770e                pcTaskGetName
 .text.xTaskIncrementTick
                0x0000771e      0x144 tasks.o
                0x0000771e                xTaskIncrementTick
 .text.xTaskResumeAll
                0x00007862       0xfa tasks.o
                0x00007862                xTaskResumeAll
 .text.vTaskDelay
                0x0000795c       0x22 tasks.o
                0x0000795c                vTaskDelay
 .text.vTaskPlaceOnEventList
                0x0000797e       0x22 tasks.o
                0x0000797e                vTaskPlaceOnEventList
 .text.vTaskPlaceOnEventListRestricted
                0x000079a0       0x30 tasks.o
                0x000079a0                vTaskPlaceOnEventListRestricted
 .text.xTaskRemoveFromEventList
                0x000079d0       0x90 tasks.o
                0x000079d0                xTaskRemoveFromEventList
 .text.vTaskInternalSetTimeOutState
                0x00007a60       0x16 tasks.o
                0x00007a60                vTaskInternalSetTimeOutState
 .text.xTaskCheckForTimeOut
                0x00007a76       0x6a tasks.o
                0x00007a76                xTaskCheckForTimeOut
 .text.vTaskMissedYield
                0x00007ae0        0x8 tasks.o
                0x00007ae0                vTaskMissedYield
 .text.vTaskGetInfo
                0x00007ae8       0xd0 tasks.o
                0x00007ae8                vTaskGetInfo
 .text.prvListTasksWithinSingleList
                0x00007bb8       0xb0 tasks.o
 .text.uxTaskGetSystemState
                0x00007c68       0xda tasks.o
                0x00007c68                uxTaskGetSystemState
 .text.uxTaskGetStackHighWaterMark2
                0x00007d42       0x3a tasks.o
                0x00007d42                uxTaskGetStackHighWaterMark2
 .text.xTaskGetSchedulerState
                0x00007d7c       0x1c tasks.o
                0x00007d7c                xTaskGetSchedulerState
 .text.xTaskPriorityInherit
                0x00007d98       0xe4 tasks.o
                0x00007d98                xTaskPriorityInherit
 .text.xTaskPriorityDisinherit
                0x00007e7c       0x80 tasks.o
                0x00007e7c                xTaskPriorityDisinherit
 .text.vTaskPriorityDisinheritAfterTimeout
                0x00007efc       0xa0 tasks.o
                0x00007efc                vTaskPriorityDisinheritAfterTimeout
 .text.vTaskList
                0x00007f9c      0x170 tasks.o
                0x00007f9c                vTaskList
 .text.pvTaskIncrementMutexHeldCount
                0x0000810c       0x24 tasks.o
                0x0000810c                pvTaskIncrementMutexHeldCount
 .text.vApplicationStackOverflowHook
                0x00008130       0x20 tasks.o
                0x00008130                vApplicationStackOverflowHook
 .text.vTaskSwitchContext
                0x00008150      0x138 tasks.o
                0x00008150                vTaskSwitchContext
 .text.vTaskSuspend
                0x00008288       0xa2 tasks.o
                0x00008288                vTaskSuspend
 .text.prvInsertTimerInActiveList
                0x0000832a       0x5e timers.o
 .text.prvCheckForValidListAndQueue
                0x00008388       0x52 timers.o
 .text.xTimerCreateTimerTask
                0x000083da       0x42 timers.o
                0x000083da                xTimerCreateTimerTask
 .text.xTimerGenericCommand
                0x0000841c       0x8e timers.o
                0x0000841c                xTimerGenericCommand
 .text.prvSampleTimeNow
                0x000084aa       0xdc timers.o
 .text.prvTimerTask
                0x00008586      0x1f8 timers.o
 .text.avr-libc.fplib
                0x0000877e       0x7a c:/program files (x86)/atmel/studio/7.0/toolchain/avr8/avr8-gnu-toolchain/bin/../lib/gcc/avr/5.4.0/../../../../avr/lib/avr6\libm.a(floatsisf.o)
                0x0000877e                __floatunsisf
                0x00008782                __floatsisf
 .text.avr-libc.fplib
                0x000087f8        0x4 c:/program files (x86)/atmel/studio/7.0/toolchain/avr8/avr8-gnu-toolchain/bin/../lib/gcc/avr/5.4.0/../../../../avr/lib/avr6\libm.a(mulsf3.o)
                0x000087f8                __mulsf3
 .text.avr-libc.fplib
                0x000087fc       0xc2 c:/program files (x86)/atmel/studio/7.0/toolchain/avr8/avr8-gnu-toolchain/bin/../lib/gcc/avr/5.4.0/../../../../avr/lib/avr6\libm.a(mulsf3x.o)
                0x00008810                __mulsf3x
                0x00008814                __mulsf3_pse
 .text.avr-libc.fplib
                0x000088be        0xc c:/program files (x86)/atmel/studio/7.0/toolchain/avr8/avr8-gnu-toolchain/bin/../lib/gcc/avr/5.4.0/../../../../avr/lib/avr6\libm.a(fp_inf.o)
                0x000088be                __fp_inf
 .text.avr-libc.fplib
                0x000088ca        0x6 c:/program files (x86)/atmel/studio/7.0/toolchain/avr8/avr8-gnu-toolchain/bin/../lib/gcc/avr/5.4.0/../../../../avr/lib/avr6\libm.a(fp_nan.o)
                0x000088ca                __fp_nan
 .text.avr-libc.fplib
                0x000088d0        0xe c:/program files (x86)/atmel/studio/7.0/toolchain/avr8/avr8-gnu-toolchain/bin/../lib/gcc/avr/5.4.0/../../../../avr/lib/avr6\libm.a(fp_pscA.o)
                0x000088d0                __fp_pscA
 .text.avr-libc.fplib
                0x000088de        0xe c:/program files (x86)/atmel/studio/7.0/toolchain/avr8/avr8-gnu-toolchain/bin/../lib/gcc/avr/5.4.0/../../../../avr/lib/avr6\libm.a(fp_pscB.o)
                0x000088de                __fp_pscB
 .text.avr-libc.fplib
                0x000088ec       0x22 c:/program files (x86)/atmel/studio/7.0/toolchain/avr8/avr8-gnu-toolchain/bin/../lib/gcc/avr/5.4.0/../../../../avr/lib/avr6\libm.a(fp_round.o)
                0x000088ec                __fp_round
 .text.avr-libc.fplib
                0x0000890e       0x44 c:/program files (x86)/atmel/studio/7.0/toolchain/avr8/avr8-gnu-toolchain/bin/../lib/gcc/avr/5.4.0/../../../../avr/lib/avr6\libm.a(fp_split3.o)
                0x0000890e                __fp_split3
                0x0000891e                __fp_splitA
 .text.avr-libc.fplib
                0x00008952        0xe c:/program files (x86)/atmel/studio/7.0/toolchain/avr8/avr8-gnu-toolchain/bin/../lib/gcc/avr/5.4.0/../../../../avr/lib/avr6\libm.a(fp_zero.o)
                0x00008952                __fp_zero
                0x00008954                __fp_szero
 .text.libgcc.div
                0x00008960       0x26 c:/program files (x86)/atmel/studio/7.0/toolchain/avr8/avr8-gnu-toolchain/bin/../lib/gcc/avr/5.4.0/avr6\libgcc.a(_divmodhi4.o)
                0x00008960                _div
                0x00008960                __divmodhi4
 .text.libgcc.div
                0x00008986       0x44 c:/program files (x86)/atmel/studio/7.0/toolchain/avr8/avr8-gnu-toolchain/bin/../lib/gcc/avr/5.4.0/avr6\libgcc.a(_udivmodsi4.o)
                0x00008986                __udivmodsi4
 .text.libgcc.div
                0x000089ca       0x28 c:/program files (x86)/atmel/studio/7.0/toolchain/avr8/avr8-gnu-toolchain/bin/../lib/gcc/avr/5.4.0/avr6\libgcc.a(_divmodsi4.o)
                0x000089ca                __divmodsi4
 .text.libgcc.div
                0x000089f2       0x10 c:/program files (x86)/atmel/studio/7.0/toolchain/avr8/avr8-gnu-toolchain/bin/../lib/gcc/avr/5.4.0/avr6\libgcc.a(_negsi2.o)
                0x000089f2                __negsi2
 .text.libgcc   0x00008a02       0x10 c:/program files (x86)/atmel/studio/7.0/toolchain/avr8/avr8-gnu-toolchain/bin/../lib/gcc/avr/5.4.0/avr6\libgcc.a(_tablejump2.o)
                0x00008a02                __tablejump2__
 .text.libgcc.mul
                0x00008a12       0x1e c:/program files (x86)/atmel/studio/7.0/toolchain/avr8/avr8-gnu-toolchain/bin/../lib/gcc/avr/5.4.0/avr6\libgcc.a(_umulhisi3.o)
                0x00008a12                __umulhisi3
 .text.libgcc.div
                0x00008a30       0x28 c:/program files (x86)/atmel/studio/7.0/toolchain/avr8/avr8-gnu-toolchain/bin/../lib/gcc/avr/5.4.0/avr6\libgcc.a(_udivmodhi4.o)
                0x00008a30                __udivmodhi4
 .text.avr-libc
                0x00008a58       0xaa c:/program files (x86)/atmel/studio/7.0/toolchain/avr8/avr8-gnu-toolchain/bin/../lib/gcc/avr/5.4.0/../../../../avr/lib/avr6\libc.a(rand.o)
                0x00008ae4                rand_r
                0x00008ae6                rand
                0x00008aec                srand
 .text.avr-libc
                0x00008b02       0x1a c:/program files (x86)/atmel/studio/7.0/toolchain/avr8/avr8-gnu-toolchain/bin/../lib/gcc/avr/5.4.0/../../../../avr/lib/avr6\libc.a(memcmp.o)
                0x00008b02                memcmp
 .text.avr-libc
                0x00008b1c       0x12 c:/program files (x86)/atmel/studio/7.0/toolchain/avr8/avr8-gnu-toolchain/bin/../lib/gcc/avr/5.4.0/../../../../avr/lib/avr6\libc.a(memcpy.o)
                0x00008b1c                memcpy
 .text.avr-libc
                0x00008b2e        0xe c:/program files (x86)/atmel/studio/7.0/toolchain/avr8/avr8-gnu-toolchain/bin/../lib/gcc/avr/5.4.0/../../../../avr/lib/avr6\libc.a(memset.o)
                0x00008b2e                memset
 .text.avr-libc
                0x00008b3c        0xe c:/program files (x86)/atmel/studio/7.0/toolchain/avr8/avr8-gnu-toolchain/bin/../lib/gcc/avr/5.4.0/../../../../avr/lib/avr6\libc.a(strcpy.o)
                0x00008b3c                strcpy
 .text.avr-libc
                0x00008b4a       0x1c c:/program files (x86)/atmel/studio/7.0/toolchain/avr8/avr8-gnu-toolchain/bin/../lib/gcc/avr/5.4.0/../../../../avr/lib/avr6\libc.a(strncmp.o)
                0x00008b4a                strncmp
 .text.avr-libc
                0x00008b66       0x1e c:/program files (x86)/atmel/studio/7.0/toolchain/avr8/avr8-gnu-toolchain/bin/../lib/gcc/avr/5.4.0/../../../../avr/lib/avr6\libc.a(strncpy.o)
                0x00008b66                strncpy
 .text.avr-libc
                0x00008b84       0x16 c:/program files (x86)/atmel/studio/7.0/toolchain/avr8/avr8-gnu-toolchain/bin/../lib/gcc/avr/5.4.0/../../../../avr/lib/avr6\libc.a(strnlen.o)
                0x00008b84                strnlen
 .text.avr-libc
                0x00008b9a       0x94 c:/program files (x86)/atmel/studio/7.0/toolchain/avr8/avr8-gnu-toolchain/bin/../lib/gcc/avr/5.4.0/../../../../avr/lib/avr6\libc.a(fdevopen.o)
                0x00008b9a                fdevopen
 .text.avr-libc
                0x00008c2e       0x26 c:/program files (x86)/atmel/studio/7.0/toolchain/avr8/avr8-gnu-toolchain/bin/../lib/gcc/avr/5.4.0/../../../../avr/lib/avr6\libc.a(printf.o)
                0x00008c2e                printf
 .text.avr-libc
                0x00008c54       0x4e c:/program files (x86)/atmel/studio/7.0/toolchain/avr8/avr8-gnu-toolchain/bin/../lib/gcc/avr/5.4.0/../../../../avr/lib/avr6\libc.a(printf_p.o)
                0x00008c54                printf_P
 .text.avr-libc
                0x00008ca2       0x60 c:/program files (x86)/atmel/studio/7.0/toolchain/avr8/avr8-gnu-toolchain/bin/../lib/gcc/avr/5.4.0/../../../../avr/lib/avr6\libc.a(puts.o)
                0x00008ca2                puts
 .text.avr-libc
                0x00008d02       0x78 c:/program files (x86)/atmel/studio/7.0/toolchain/avr8/avr8-gnu-toolchain/bin/../lib/gcc/avr/5.4.0/../../../../avr/lib/avr6\libc.a(snprintf_p.o)
                0x00008d02                snprintf_P
 .text.avr-libc
                0x00008d7a       0x5c c:/program files (x86)/atmel/studio/7.0/toolchain/avr8/avr8-gnu-toolchain/bin/../lib/gcc/avr/5.4.0/../../../../avr/lib/avr6\libc.a(sprintf.o)
                0x00008d7a                sprintf
 .text.avr-libc
                0x00008dd6       0x1c c:/program files (x86)/atmel/studio/7.0/toolchain/avr8/avr8-gnu-toolchain/bin/../lib/gcc/avr/5.4.0/../../../../avr/lib/avr6\libc.a(vfprintf_p.o)
                0x00008dd6                vfprintf_P
 .text.avr-libc
                0x00008df2      0x3fa c:/program files (x86)/atmel/studio/7.0/toolchain/avr8/avr8-gnu-toolchain/bin/../lib/gcc/avr/5.4.0/../../../../avr/lib/avr6\libc.a(vfprintf_std.o)
                0x00008df2                vfprintf
 .text.avr-libc
                0x000091ec       0x34 c:/program files (x86)/atmel/studio/7.0/toolchain/avr8/avr8-gnu-toolchain/bin/../lib/gcc/avr/5.4.0/../../../../avr/lib/avr6\libc.a(calloc.o)
                0x000091ec                calloc
 .text.avr-libc
                0x00009220      0x242 c:/program files (x86)/atmel/studio/7.0/toolchain/avr8/avr8-gnu-toolchain/bin/../lib/gcc/avr/5.4.0/../../../../avr/lib/avr6\libc.a(malloc.o)
                0x00009220                malloc
                0x00009350                free
 .text.avr-libc
                0x00009462       0x16 c:/program files (x86)/atmel/studio/7.0/toolchain/avr8/avr8-gnu-toolchain/bin/../lib/gcc/avr/5.4.0/../../../../avr/lib/avr6\libc.a(strnlen_P.o)
                0x00009462                strnlen_P
 .text.avr-libc
                0x00009478       0x78 c:/program files (x86)/atmel/studio/7.0/toolchain/avr8/avr8-gnu-toolchain/bin/../lib/gcc/avr/5.4.0/../../../../avr/lib/avr6\libc.a(fputc.o)
                0x00009478                fputc
 .text.avr-libc
                0x000094f0       0xbc c:/program files (x86)/atmel/studio/7.0/toolchain/avr8/avr8-gnu-toolchain/bin/../lib/gcc/avr/5.4.0/../../../../avr/lib/avr6\libc.a(ultoa_invert.o)
                0x000094f0                __ultoa_invert
 .text.libgcc.mul
                0x000095ac       0x14 c:/program files (x86)/atmel/studio/7.0/toolchain/avr8/avr8-gnu-toolchain/bin/../lib/gcc/avr/5.4.0/avr6\libgcc.a(_muluhisi3.o)
                0x000095ac                __muluhisi3
 .text.libgcc.mul
                0x000095c0        0xc c:/program files (x86)/atmel/studio/7.0/toolchain/avr8/avr8-gnu-toolchain/bin/../lib/gcc/avr/5.4.0/avr6\libgcc.a(_mulshisi3.o)
                0x000095c0                __mulshisi3
                0x000095c4                __mulohisi3
                0x000095cc                . = ALIGN (0x2)
 *(.fini9)
 .fini9         0x000095cc        0x0 c:/program files (x86)/atmel/studio/7.0/toolchain/avr8/avr8-gnu-toolchain/bin/../lib/gcc/avr/5.4.0/avr6\libgcc.a(_exit.o)
                0x000095cc                _exit
                0x000095cc                exit
 *(.fini9)
 *(.fini8)
 *(.fini8)
 *(.fini7)
 *(.fini7)
 *(.fini6)
 *(.fini6)
 *(.fini5)
 *(.fini5)
 *(.fini4)
 *(.fini4)
 *(.fini3)
 *(.fini3)
 *(.fini2)
 *(.fini2)
 *(.fini1)
 *(.fini1)
 *(.fini0)
 .fini0         0x000095cc        0x4 c:/program files (x86)/atmel/studio/7.0/toolchain/avr8/avr8-gnu-toolchain/bin/../lib/gcc/avr/5.4.0/avr6\libgcc.a(_exit.o)
 *(.fini0)
                0x000095d0                _etext = .

.data           0x00800200      0x11e load address 0x000095d0
                0x00800200                PROVIDE (__data_start, .)
 *(.data)
 .data          0x00800200        0x4 c:/program files (x86)/atmel/studio/7.0/toolchain/avr8/avr8-gnu-toolchain/bin/../lib/gcc/avr/5.4.0/../../../../avr/lib/avr6\libc.a(rand.o)
 .data          0x00800204        0x6 c:/program files (x86)/atmel/studio/7.0/toolchain/avr8/avr8-gnu-toolchain/bin/../lib/gcc/avr/5.4.0/../../../../avr/lib/avr6\libc.a(malloc.o)
                0x00800204                __malloc_heap_end
                0x00800206                __malloc_heap_start
                0x00800208                __malloc_margin
 *(.data*)
 .data.csp_debug_level_enabled
                0x0080020a        0x8 csp_debug.o
 .data.csp_if_can
                0x00800212       0x33 csp_if_can.o
                0x00800212                csp_if_can
 .data.csp_if_lo
                0x00800245       0x33 csp_if_lo.o
                0x00800245                csp_if_lo
 .data.csp_revision
                0x00800278        0x2 csp_io.o
 .data.csp_cmp_memcpy_fnc
                0x0080027a        0x2 csp_service_handler.o
 .data.can_conf
                0x0080027c        0xa main.o
                0x0080027c                can_conf
 *(.gnu.linkonce.d*)
 *(.rodata)
 *(.rodata*)
 .rodata.str1.1
                0x00800286        0x4 can.o
 .rodata.str1.1
                0x0080028a        0x4 csp_if_can.o
 .rodata.str1.1
                0x0080028a        0x5 csp_if_lo.o
 .rodata.str1.1
                0x0080028f        0x5 csp_io.o
                                  0x1 (size before relaxing)
 .rodata.str1.1
                0x0080028f        0x4 csp_route.o
 .rodata.str1.1
                0x00800293       0x27 csp_service_handler.o
 .rodata.str1.1
                0x008002ba        0x7 fin_server.o
 .rodata.str1.1
                0x008002c1       0x13 heap_4.o
 .rodata.str1.1
                0x008002d4       0x16 main.o
 .rodata._ZN7MCP25153RXBE
                0x008002ea        0x8 mcp2515.o
                0x008002ea                _ZN7MCP25153RXBE
 .rodata._ZN7MCP25153TXBE
                0x008002f2        0x9 mcp2515.o
                0x008002f2                _ZN7MCP25153TXBE
 .rodata.str1.1
                0x008002fb       0x1a tasks.o
                                 0x26 (size before relaxing)
 .rodata.str1.1
                0x00800315        0x8 timers.o
 *(.gnu.linkonce.r*)
                0x0080031e                . = ALIGN (0x2)
 *fill*         0x0080031d        0x1 
                0x0080031e                _edata = .
                0x0080031e                PROVIDE (__data_end, .)

.bss            0x0080031e     0x1d61
                0x0080031e                PROVIDE (__bss_start, .)
 *(.bss)
 *(.bss*)
 .bss._ZZ9CanRxFuncE6frameo
                0x0080031e       0x5b can.o
 *fill*         0x00800379        0x7 
 .bss._ZZ9CanRxFuncE5frame
                0x00800380       0x70 can.o
 .bss.mcp2515   0x008003f0        0x1 can.o
                0x008003f0                mcp2515
 .bss.size      0x008003f1        0x2 csp_buffer.o
 .bss.count     0x008003f3        0x2 csp_buffer.o
 .bss.csp_buffer_pool
                0x008003f5        0x2 csp_buffer.o
 .bss.csp_buffers
                0x008003f7        0x2 csp_buffer.o
 .bss.csp_conn_last_given.3263
                0x008003f9        0x1 csp_conn.o
 .bss.sport_lock
                0x008003fa        0x2 csp_conn.o
 .bss.sport     0x008003fc        0x1 csp_conn.o
 .bss.conn_lock
                0x008003fd        0x2 csp_conn.o
 .bss.arr_conn  0x008003ff       0xf0 csp_conn.o
 .bss.csp_debug_hook_func
                0x008004ef        0x2 csp_debug.o
                0x008004ef                csp_debug_hook_func
 .bss.interfaces
                0x008004f1        0x2 csp_iflist.o
 .bss.csp_can_pbuf
                0x008004f3       0xaa csp_if_can.o
 .bss.csp_can_rx_queue
                0x0080059d        0x2 csp_if_can.o
 .bss.csp_can_rx_task_h
                0x0080059f        0x2 csp_if_can.o
 .bss.csp_can_id_sem
                0x008005a1        0x2 csp_if_can.o
 .bss.csp_can_id
                0x008005a3        0x2 csp_if_can.o
 .bss.csp_model
                0x008005a5        0x2 csp_io.o
 .bss.csp_hostname
                0x008005a7        0x2 csp_io.o
 .bss.csp_my_address
                0x008005a9        0x1 csp_io.o
 .bss.ports     0x008005aa       0x63 csp_port.o
 .bss.qfifo     0x0080060d        0x2 csp_qfifo.o
 .bss.handle_router.3131
                0x0080060f        0x2 csp_route.o
 .bss.routes    0x00800611       0x63 csp_rtable_static.o
 .bss.leden     0x00800674        0x2 FinCont.o
                0x00800674                leden
 .bss.handle_server
                0x00800676        0x2 fin_server.o
                0x00800676                handle_server
 .bss.xBlockAllocatedBit
                0x00800678        0x2 heap_4.o
 .bss.xMinimumEverFreeBytesRemaining
                0x0080067a        0x2 heap_4.o
 .bss.xFreeBytesRemaining
                0x0080067c        0x2 heap_4.o
 .bss.pxEnd     0x0080067e        0x2 heap_4.o
 .bss.xStart    0x00800680        0x4 heap_4.o
 .bss.ucHeap    0x00800684     0x1964 heap_4.o
 .bss.handle_canrx
                0x00801fe8        0x2 main.o
                0x00801fe8                handle_canrx
 .bss._ZZN11SPISettings17init_AlwaysInlineEmhhE8clockDiv
                0x00801fea        0x1 mcp2515.o
                0x00801fea                _ZZN11SPISettings17init_AlwaysInlineEmhhE8clockDiv
 .bss.xCharsForTx
                0x00801feb        0x2 serial.o
 .bss.xRxedChars
                0x00801fed        0x2 serial.o
 .bss._ZN8SPIClass13interruptSaveE
                0x00801fef        0x1 SPI.o
                0x00801fef                _ZN8SPIClass13interruptSaveE
 .bss._ZN8SPIClass13interruptMaskE
                0x00801ff0        0x1 SPI.o
                0x00801ff0                _ZN8SPIClass13interruptMaskE
 .bss._ZN8SPIClass13interruptModeE
                0x00801ff1        0x1 SPI.o
                0x00801ff1                _ZN8SPIClass13interruptModeE
 .bss._ZN8SPIClass11initializedE
                0x00801ff2        0x1 SPI.o
                0x00801ff2                _ZN8SPIClass11initializedE
 .bss.uxSchedulerSuspended
                0x00801ff3        0x1 tasks.o
 .bss.xIdleTaskHandle
                0x00801ff4        0x2 tasks.o
 .bss.xNextTaskUnblockTime
                0x00801ff6        0x2 tasks.o
 .bss.uxTaskNumber
                0x00801ff8        0x1 tasks.o
 .bss.xNumOfOverflows
                0x00801ff9        0x1 tasks.o
 .bss.xYieldPending
                0x00801ffa        0x1 tasks.o
 .bss.uxPendedTicks
                0x00801ffb        0x1 tasks.o
 .bss.xSchedulerRunning
                0x00801ffc        0x1 tasks.o
 .bss.uxTopReadyPriority
                0x00801ffd        0x1 tasks.o
 .bss.xTickCount
                0x00801ffe        0x2 tasks.o
 .bss.uxCurrentNumberOfTasks
                0x00802000        0x1 tasks.o
 .bss.xSuspendedTaskList
                0x00802001        0x9 tasks.o
 .bss.uxDeletedTasksWaitingCleanUp
                0x0080200a        0x1 tasks.o
 .bss.xTasksWaitingTermination
                0x0080200b        0x9 tasks.o
 .bss.xPendingReadyList
                0x00802014        0x9 tasks.o
 .bss.pxOverflowDelayedTaskList
                0x0080201d        0x2 tasks.o
 .bss.pxDelayedTaskList
                0x0080201f        0x2 tasks.o
 .bss.xDelayedTaskList2
                0x00802021        0x9 tasks.o
 .bss.xDelayedTaskList1
                0x0080202a        0x9 tasks.o
 .bss.pxReadyTasksLists
                0x00802033       0x24 tasks.o
 .bss.pxCurrentTCB
                0x00802057        0x2 tasks.o
                0x00802057                pxCurrentTCB
 .bss.xLastTime.2399
                0x00802059        0x2 timers.o
 .bss.xTimerTaskHandle
                0x0080205b        0x2 timers.o
 .bss.xTimerQueue
                0x0080205d        0x2 timers.o
 .bss.pxOverflowTimerList
                0x0080205f        0x2 timers.o
 .bss.pxCurrentTimerList
                0x00802061        0x2 timers.o
 .bss.xActiveTimerList2
                0x00802063        0x9 timers.o
 .bss.xActiveTimerList1
                0x0080206c        0x9 timers.o
 *(COMMON)
 COMMON         0x00802075        0x6 c:/program files (x86)/atmel/studio/7.0/toolchain/avr8/avr8-gnu-toolchain/bin/../lib/gcc/avr/5.4.0/../../../../avr/lib/avr6\libc.a(iob.o)
                0x00802075                __iob
 COMMON         0x0080207b        0x4 c:/program files (x86)/atmel/studio/7.0/toolchain/avr8/avr8-gnu-toolchain/bin/../lib/gcc/avr/5.4.0/../../../../avr/lib/avr6\libc.a(malloc.o)
                0x0080207b                __brkval
                0x0080207d                __flp
                0x0080207f                PROVIDE (__bss_end, .)
                0x000095d0                __data_load_start = LOADADDR (.data)
                0x000096ee                __data_load_end = (__data_load_start + SIZEOF (.data))

.noinit         0x0080207f        0x0
                [!provide]                PROVIDE (__noinit_start, .)
 *(.noinit*)
                [!provide]                PROVIDE (__noinit_end, .)
                0x0080207f                _end = .
                0x0080207f                PROVIDE (__heap_start, .)

.eeprom         0x00810000        0x0
 *(.eeprom*)
                0x00810000                __eeprom_end = .

.fuse           0x00820000        0x3
 *(.fuse)
 .fuse          0x00820000        0x3 main.o
                0x00820000                __fuse
 *(.lfuse)
 *(.hfuse)
 *(.efuse)

.lock
 *(.lock*)

.signature
 *(.signature*)

.user_signatures
 *(.user_signatures*)

.stab
 *(.stab)

.stabstr
 *(.stabstr)

.stab.excl
 *(.stab.excl)

.stab.exclstr
 *(.stab.exclstr)

.stab.index
 *(.stab.index)

.stab.indexstr
 *(.stab.indexstr)

.comment        0x00000000       0x5c
 *(.comment)
 .comment       0x00000000       0x30 avr_usart_init.o
                                 0x31 (size before relaxing)
 .comment       0x00000030       0x31 can.o
 .comment       0x00000030       0x31 csp_buffer.o
 .comment       0x00000030       0x31 csp_conn.o
 .comment       0x00000030       0x31 csp_crc32.o
 .comment       0x00000030       0x31 csp_debug.o
 .comment       0x00000030       0x31 csp_endian.o
 .comment       0x00000030       0x31 csp_iflist.o
 .comment       0x00000030       0x31 csp_if_can.o
 .comment       0x00000030       0x31 csp_if_lo.o
 .comment       0x00000030       0x31 csp_io.o
 .comment       0x00000030       0x31 csp_malloc.o
 .comment       0x00000030       0x31 csp_port.o
 .comment       0x00000030       0x31 csp_qfifo.o
 .comment       0x00000030       0x31 csp_queue.o
 .comment       0x00000030       0x31 csp_route.o
 .comment       0x00000030       0x31 csp_rtable_static.o
 .comment       0x00000030       0x31 csp_semaphore.o
 .comment       0x00000030       0x31 csp_services.o
 .comment       0x00000030       0x31 csp_service_handler.o
 .comment       0x00000030       0x31 csp_system.o
 .comment       0x00000030       0x31 csp_thread.o
 .comment       0x00000030       0x31 csp_time.o
 .comment       0x00000030       0x31 csp_udp.o
 .comment       0x00000030       0x31 FinCont.o
 .comment       0x00000030       0x31 fin_server.o
 .comment       0x00000030       0x31 heap_4.o
 .comment       0x00000030       0x31 list.o
 .comment       0x00000030       0x31 main.o
 .comment       0x00000030       0x31 mcp2515.o
 .comment       0x00000030       0x31 port.o
 .comment       0x00000030       0x31 queue.o
 .comment       0x00000030       0x31 serial.o
 .comment       0x00000030       0x31 SPI.o
 .comment       0x00000030       0x31 tasks.o
 .comment       0x00000030       0x31 timers.o
 .comment       0x00000030       0x31 c:/program files (x86)/atmel/studio/7.0/toolchain/avr8/avr8-gnu-toolchain/bin/../lib/gcc/avr/5.4.0/../../../../avr/lib/avr6\libc.a(rand.o)
 .comment       0x00000030       0x31 c:/program files (x86)/atmel/studio/7.0/toolchain/avr8/avr8-gnu-toolchain/bin/../lib/gcc/avr/5.4.0/../../../../avr/lib/avr6\libc.a(fdevopen.o)
 .comment       0x00000030       0x31 c:/program files (x86)/atmel/studio/7.0/toolchain/avr8/avr8-gnu-toolchain/bin/../lib/gcc/avr/5.4.0/../../../../avr/lib/avr6\libc.a(iob.o)
 .comment       0x00000030       0x31 c:/program files (x86)/atmel/studio/7.0/toolchain/avr8/avr8-gnu-toolchain/bin/../lib/gcc/avr/5.4.0/../../../../avr/lib/avr6\libc.a(printf.o)
 .comment       0x00000030       0x31 c:/program files (x86)/atmel/studio/7.0/toolchain/avr8/avr8-gnu-toolchain/bin/../lib/gcc/avr/5.4.0/../../../../avr/lib/avr6\libc.a(printf_p.o)
 .comment       0x00000030       0x31 c:/program files (x86)/atmel/studio/7.0/toolchain/avr8/avr8-gnu-toolchain/bin/../lib/gcc/avr/5.4.0/../../../../avr/lib/avr6\libc.a(puts.o)
 .comment       0x00000030       0x31 c:/program files (x86)/atmel/studio/7.0/toolchain/avr8/avr8-gnu-toolchain/bin/../lib/gcc/avr/5.4.0/../../../../avr/lib/avr6\libc.a(snprintf_p.o)
 .comment       0x00000030       0x31 c:/program files (x86)/atmel/studio/7.0/toolchain/avr8/avr8-gnu-toolchain/bin/../lib/gcc/avr/5.4.0/../../../../avr/lib/avr6\libc.a(sprintf.o)
 .comment       0x00000030       0x31 c:/program files (x86)/atmel/studio/7.0/toolchain/avr8/avr8-gnu-toolchain/bin/../lib/gcc/avr/5.4.0/../../../../avr/lib/avr6\libc.a(vfprintf_p.o)
 .comment       0x00000030       0x2c c:/program files (x86)/atmel/studio/7.0/toolchain/avr8/avr8-gnu-toolchain/bin/../lib/gcc/avr/5.4.0/../../../../avr/lib/avr6\libc.a(vfprintf_std.o)
                                 0x2d (size before relaxing)
 .comment       0x0000005c       0x31 c:/program files (x86)/atmel/studio/7.0/toolchain/avr8/avr8-gnu-toolchain/bin/../lib/gcc/avr/5.4.0/../../../../avr/lib/avr6\libc.a(calloc.o)
 .comment       0x0000005c       0x31 c:/program files (x86)/atmel/studio/7.0/toolchain/avr8/avr8-gnu-toolchain/bin/../lib/gcc/avr/5.4.0/../../../../avr/lib/avr6\libc.a(malloc.o)
 .comment       0x0000005c       0x31 c:/program files (x86)/atmel/studio/7.0/toolchain/avr8/avr8-gnu-toolchain/bin/../lib/gcc/avr/5.4.0/../../../../avr/lib/avr6\libc.a(fputc.o)

.note.gnu.avr.deviceinfo
                0x00000000       0x40
 .note.gnu.avr.deviceinfo
                0x00000000       0x40 c:/program files (x86)/atmel/studio/7.0/toolchain/avr8/avr8-gnu-toolchain/bin/../lib/gcc/avr/5.4.0/../../../../avr/lib/avr6/crtatmega2560.o

.note.gnu.build-id
 *(.note.gnu.build-id)

.debug
 *(.debug)

.line
 *(.line)

.debug_srcinfo
 *(.debug_srcinfo)

.debug_sfnames
 *(.debug_sfnames)

.debug_aranges  0x00000000      0xc48
 *(.debug_aranges)
 .debug_aranges
                0x00000000       0x60 avr_usart_init.o
 .debug_aranges
                0x00000060       0x20 can.o
 .debug_aranges
                0x00000080       0x58 csp_buffer.o
 .debug_aranges
                0x000000d8       0xb0 csp_conn.o
 .debug_aranges
                0x00000188       0x30 csp_crc32.o
 .debug_aranges
                0x000001b8       0x40 csp_debug.o
 .debug_aranges
                0x000001f8       0xc8 csp_endian.o
 .debug_aranges
                0x000002c0       0x38 csp_iflist.o
 .debug_aranges
                0x000002f8       0x40 csp_if_can.o
 .debug_aranges
                0x00000338       0x20 csp_if_lo.o
 .debug_aranges
                0x00000358       0xb8 csp_io.o
 .debug_aranges
                0x00000410       0x28 csp_malloc.o
 .debug_aranges
                0x00000438       0x38 csp_port.o
 .debug_aranges
                0x00000470       0x30 csp_qfifo.o
 .debug_aranges
                0x000004a0       0x58 csp_queue.o
 .debug_aranges
                0x000004f8       0x38 csp_route.o
 .debug_aranges
                0x00000530       0x50 csp_rtable_static.o
 .debug_aranges
                0x00000580       0x60 csp_semaphore.o
 .debug_aranges
                0x000005e0       0x60 csp_services.o
 .debug_aranges
                0x00000640       0x30 csp_service_handler.o
 .debug_aranges
                0x00000670       0x48 csp_system.o
 .debug_aranges
                0x000006b8       0x20 csp_thread.o
 .debug_aranges
                0x000006d8       0x38 csp_time.o
 .debug_aranges
                0x00000710       0x20 csp_udp.o
 .debug_aranges
                0x00000730       0x20 FinCont.o
 .debug_aranges
                0x00000750       0x20 fin_server.o
 .debug_aranges
                0x00000770       0x50 heap_4.o
 .debug_aranges
                0x000007c0       0x40 list.o
 .debug_aranges
                0x00000800       0x20 main.o
 .debug_aranges
                0x00000820       0x20 mcp2515.o
 .debug_aranges
                0x00000840       0x48 port.o
 .debug_aranges
                0x00000888       0xe0 queue.o
 .debug_aranges
                0x00000968       0x48 serial.o
 .debug_aranges
                0x000009b0       0x20 SPI.o
 .debug_aranges
                0x000009d0      0x1d8 tasks.o
 .debug_aranges
                0x00000ba8       0xa0 timers.o

.debug_pubnames
 *(.debug_pubnames)

.debug_info     0x00000000    0x1646a
 *(.debug_info .gnu.linkonce.wi.*)
 .debug_info    0x00000000      0xbbc c:/program files (x86)/atmel/studio/7.0/toolchain/avr8/avr8-gnu-toolchain/bin/../lib/gcc/avr/5.4.0/../../../../avr/lib/avr6/crtatmega2560.o
 .debug_info    0x00000bbc      0x3cc avr_usart_init.o
 .debug_info    0x00000f88     0x17be can.o
 .debug_info    0x00002746      0x746 csp_buffer.o
 .debug_info    0x00002e8c      0xd11 csp_conn.o
 .debug_info    0x00003b9d      0x3dd csp_crc32.o
 .debug_info    0x00003f7a      0x4b6 csp_debug.o
 .debug_info    0x00004430      0x625 csp_endian.o
 .debug_info    0x00004a55      0x50b csp_iflist.o
 .debug_info    0x00004f60     0x118c csp_if_can.o
 .debug_info    0x000060ec      0x3e3 csp_if_lo.o
 .debug_info    0x000064cf      0xeed csp_io.o
 .debug_info    0x000073bc      0x114 csp_malloc.o
 .debug_info    0x000074d0      0x44a csp_port.o
 .debug_info    0x0000791a      0x5f7 csp_qfifo.o
 .debug_info    0x00007f11      0x41f csp_queue.o
 .debug_info    0x00008330      0x9fa csp_route.o
 .debug_info    0x00008d2a      0x59e csp_rtable_static.o
 .debug_info    0x000092c8      0x478 csp_semaphore.o
 .debug_info    0x00009740      0xe89 csp_services.o
 .debug_info    0x0000a5c9      0xf23 csp_service_handler.o
 .debug_info    0x0000b4ec      0x383 csp_system.o
 .debug_info    0x0000b86f      0x1af csp_thread.o
 .debug_info    0x0000ba1e      0x14d csp_time.o
 .debug_info    0x0000bb6b      0x43d csp_udp.o
 .debug_info    0x0000bfa8      0x15a FinCont.o
 .debug_info    0x0000c102      0xdbf fin_server.o
 .debug_info    0x0000cec1      0x450 heap_4.o
 .debug_info    0x0000d311      0x2d8 list.o
 .debug_info    0x0000d5e9      0xa84 main.o
 .debug_info    0x0000e06d     0x2a7b mcp2515.o
 .debug_info    0x00010ae8      0x263 port.o
 .debug_info    0x00010d4b     0x176e queue.o
 .debug_info    0x000124b9      0x3f8 serial.o
 .debug_info    0x000128b1      0x3e6 SPI.o
 .debug_info    0x00012c97     0x275f tasks.o
 .debug_info    0x000153f6     0x1074 timers.o

.debug_abbrev   0x00000000     0x5b33
 *(.debug_abbrev)
 .debug_abbrev  0x00000000      0xb1a c:/program files (x86)/atmel/studio/7.0/toolchain/avr8/avr8-gnu-toolchain/bin/../lib/gcc/avr/5.4.0/../../../../avr/lib/avr6/crtatmega2560.o
 .debug_abbrev  0x00000b1a      0x1c5 avr_usart_init.o
 .debug_abbrev  0x00000cdf      0x4e9 can.o
 .debug_abbrev  0x000011c8      0x233 csp_buffer.o
 .debug_abbrev  0x000013fb      0x31a csp_conn.o
 .debug_abbrev  0x00001715      0x19f csp_crc32.o
 .debug_abbrev  0x000018b4      0x239 csp_debug.o
 .debug_abbrev  0x00001aed      0x168 csp_endian.o
 .debug_abbrev  0x00001c55      0x224 csp_iflist.o
 .debug_abbrev  0x00001e79      0x3ce csp_if_can.o
 .debug_abbrev  0x00002247      0x191 csp_if_lo.o
 .debug_abbrev  0x000023d8      0x36f csp_io.o
 .debug_abbrev  0x00002747       0xbd csp_malloc.o
 .debug_abbrev  0x00002804      0x1d6 csp_port.o
 .debug_abbrev  0x000029da      0x1d2 csp_qfifo.o
 .debug_abbrev  0x00002bac       0xe2 csp_queue.o
 .debug_abbrev  0x00002c8e      0x2c4 csp_route.o
 .debug_abbrev  0x00002f52      0x278 csp_rtable_static.o
 .debug_abbrev  0x000031ca      0x10c csp_semaphore.o
 .debug_abbrev  0x000032d6      0x207 csp_services.o
 .debug_abbrev  0x000034dd      0x320 csp_service_handler.o
 .debug_abbrev  0x000037fd      0x16d csp_system.o
 .debug_abbrev  0x0000396a       0xcc csp_thread.o
 .debug_abbrev  0x00003a36       0x72 csp_time.o
 .debug_abbrev  0x00003aa8      0x17d csp_udp.o
 .debug_abbrev  0x00003c25       0xb7 FinCont.o
 .debug_abbrev  0x00003cdc      0x44e fin_server.o
 .debug_abbrev  0x0000412a      0x282 heap_4.o
 .debug_abbrev  0x000043ac       0xff list.o
 .debug_abbrev  0x000044ab      0x327 main.o
 .debug_abbrev  0x000047d2      0x570 mcp2515.o
 .debug_abbrev  0x00004d42      0x155 port.o
 .debug_abbrev  0x00004e97      0x2d8 queue.o
 .debug_abbrev  0x0000516f      0x152 serial.o
 .debug_abbrev  0x000052c1      0x1a6 SPI.o
 .debug_abbrev  0x00005467      0x3bd tasks.o
 .debug_abbrev  0x00005824      0x30f timers.o

.debug_line     0x00000000     0x8ae3
 *(.debug_line .debug_line.* .debug_line_end)
 .debug_line    0x00000000       0x1a c:/program files (x86)/atmel/studio/7.0/toolchain/avr8/avr8-gnu-toolchain/bin/../lib/gcc/avr/5.4.0/../../../../avr/lib/avr6/crtatmega2560.o
 .debug_line    0x0000001a      0x212 avr_usart_init.o
 .debug_line    0x0000022c      0x442 can.o
 .debug_line    0x0000066e      0x3fd csp_buffer.o
 .debug_line    0x00000a6b      0x634 csp_conn.o
 .debug_line    0x0000109f      0x19c csp_crc32.o
 .debug_line    0x0000123b      0x270 csp_debug.o
 .debug_line    0x000014ab      0x2e6 csp_endian.o
 .debug_line    0x00001791      0x1d0 csp_iflist.o
 .debug_line    0x00001961      0x592 csp_if_can.o
 .debug_line    0x00001ef3       0xf9 csp_if_lo.o
 .debug_line    0x00001fec      0x6d1 csp_io.o
 .debug_line    0x000026bd       0xdf csp_malloc.o
 .debug_line    0x0000279c      0x25b csp_port.o
 .debug_line    0x000029f7      0x1ec csp_qfifo.o
 .debug_line    0x00002be3      0x21c csp_queue.o
 .debug_line    0x00002dff      0x3fb csp_route.o
 .debug_line    0x000031fa      0x221 csp_rtable_static.o
 .debug_line    0x0000341b      0x226 csp_semaphore.o
 .debug_line    0x00003641      0x3ee csp_services.o
 .debug_line    0x00003a2f      0x48f csp_service_handler.o
 .debug_line    0x00003ebe      0x24a csp_system.o
 .debug_line    0x00004108       0x74 csp_thread.o
 .debug_line    0x0000417c      0x118 csp_time.o
 .debug_line    0x00004294      0x15e csp_udp.o
 .debug_line    0x000043f2      0x144 FinCont.o
 .debug_line    0x00004536      0x356 fin_server.o
 .debug_line    0x0000488c      0x332 heap_4.o
 .debug_line    0x00004bbe      0x1cf list.o
 .debug_line    0x00004d8d      0x354 main.o
 .debug_line    0x000050e1      0xcd2 mcp2515.o
 .debug_line    0x00005db3      0x29a port.o
 .debug_line    0x0000604d      0xb50 queue.o
 .debug_line    0x00006b9d      0x1e5 serial.o
 .debug_line    0x00006d82      0x20d SPI.o
 .debug_line    0x00006f8f     0x1603 tasks.o
 .debug_line    0x00008592      0x551 timers.o

.debug_frame    0x00000000     0x34a4
 *(.debug_frame)
 .debug_frame   0x00000000       0xcc avr_usart_init.o
 .debug_frame   0x000000cc       0xcc can.o
 .debug_frame   0x00000198      0x118 csp_buffer.o
 .debug_frame   0x000002b0      0x380 csp_conn.o
 .debug_frame   0x00000630       0x9c csp_crc32.o
 .debug_frame   0x000006cc       0xa0 csp_debug.o
 .debug_frame   0x0000076c      0x3c4 csp_endian.o
 .debug_frame   0x00000b30       0xdc csp_iflist.o
 .debug_frame   0x00000c0c      0x158 csp_if_can.o
 .debug_frame   0x00000d64       0x38 csp_if_lo.o
 .debug_frame   0x00000d9c      0x454 csp_io.o
 .debug_frame   0x000011f0       0x34 csp_malloc.o
 .debug_frame   0x00001224       0xb0 csp_port.o
 .debug_frame   0x000012d4       0x74 csp_qfifo.o
 .debug_frame   0x00001348       0xbc csp_queue.o
 .debug_frame   0x00001404       0xfc csp_route.o
 .debug_frame   0x00001500      0x104 csp_rtable_static.o
 .debug_frame   0x00001604      0x130 csp_semaphore.o
 .debug_frame   0x00001734      0x33c csp_services.o
 .debug_frame   0x00001a70       0xb8 csp_service_handler.o
 .debug_frame   0x00001b28       0xe0 csp_system.o
 .debug_frame   0x00001c08       0x34 csp_thread.o
 .debug_frame   0x00001c3c       0x54 csp_time.o
 .debug_frame   0x00001c90       0x40 csp_udp.o
 .debug_frame   0x00001cd0       0x74 FinCont.o
 .debug_frame   0x00001d44      0x168 fin_server.o
 .debug_frame   0x00001eac       0xd0 heap_4.o
 .debug_frame   0x00001f7c       0x88 list.o
 .debug_frame   0x00002004      0x150 main.o
 .debug_frame   0x00002154      0x4fc mcp2515.o
 .debug_frame   0x00002650       0x74 port.o
 .debug_frame   0x000026c4      0x360 queue.o
 .debug_frame   0x00002a24      0x150 serial.o
 .debug_frame   0x00002b74       0x54 SPI.o
 .debug_frame   0x00002bc8      0x710 tasks.o
 .debug_frame   0x000032d8      0x1cc timers.o

.debug_str      0x00000000     0x5863
 *(.debug_str)
 .debug_str     0x00000000      0x3e6 c:/program files (x86)/atmel/studio/7.0/toolchain/avr8/avr8-gnu-toolchain/bin/../lib/gcc/avr/5.4.0/../../../../avr/lib/avr6/crtatmega2560.o
 .debug_str     0x000003e6      0x21c avr_usart_init.o
                                0x265 (size before relaxing)
 .debug_str     0x00000602     0x154a can.o
                               0x16d9 (size before relaxing)
 .debug_str     0x00001b4c      0x20a csp_buffer.o
                                0x487 (size before relaxing)
 .debug_str     0x00001d56      0x30c csp_conn.o
                                0x627 (size before relaxing)
 .debug_str     0x00002062       0x73 csp_crc32.o
                                0x282 (size before relaxing)
 .debug_str     0x000020d5      0x1b5 csp_debug.o
                                0x40f (size before relaxing)
 .debug_str     0x0000228a      0x118 csp_endian.o
                                0x2ec (size before relaxing)
 .debug_str     0x000023a2       0xf4 csp_iflist.o
                                0x315 (size before relaxing)
 .debug_str     0x00002496      0x399 csp_if_can.o
                                0x873 (size before relaxing)
 .debug_str     0x0000282f       0x25 csp_if_lo.o
                                0x2e6 (size before relaxing)
 .debug_str     0x00002854      0x1f4 csp_io.o
                                0x695 (size before relaxing)
 .debug_str     0x00002a48       0x1f csp_malloc.o
                                0x1d6 (size before relaxing)
 .debug_str     0x00002a67       0xf2 csp_port.o
                                0x41d (size before relaxing)
 .debug_str     0x00002b59       0x5d csp_qfifo.o
                                0x3f7 (size before relaxing)
 .debug_str     0x00002bb6       0xea csp_queue.o
                                0x35c (size before relaxing)
 .debug_str     0x00002ca0      0x1c1 csp_route.o
                                0x6cb (size before relaxing)
 .debug_str     0x00002e61       0xbb csp_rtable_static.o
                                0x3ee (size before relaxing)
 .debug_str     0x00002f1c       0x98 csp_semaphore.o
                                0x3ba (size before relaxing)
 .debug_str     0x00002fb4      0x120 csp_services.o
                                0x4eb (size before relaxing)
 .debug_str     0x000030d4      0x199 csp_service_handler.o
                                0x6a5 (size before relaxing)
 .debug_str     0x0000326d       0x88 csp_system.o
                                0x3c6 (size before relaxing)
 .debug_str     0x000032f5       0x49 csp_thread.o
                                0x250 (size before relaxing)
 .debug_str     0x0000333e       0x58 csp_time.o
                                0x21c (size before relaxing)
 .debug_str     0x00003396        0xf csp_udp.o
                                0x3b5 (size before relaxing)
 .debug_str     0x000033a5       0x69 FinCont.o
                                0x279 (size before relaxing)
 .debug_str     0x0000340e      0x623 fin_server.o
                                0xb23 (size before relaxing)
 .debug_str     0x00003a31      0x1f0 heap_4.o
                                0x3c4 (size before relaxing)
 .debug_str     0x00003c21      0x11e list.o
                                0x2e1 (size before relaxing)
 .debug_str     0x00003d3f      0x107 main.o
                                0x688 (size before relaxing)
 .debug_str     0x00003e46      0x34e mcp2515.o
                               0x183c (size before relaxing)
 .debug_str     0x00004194      0x101 port.o
                                0x2db (size before relaxing)
 .debug_str     0x00004295      0x522 queue.o
                                0x947 (size before relaxing)
 .debug_str     0x000047b7       0xf4 serial.o
                                0x365 (size before relaxing)
 .debug_str     0x000048ab       0x8f SPI.o
                                0x591 (size before relaxing)
 .debug_str     0x0000493a      0xaf0 tasks.o
                               0x1179 (size before relaxing)
 .debug_str     0x0000542a      0x439 timers.o
                                0x87f (size before relaxing)

.debug_loc      0x00000000    0x115f1
 *(.debug_loc)
 .debug_loc     0x00000000      0x2cc avr_usart_init.o
 .debug_loc     0x000002cc      0x6fe can.o
 .debug_loc     0x000009ca      0x5a3 csp_buffer.o
 .debug_loc     0x00000f6d     0x1085 csp_conn.o
 .debug_loc     0x00001ff2      0x40f csp_crc32.o
 .debug_loc     0x00002401      0x219 csp_debug.o
 .debug_loc     0x0000261a      0x9de csp_endian.o
 .debug_loc     0x00002ff8      0x41f csp_iflist.o
 .debug_loc     0x00003417      0xa87 csp_if_can.o
 .debug_loc     0x00003e9e       0xd1 csp_if_lo.o
 .debug_loc     0x00003f6f     0x1654 csp_io.o
 .debug_loc     0x000055c3       0x4c csp_malloc.o
 .debug_loc     0x0000560f      0x2b4 csp_port.o
 .debug_loc     0x000058c3      0x1f6 csp_qfifo.o
 .debug_loc     0x00005ab9      0x382 csp_queue.o
 .debug_loc     0x00005e3b      0x557 csp_route.o
 .debug_loc     0x00006392      0x3d5 csp_rtable_static.o
 .debug_loc     0x00006767      0x46f csp_semaphore.o
 .debug_loc     0x00006bd6      0xed5 csp_services.o
 .debug_loc     0x00007aab      0x541 csp_service_handler.o
 .debug_loc     0x00007fec      0x403 csp_system.o
 .debug_loc     0x000083ef      0x133 csp_thread.o
 .debug_loc     0x00008522       0xc8 csp_udp.o
 .debug_loc     0x000085ea       0xcd FinCont.o
 .debug_loc     0x000086b7      0x22b fin_server.o
 .debug_loc     0x000088e2      0x3ad heap_4.o
 .debug_loc     0x00008c8f      0x145 list.o
 .debug_loc     0x00008dd4      0x3d6 main.o
 .debug_loc     0x000091aa     0x23ba mcp2515.o
 .debug_loc     0x0000b564      0x2bb port.o
 .debug_loc     0x0000b81f     0x1b7a queue.o
 .debug_loc     0x0000d399      0x4c2 serial.o
 .debug_loc     0x0000d85b      0x18c SPI.o
 .debug_loc     0x0000d9e7     0x2fc6 tasks.o
 .debug_loc     0x000109ad      0xc44 timers.o

.debug_macinfo
 *(.debug_macinfo)

.debug_weaknames
 *(.debug_weaknames)

.debug_funcnames
 *(.debug_funcnames)

.debug_typenames
 *(.debug_typenames)

.debug_varnames
 *(.debug_varnames)

.debug_pubtypes
 *(.debug_pubtypes)

.debug_ranges   0x00000000      0xcf8
 *(.debug_ranges)
 .debug_ranges  0x00000000       0x50 avr_usart_init.o
 .debug_ranges  0x00000050       0x70 can.o
 .debug_ranges  0x000000c0       0x48 csp_buffer.o
 .debug_ranges  0x00000108       0xa0 csp_conn.o
 .debug_ranges  0x000001a8       0x20 csp_crc32.o
 .debug_ranges  0x000001c8       0x30 csp_debug.o
 .debug_ranges  0x000001f8       0xb8 csp_endian.o
 .debug_ranges  0x000002b0       0x28 csp_iflist.o
 .debug_ranges  0x000002d8       0xc8 csp_if_can.o
 .debug_ranges  0x000003a0       0x10 csp_if_lo.o
 .debug_ranges  0x000003b0       0xa8 csp_io.o
 .debug_ranges  0x00000458       0x18 csp_malloc.o
 .debug_ranges  0x00000470       0x28 csp_port.o
 .debug_ranges  0x00000498       0x20 csp_qfifo.o
 .debug_ranges  0x000004b8       0x48 csp_queue.o
 .debug_ranges  0x00000500       0x40 csp_route.o
 .debug_ranges  0x00000540       0x70 csp_rtable_static.o
 .debug_ranges  0x000005b0       0x50 csp_semaphore.o
 .debug_ranges  0x00000600       0x50 csp_services.o
 .debug_ranges  0x00000650       0x38 csp_service_handler.o
 .debug_ranges  0x00000688       0x38 csp_system.o
 .debug_ranges  0x000006c0       0x10 csp_thread.o
 .debug_ranges  0x000006d0       0x28 csp_time.o
 .debug_ranges  0x000006f8       0x10 csp_udp.o
 .debug_ranges  0x00000708       0x50 fin_server.o
 .debug_ranges  0x00000758       0x40 heap_4.o
 .debug_ranges  0x00000798       0x30 list.o
 .debug_ranges  0x000007c8       0x18 mcp2515.o
 .debug_ranges  0x000007e0       0x38 port.o
 .debug_ranges  0x00000818      0x160 queue.o
 .debug_ranges  0x00000978       0x38 serial.o
 .debug_ranges  0x000009b0      0x258 tasks.o
 .debug_ranges  0x00000c08       0xf0 timers.o

.debug_macro
 *(.debug_macro)
OUTPUT(FinController.elf elf32-avr)
LOAD linker stubs
