Archive member included to satisfy reference by file (symbol)

c:/program files (x86)/atmel/studio/7.0/toolchain/avr8/avr8-gnu-toolchain/bin/../lib/gcc/avr/5.4.0/../../../../avr/lib/avr6\libm.a(floatsisf.o)
                              csp_iflist.o (__floatunsisf)
c:/program files (x86)/atmel/studio/7.0/toolchain/avr8/avr8-gnu-toolchain/bin/../lib/gcc/avr/5.4.0/../../../../avr/lib/avr6\libm.a(mulsf3.o)
                              csp_iflist.o (__mulsf3)
c:/program files (x86)/atmel/studio/7.0/toolchain/avr8/avr8-gnu-toolchain/bin/../lib/gcc/avr/5.4.0/../../../../avr/lib/avr6\libm.a(mulsf3x.o)
                              c:/program files (x86)/atmel/studio/7.0/toolchain/avr8/avr8-gnu-toolchain/bin/../lib/gcc/avr/5.4.0/../../../../avr/lib/avr6\libm.a(mulsf3.o) (__mulsf3x)
c:/program files (x86)/atmel/studio/7.0/toolchain/avr8/avr8-gnu-toolchain/bin/../lib/gcc/avr/5.4.0/../../../../avr/lib/avr6\libm.a(fp_inf.o)
                              c:/program files (x86)/atmel/studio/7.0/toolchain/avr8/avr8-gnu-toolchain/bin/../lib/gcc/avr/5.4.0/../../../../avr/lib/avr6\libm.a(mulsf3x.o) (__fp_inf)
c:/program files (x86)/atmel/studio/7.0/toolchain/avr8/avr8-gnu-toolchain/bin/../lib/gcc/avr/5.4.0/../../../../avr/lib/avr6\libm.a(fp_nan.o)
                              c:/program files (x86)/atmel/studio/7.0/toolchain/avr8/avr8-gnu-toolchain/bin/../lib/gcc/avr/5.4.0/../../../../avr/lib/avr6\libm.a(mulsf3x.o) (__fp_nan)
c:/program files (x86)/atmel/studio/7.0/toolchain/avr8/avr8-gnu-toolchain/bin/../lib/gcc/avr/5.4.0/../../../../avr/lib/avr6\libm.a(fp_pscA.o)
                              c:/program files (x86)/atmel/studio/7.0/toolchain/avr8/avr8-gnu-toolchain/bin/../lib/gcc/avr/5.4.0/../../../../avr/lib/avr6\libm.a(mulsf3x.o) (__fp_pscA)
c:/program files (x86)/atmel/studio/7.0/toolchain/avr8/avr8-gnu-toolchain/bin/../lib/gcc/avr/5.4.0/../../../../avr/lib/avr6\libm.a(fp_pscB.o)
                              c:/program files (x86)/atmel/studio/7.0/toolchain/avr8/avr8-gnu-toolchain/bin/../lib/gcc/avr/5.4.0/../../../../avr/lib/avr6\libm.a(mulsf3x.o) (__fp_pscB)
c:/program files (x86)/atmel/studio/7.0/toolchain/avr8/avr8-gnu-toolchain/bin/../lib/gcc/avr/5.4.0/../../../../avr/lib/avr6\libm.a(fp_round.o)
                              c:/program files (x86)/atmel/studio/7.0/toolchain/avr8/avr8-gnu-toolchain/bin/../lib/gcc/avr/5.4.0/../../../../avr/lib/avr6\libm.a(mulsf3.o) (__fp_round)
c:/program files (x86)/atmel/studio/7.0/toolchain/avr8/avr8-gnu-toolchain/bin/../lib/gcc/avr/5.4.0/../../../../avr/lib/avr6\libm.a(fp_split3.o)
                              c:/program files (x86)/atmel/studio/7.0/toolchain/avr8/avr8-gnu-toolchain/bin/../lib/gcc/avr/5.4.0/../../../../avr/lib/avr6\libm.a(mulsf3x.o) (__fp_split3)
c:/program files (x86)/atmel/studio/7.0/toolchain/avr8/avr8-gnu-toolchain/bin/../lib/gcc/avr/5.4.0/../../../../avr/lib/avr6\libm.a(fp_zero.o)
                              c:/program files (x86)/atmel/studio/7.0/toolchain/avr8/avr8-gnu-toolchain/bin/../lib/gcc/avr/5.4.0/../../../../avr/lib/avr6\libm.a(mulsf3x.o) (__fp_szero)
c:/program files (x86)/atmel/studio/7.0/toolchain/avr8/avr8-gnu-toolchain/bin/../lib/gcc/avr/5.4.0/avr6\libgcc.a(_divmodhi4.o)
                              csp_conn.o (__divmodhi4)
c:/program files (x86)/atmel/studio/7.0/toolchain/avr8/avr8-gnu-toolchain/bin/../lib/gcc/avr/5.4.0/avr6\libgcc.a(_udivmodsi4.o)
                              csp_queue.o (__udivmodsi4)
c:/program files (x86)/atmel/studio/7.0/toolchain/avr8/avr8-gnu-toolchain/bin/../lib/gcc/avr/5.4.0/avr6\libgcc.a(_divmodsi4.o)
                              integer.o (__divmodsi4)
c:/program files (x86)/atmel/studio/7.0/toolchain/avr8/avr8-gnu-toolchain/bin/../lib/gcc/avr/5.4.0/avr6\libgcc.a(_negsi2.o)
                              c:/program files (x86)/atmel/studio/7.0/toolchain/avr8/avr8-gnu-toolchain/bin/../lib/gcc/avr/5.4.0/avr6\libgcc.a(_divmodsi4.o) (__negsi2)
c:/program files (x86)/atmel/studio/7.0/toolchain/avr8/avr8-gnu-toolchain/bin/../lib/gcc/avr/5.4.0/avr6\libgcc.a(_exit.o)
                              c:/program files (x86)/atmel/studio/7.0/toolchain/avr8/avr8-gnu-toolchain/bin/../lib/gcc/avr/5.4.0/../../../../avr/lib/avr6/crtatmega2560.o (exit)
c:/program files (x86)/atmel/studio/7.0/toolchain/avr8/avr8-gnu-toolchain/bin/../lib/gcc/avr/5.4.0/avr6\libgcc.a(_tablejump2.o)
                              csp_debug.o (__tablejump2__)
c:/program files (x86)/atmel/studio/7.0/toolchain/avr8/avr8-gnu-toolchain/bin/../lib/gcc/avr/5.4.0/avr6\libgcc.a(_copy_data.o)
                              can.o (__do_copy_data)
c:/program files (x86)/atmel/studio/7.0/toolchain/avr8/avr8-gnu-toolchain/bin/../lib/gcc/avr/5.4.0/avr6\libgcc.a(_clear_bss.o)
                              can.o (__do_clear_bss)
c:/program files (x86)/atmel/studio/7.0/toolchain/avr8/avr8-gnu-toolchain/bin/../lib/gcc/avr/5.4.0/avr6\libgcc.a(_ctors.o)
                              can.o (__do_global_ctors)
[...]
Memory Configuration

Name             Origin             Length             Attributes
text             0x00000000         0x00040000         xr
data             0x00800200         0x00002000         rw !x
eeprom           0x00810000         0x00001000         rw !x
fuse             0x00820000         0x00000003         rw !x
lock             0x00830000         0x00000400         rw !x
signature        0x00840000         0x00000400         rw !x
user_signatures  0x00850000         0x00000400         rw !x
*default*        0x00000000         0xffffffff

Linker script and memory map

Address of section .data set to 0x800200
LOAD c:/program files (x86)/atmel/studio/7.0/toolchain/avr8/avr8-gnu-toolchain/bin/../lib/gcc/avr/5.4.0/../../../../avr/lib/avr6/crtatmega2560.o
LOAD avr_usart_init.o
LOAD can.o
LOAD comtest.o
LOAD crhook.o
LOAD croutine.o
LOAD csp_bridge.o
LOAD csp_buffer.o
LOAD csp_conn.o
LOAD csp_crc32.o
LOAD csp_debug.o
LOAD csp_dedup.o
LOAD csp_endian.o
LOAD csp_iflist.o
LOAD csp_if_can.o
LOAD csp_if_lo.o
LOAD csp_io.o
LOAD csp_malloc.o
LOAD csp_port.o
LOAD csp_promisc.o
LOAD csp_qfifo.o
LOAD csp_queue.o
LOAD csp_rdp.o
LOAD csp_route.o
LOAD csp_rtable_static.o
LOAD csp_semaphore.o
LOAD csp_services.o
LOAD csp_service_handler.o
LOAD csp_sfp.o
LOAD csp_system.o
LOAD csp_thread.o
LOAD csp_time.o
LOAD csp_udp.o
LOAD event_groups.o
LOAD FinCont.o
LOAD heap_4.o
LOAD integer.o
LOAD list.o
LOAD main.o
LOAD mcp2515.o
LOAD partest.o
LOAD PollQ.o
LOAD port.o
LOAD print.o
LOAD queue.o
LOAD regtest.o
LOAD serial.o
LOAD SPI.o
LOAD stream_buffer.o
LOAD tasks.o
LOAD timers.o
START GROUP
LOAD c:/program files (x86)/atmel/studio/7.0/toolchain/avr8/avr8-gnu-toolchain/bin/../lib/gcc/avr/5.4.0/../../../../avr/lib/avr6\libm.a
END GROUP
LOAD c:/program files (x86)/atmel/studio/7.0/toolchain/avr8/avr8-gnu-toolchain/bin/../lib/gcc/avr/5.4.0/avr6\libgcc.a
LOAD c:/program files (x86)/atmel/studio/7.0/toolchain/avr8/avr8-gnu-toolchain/bin/../lib/gcc/avr/5.4.0/../../../../avr/lib/avr6\libm.a
START GROUP
LOAD c:/program files (x86)/atmel/studio/7.0/toolchain/avr8/avr8-gnu-toolchain/bin/../lib/gcc/avr/5.4.0/avr6\libgcc.a
LOAD c:/program files (x86)/atmel/studio/7.0/toolchain/avr8/avr8-gnu-toolchain/bin/../lib/gcc/avr/5.4.0/../../../../avr/lib/avr6\libm.a
LOAD c:/program files (x86)/atmel/studio/7.0/toolchain/avr8/avr8-gnu-toolchain/bin/../lib/gcc/avr/5.4.0/../../../../avr/lib/avr6\libc.a
LOAD c:/program files (x86)/atmel/studio/7.0/toolchain/avr8/avr8-gnu-toolchain/bin/../lib/gcc/avr/5.4.0/../../../../avr/lib/avr6\libatmega2560.a
END GROUP
                0x00000000                __TEXT_REGION_ORIGIN__ = DEFINED (__TEXT_REGION_ORIGIN__)?__TEXT_REGION_ORIGIN__:0x0
                [0x00800200]                __DATA_REGION_ORIGIN__ = DEFINED (__DATA_REGION_ORIGIN__)?__DATA_REGION_ORIGIN__:0x800200
                [0x00040000]                __TEXT_REGION_LENGTH__ = DEFINED (__TEXT_REGION_LENGTH__)?__TEXT_REGION_LENGTH__:0x100000
                [0x00002000]                __DATA_REGION_LENGTH__ = DEFINED (__DATA_REGION_LENGTH__)?__DATA_REGION_LENGTH__:0xfe00
                [0x00001000]                __EEPROM_REGION_LENGTH__ = DEFINED (__EEPROM_REGION_LENGTH__)?__EEPROM_REGION_LENGTH__:0x10000
                [0x00000003]                __FUSE_REGION_LENGTH__ = DEFINED (__FUSE_REGION_LENGTH__)?__FUSE_REGION_LENGTH__:0x400
                0x00000400                __LOCK_REGION_LENGTH__ = DEFINED (__LOCK_REGION_LENGTH__)?__LOCK_REGION_LENGTH__:0x400
                0x00000400                __SIGNATURE_REGION_LENGTH__ = DEFINED (__SIGNATURE_REGION_LENGTH__)?__SIGNATURE_REGION_LENGTH__:0x400
                0x00000400                __USER_SIGNATURE_REGION_LENGTH__ = DEFINED (__USER_SIGNATURE_REGION_LENGTH__)?__USER_SIGNATURE_REGION_LENGTH__:0x400

.hash
 *(.hash)

.dynsym
 *(.dynsym)

.dynstr
 *(.dynstr)

.gnu.version
 *(.gnu.version)

.gnu.version_d
 *(.gnu.version_d)

.gnu.version_r
 *(.gnu.version_r)

.rel.init
 *(.rel.init)

.rela.init
 *(.rela.init)

.rel.text
 *(.rel.text)
 *(.rel.text.*)
 *(.rel.gnu.linkonce.t*)

.rela.text
 *(.rela.text)
 *(.rela.text.*)
 *(.rela.gnu.linkonce.t*)

.rel.fini
 *(.rel.fini)

.rela.fini
 *(.rela.fini)

.rel.rodata
 *(.rel.rodata)
 *(.rel.rodata.*)
 *(.rel.gnu.linkonce.r*)

.rela.rodata
 *(.rela.rodata)
 *(.rela.rodata.*)
 *(.rela.gnu.linkonce.r*)

.rel.data
 *(.rel.data)
 *(.rel.data.*)
 *(.rel.gnu.linkonce.d*)

.rela.data
 *(.rela.data)
 *(.rela.data.*)
 *(.rela.gnu.linkonce.d*)

.rel.ctors
 *(.rel.ctors)

.rela.ctors
 *(.rela.ctors)

.rel.dtors
 *(.rel.dtors)

.rela.dtors
 *(.rela.dtors)

.rel.got
 *(.rel.got)

.rela.got
 *(.rela.got)

.rel.bss
 *(.rel.bss)

.rela.bss
 *(.rela.bss)

.rel.plt
 *(.rel.plt)

.rela.plt
 *(.rela.plt)

.text           0x00000000     0x8ffa
 *(.vectors)
 .vectors       0x00000000       0xe4 c:/program files (x86)/atmel/studio/7.0/toolchain/avr8/avr8-gnu-toolchain/bin/../lib/gcc/avr/5.4.0/../../../../avr/lib/avr6/crtatmega2560.o
                0x00000000                __vectors
 *(.vectors)
 *(.progmem.gcc*)
 .progmem.gcc_sw_table.do_csp_debug
                0x000000e4       0x10 csp_debug.o
 .progmem.gcc_sw_table.csp_service_handler
                0x000000f4        0xe csp_service_handler.o
 .progmem.gcc_sw_table.csp_sys_set_color
                0x00000102       0x10 csp_system.o
 .progmem.gcc_sw_table
                0x00000112       0x58 mcp2515.o
 .progmem.gcc_sw_table
                0x0000016a       0x20 SPI.o
 .progmem.gcc_sw_table.prvTimerTask
                0x0000018a       0x14 timers.o
                0x0000019e                . = ALIGN (0x2)
                0x0000019e                __trampolines_start = .
 *(.trampolines)
 .trampolines   0x0000019e        0x0 linker stubs
 *(.trampolines*)
                0x0000019e                __trampolines_end = .
 *libprintf_flt.a:*(.progmem.data)
 *libc.a:*(.progmem.data)
 *(.progmem*)
 .progmem.data._ZZ9CanRxFuncE3__c_4
                0x0000019e        0xb can.o
 .progmem.data._ZZ9CanRxFuncE3__c_3
                0x000001a9        0xb can.o
 .progmem.data._ZZ9CanRxFuncE3__c_2
                0x000001b4        0xd can.o
 .progmem.data._ZZ9CanRxFuncE3__c_1
                0x000001c1       0x10 can.o
 .progmem.data._ZZ9CanRxFuncE3__c_0
                0x000001d1        0x9 can.o
 .progmem.data._ZZ9CanRxFuncE3__c
                0x000001da        0x7 can.o
 .progmem.data._ZZ8can_sendE3__c
                0x000001e1        0xd can.o
 .progmem.data.__c.3148
                0x000001ee        0x9 csp_buffer.o
 .progmem.data.__c.3146
                0x000001f7       0x23 csp_buffer.o
 .progmem.data.__c.3144
                0x0000021a       0x1d csp_buffer.o
 .progmem.data.__c.3142
                0x00000237       0x24 csp_buffer.o
 .progmem.data.__c.3137
                0x0000025b       0x1d csp_buffer.o
 .progmem.data.__c.3127
                0x00000278       0x13 csp_buffer.o
 .progmem.data.__c.3125
                0x0000028b        0xb csp_buffer.o
 .progmem.data.__c.3123
                0x00000296        0xf csp_buffer.o
 .progmem.data.__c.3121
                0x000002a5       0x27 csp_buffer.o
 .progmem.data.__c.3299
                0x000002cc       0x57 csp_conn.o
 .progmem.data.__c.3297
                0x00000323       0x5b csp_conn.o
 .progmem.data.__c.3295
                0x0000037e       0x4b csp_conn.o
 .progmem.data.__c.3284
                0x000003c9       0x1a csp_conn.o
 .progmem.data.__c.3282
                0x000003e3       0x14 csp_conn.o
 .progmem.data.__c.3280
                0x000003f7       0x20 csp_conn.o
 .progmem.data.__c.3270
                0x00000417       0x19 csp_conn.o
 .progmem.data.__c.3265
                0x00000430       0x1a csp_conn.o
 .progmem.data.__c.3236
                0x0000044a       0x22 csp_conn.o
 .progmem.data.__c.3231
                0x0000046c       0x21 csp_conn.o
 .progmem.data.__c.3224
                0x0000048d       0x23 csp_conn.o
 .progmem.data.__c.3219
                0x000004b0       0x1f csp_conn.o
 .progmem.data.crc_tab
                0x000004cf      0x400 csp_crc32.o
 .progmem.data.__c.2576
                0x000008cf        0xd csp_debug.o
 .progmem.data.__c.2572
                0x000008dc        0xd csp_debug.o
 .progmem.data.__c.2570
                0x000008e9        0x3 csp_debug.o
 .progmem.data.__c.2543
                0x000008ec        0x7 csp_iflist.o
 .progmem.data.__c.2551
                0x000008f3       0x8b csp_iflist.o
 .progmem.data.__c.3323
                0x0000097e       0x28 csp_if_can.o
 .progmem.data.__c.3320
                0x000009a6       0x27 csp_if_can.o
 .progmem.data.__c.3315
                0x000009cd       0x28 csp_if_can.o
 .progmem.data.__c.3200
                0x000009f5       0x26 csp_if_can.o
 .progmem.data.__c.3288
                0x00000a1b       0x22 csp_if_can.o
 .progmem.data.__c.3285
                0x00000a3d       0x13 csp_if_can.o
 .progmem.data.__c.3283
                0x00000a50       0x1d csp_if_can.o
 .progmem.data.__c.3280
                0x00000a6d       0x2a csp_if_can.o
 .progmem.data.__c.3278
                0x00000a97       0x11 csp_if_can.o
 .progmem.data.__c.3275
                0x00000aa8       0x1b csp_if_can.o
 .progmem.data.__c.3272
                0x00000ac3       0x21 csp_if_can.o
 .progmem.data.__c.3270
                0x00000ae4       0x23 csp_if_can.o
 .progmem.data.__c.3259
                0x00000b07       0x1d csp_if_can.o
 .progmem.data.__c.3295
                0x00000b24        0x7 csp_if_can.o
 .progmem.data.__c.3345
                0x00000b2b       0x20 csp_if_can.o
 .progmem.data.__c.3342
                0x00000b4b       0x1b csp_if_can.o
 .progmem.data.__c.3340
                0x00000b66       0x1e csp_if_can.o
 .progmem.data.__c.3338
                0x00000b84       0x11 csp_if_can.o
 .progmem.data.__c.3336
                0x00000b95       0x2f csp_if_can.o
 .progmem.data.__c.3384
                0x00000bc4       0x19 csp_io.o
 .progmem.data.__c.3374
                0x00000bdd       0x64 csp_io.o
 .progmem.data.__c.3372
                0x00000c41       0x15 csp_io.o
 .progmem.data.__c.3369
                0x00000c56       0x5f csp_io.o
 .progmem.data.__c.3367
                0x00000cb5       0x3f csp_io.o
 .progmem.data.__c.3365
                0x00000cf4       0x18 csp_io.o
 .progmem.data.__c.3362
                0x00000d0c       0x28 csp_io.o
 .progmem.data.__c.3343
                0x00000d34       0x16 csp_io.o
 .progmem.data.__c.3341
                0x00000d4a       0x57 csp_io.o
 .progmem.data.__c.3339
                0x00000da1       0x57 csp_io.o
 .progmem.data.__c.3337
                0x00000df8       0x55 csp_io.o
 .progmem.data.__c.3192
                0x00000e4d       0x1d csp_port.o
 .progmem.data.__c.3190
                0x00000e6a       0x1a csp_port.o
 .progmem.data.__c.3188
                0x00000e84       0x50 csp_port.o
 .progmem.data.__c.2386
                0x00000ed4       0x34 csp_qfifo.o
 .progmem.data.__c.2382
                0x00000f08       0x2a csp_qfifo.o
 .progmem.data.__c.2380
                0x00000f32       0x27 csp_qfifo.o
 .progmem.data.__c.3124
                0x00000f59        0x7 csp_route.o
 .progmem.data.__c.3133
                0x00000f60       0x1c csp_route.o
 .progmem.data.__c.3102
                0x00000f7c       0x30 csp_route.o
 .progmem.data.__c.3100
                0x00000fac       0x2c csp_route.o
 .progmem.data.__c.3098
                0x00000fd8       0x1f csp_route.o
 .progmem.data.__c.3091
                0x00000ff7       0x51 csp_route.o
 .progmem.data.__c.3089
                0x00001048       0x58 csp_route.o
 .progmem.data.__c.3087
                0x000010a0       0x5d csp_route.o
 .progmem.data.__c.3119
                0x000010fd       0x1e csp_route.o
 .progmem.data.__c.3116
                0x0000111b       0x1c csp_route.o
 .progmem.data.__c.3114
                0x00001137       0x16 csp_route.o
 .progmem.data.__c.3111
                0x0000114d       0x3f csp_route.o
 .progmem.data.__c.2552
                0x0000118c       0x28 csp_rtable_static.o
 .progmem.data.__c.3117
                0x000011b4        0x9 csp_semaphore.o
 .progmem.data.__c.3112
                0x000011bd        0x9 csp_semaphore.o
 .progmem.data.__c.3139
                0x000011c6       0x17 csp_service_handler.o
 .progmem.data.__c.2850
                0x000011dd        0x9 csp_system.o
 .progmem.data.__c.2824
                0x000011e6       0x13 csp_system.o
 .progmem.data.__c.2814
                0x000011f9       0x11 csp_system.o
 .progmem.data.__c.2836
                0x0000120a       0x25 csp_udp.o
 .progmem.data.__c.2834
                0x0000122f       0x1e csp_udp.o
 .progmem.data._ZZ16__vector_defaultE3__c_0
                0x0000124d        0xd main.o
 .progmem.data._ZZ16__vector_defaultE3__c
                0x0000125a        0xc main.o
 .progmem.data._ZZ11task_clientPvE3__c_2
                0x00001266       0x16 main.o
 .progmem.data._ZZ11task_clientPvE3__c_1
                0x0000127c        0xd main.o
 .progmem.data._ZZ11task_clientPvE3__c_0
                0x00001289        0xd main.o
 .progmem.data._ZZ11task_clientPvE3__c
                0x00001296        0x7 main.o
 .progmem.data._ZZ11task_serverPvE3__c_0
                0x0000129d       0x21 main.o
 .progmem.data._ZZ11task_serverPvE3__c
                0x000012be        0x7 main.o
 .progmem.data._ZZ4mainE3__c_0
                0x000012c5        0xd main.o
 .progmem.data._ZZ4mainE3__c
                0x000012d2        0xd main.o
                0x000012e0                . = ALIGN (0x2)
 *fill*         0x000012df        0x1 
 *(.jumptables)
 *(.jumptables*)
 *(.lowtext)
 *(.lowtext*)
                0x000012e0                __ctors_start = .
 *(.ctors)
 .ctors         0x000012e0        0x2 can.o
                0x000012e2                __ctors_end = .
                0x000012e2                __dtors_start = .
 *(.dtors)
                0x000012e2                __dtors_end = .
 SORT(*)(.ctors)
 SORT(*)(.dtors)
 *(.init0)
 .init0         0x000012e2        0x0 c:/program files (x86)/atmel/studio/7.0/toolchain/avr8/avr8-gnu-toolchain/bin/../lib/gcc/avr/5.4.0/../../../../avr/lib/avr6/crtatmega2560.o
                0x000012e2                __init
 *(.init0)
 *(.init1)
 *(.init1)
 *(.init2)
 .init2         0x000012e2       0x10 c:/program files (x86)/atmel/studio/7.0/toolchain/avr8/avr8-gnu-toolchain/bin/../lib/gcc/avr/5.4.0/../../../../avr/lib/avr6/crtatmega2560.o
 *(.init2)
 *(.init3)
 *(.init3)
 *(.init4)
 .init4         0x000012f2       0x1a c:/program files (x86)/atmel/studio/7.0/toolchain/avr8/avr8-gnu-toolchain/bin/../lib/gcc/avr/5.4.0/avr6\libgcc.a(_copy_data.o)
                0x000012f2                __do_copy_data
 .init4         0x0000130c       0x10 c:/program files (x86)/atmel/studio/7.0/toolchain/avr8/avr8-gnu-toolchain/bin/../lib/gcc/avr/5.4.0/avr6\libgcc.a(_clear_bss.o)
                0x0000130c                __do_clear_bss
 *(.init4)
 *(.init5)
 *(.init5)
 *(.init6)
 .init6         0x0000131c       0x20 c:/program files (x86)/atmel/studio/7.0/toolchain/avr8/avr8-gnu-toolchain/bin/../lib/gcc/avr/5.4.0/avr6\libgcc.a(_ctors.o)
                0x0000131c                __do_global_ctors
 *(.init6)
 *(.init7)
 *(.init7)
 *(.init8)
 *(.init8)
 *(.init9)
 .init9         0x0000133c        0x6 c:/program files (x86)/atmel/studio/7.0/toolchain/avr8/avr8-gnu-toolchain/bin/../lib/gcc/avr/5.4.0/../../../../avr/lib/avr6/crtatmega2560.o
 *(.init9)
 *(.text)
 .text          0x00001342        0x2 c:/program files (x86)/atmel/studio/7.0/toolchain/avr8/avr8-gnu-toolchain/bin/../lib/gcc/avr/5.4.0/../../../../avr/lib/avr6/crtatmega2560.o
                0x00001342                __vector_38
                0x00001342                __vector_22
                0x00001342                __vector_28
                0x00001342                __vector_1
                0x00001342                __vector_32
                0x00001342                __vector_34
                0x00001342                __vector_24
                0x00001342                __vector_12
                0x00001342                __vector_55
                0x00001342                __vector_46
                0x00001342                __bad_interrupt
                0x00001342                __vector_6
                0x00001342                __vector_31
                0x00001342                __vector_35
                0x00001342                __vector_39
                0x00001342                __vector_23
                0x00001342                __vector_30
                0x00001342                __vector_45
                0x00001342                __vector_11
                0x00001342                __vector_54
                0x00001342                __vector_13
                0x00001342                __vector_19
                0x00001342                __vector_56
                0x00001342                __vector_7
                0x00001342                __vector_49
                0x00001342                __vector_41
                0x00001342                __vector_43
                0x00001342                __vector_27
                0x00001342                __vector_5
                0x00001342                __vector_33
                0x00001342                __vector_47
                0x00001342                __vector_52
                0x00001342                __vector_37
                0x00001342                __vector_4
                0x00001342                __vector_44
                0x00001342                __vector_51
                0x00001342                __vector_9
                0x00001342                __vector_2
                0x00001342                __vector_21
                0x00001342                __vector_15
                0x00001342                __vector_36
                0x00001342                __vector_29
                0x00001342                __vector_40
                0x00001342                __vector_8
                0x00001342                __vector_48
                0x00001342                __vector_14
                0x00001342                __vector_53
                0x00001342                __vector_10
                0x00001342                __vector_50
                0x00001342                __vector_16
                0x00001342                __vector_18
                0x00001342                __vector_20
                0x00001342                __vector_42
 .text          0x00001344      0x4a8 can.o
                0x00001344                can_init
                0x0000142c                can_send
                0x00001522                CanRxFunc
 .text          0x000017ec      0x11e FinCont.o
                0x000017ec                _Z10enableledsv
                0x00001800                _Z7contledii
                0x0000187e                _Z10pwrredinitv
                0x00001894                _Z12timeoutstarti
                0x000018ce                _Z12timeoutresetv
                0x000018d8                _Z12timeoutcheckv
 .text          0x0000190a      0x3da main.o
                0x00001936                _Z11task_serverPv
                0x00001a02                _Z11task_clientPv
                0x00001ad8                main
                0x00001c3e                __vector_3
                0x00001cb4                __vector_default
 .text          0x00001ce4      0xc56 mcp2515.o
                0x00001ce4                _ZN7MCP25158startSPIEv
                0x00001d24                _ZN7MCP25156endSPIEv
                0x00001d4c                _ZN7MCP2515C2Ev
                0x00001d4c                _ZN7MCP2515C1Ev
                0x00001d60                _ZN7MCP251512readRegisterENS_8REGISTERE
                0x00001da0                _ZN7MCP251513readRegistersENS_8REGISTEREPhh
                0x00001e0a                _ZN7MCP251511setRegisterENS_8REGISTEREh
                0x00001e4e                _ZN7MCP251512setRegistersENS_8REGISTEREPKhh
                0x00001eb8                _ZN7MCP251514modifyRegisterENS_8REGISTEREhh
                0x00001f0e                _ZN7MCP25155resetEv
                0x00001fc0                _ZN7MCP25159getStatusEv
                0x00001ff2                _ZN7MCP25157setModeENS_18CANCTRL_REQOP_MODEE
                0x00002038                _ZN7MCP251513setConfigModeEv
                0x0000203e                _ZN7MCP251517setListenOnlyModeEv
                0x00002044                _ZN7MCP251512setSleepModeEv
                0x0000204a                _ZN7MCP251515setLoopbackModeEv
                0x00002050                _ZN7MCP251513setNormalModeEv
                0x00002056                _ZN7MCP251510setBitrateE9CAN_SPEED9CAN_CLOCK
                0x000023ac                _ZN7MCP251510setBitrateE9CAN_SPEED
                0x000023b2                _ZN7MCP25159setClkOutE10CAN_CLKOUT
                0x000023f4                _ZN7MCP25159prepareIdEPhbm
                0x00002452                _ZN7MCP251513setFilterMaskENS_4MASKEbm
                0x000024d6                _ZN7MCP25159setFilterENS_3RXFEbm
                0x000025a2                _ZN7MCP251511sendMessageENS_4TXBnEPK9can_frame
                0x000026aa                _ZN7MCP251511sendMessageEPK9can_frame
                0x00002742                _ZN7MCP251511readMessageENS_4RXBnEP9can_frame
                0x00002884                _ZN7MCP251511readMessageEP9can_frame
                0x000028ba                _ZN7MCP251512checkReceiveEv
                0x000028c8                _ZN7MCP251513getErrorFlagsEv
                0x000028ce                _ZN7MCP251510checkErrorEv
                0x000028dc                _ZN7MCP251516clearRXnOVRFlagsEv
                0x000028e6                _ZN7MCP251513getInterruptsEv
                0x000028ec                _ZN7MCP251515clearInterruptsEv
                0x000028f4                _ZN7MCP251516getInterruptMaskEv
                0x000028fa                _ZN7MCP251517clearTXInterruptsEv
                0x00002904                _ZN7MCP251511clearRXnOVREv
                0x0000291e                _ZN7MCP25159clearMERREv
                0x00002928                _ZN7MCP251510clearERRIFEv
                0x00002932                _ZN7MCP251510checktxavaEv
 .text          0x0000293a      0x116 SPI.o
                0x0000293a                _ZN8SPIClass5beginEv
                0x00002972                _ZN8SPIClass3endEv
                0x00002996                _ZN8SPIClass14usingInterruptEh
                0x000029f4                _ZN8SPIClass17notUsingInterruptEh
                0x00002a50                . = ALIGN (0x2)
 *(.text.*)
 .text.usart_init
                0x00002a50       0x20 avr_usart_init.o
                0x00002a50                usart_init
 .text.usart_putchar
                0x00002a70       0x10 avr_usart_init.o
                0x00002a70                usart_putchar
 .text.usart_putchar_printf
                0x00002a80       0x18 avr_usart_init.o
                0x00002a80                usart_putchar_printf
 .text.csp_buffer_init
                0x00002a98      0x11c csp_buffer.o
                0x00002a98                csp_buffer_init
 .text.csp_buffer_get
                0x00002bb4       0xfe csp_buffer.o
                0x00002bb4                csp_buffer_get
 .text.csp_buffer_free_isr
                0x00002cb2       0x68 csp_buffer.o
                0x00002cb2                csp_buffer_free_isr
 .text.csp_buffer_free
                0x00002d1a       0xf4 csp_buffer.o
                0x00002d1a                csp_buffer_free
 .text.csp_buffer_remaining
                0x00002e0e        0xe csp_buffer.o
                0x00002e0e                csp_buffer_remaining
 .text.csp_conn_flush_rx_queue
                0x00002e1c       0x4a csp_conn.o
 .text.csp_conn_enqueue_packet
                0x00002e66       0x80 csp_conn.o
                0x00002e66                csp_conn_enqueue_packet
 .text.csp_conn_init
                0x00002ee6       0xce csp_conn.o
                0x00002ee6                csp_conn_init
 .text.csp_conn_find
                0x00002fb4       0x88 csp_conn.o
                0x00002fb4                csp_conn_find
 .text.csp_conn_allocate
                0x0000303c       0xf4 csp_conn.o
                0x0000303c                csp_conn_allocate
 .text.csp_conn_new
                0x00003130       0x5e csp_conn.o
                0x00003130                csp_conn_new
 .text.csp_close
                0x0000318e       0x86 csp_conn.o
                0x0000318e                csp_close
 .text.csp_connect
                0x00003214      0x1ac csp_conn.o
                0x00003214                csp_connect
 .text.csp_conn_dport
                0x000033c0       0x1a csp_conn.o
                0x000033c0                csp_conn_dport
 .text.csp_crc32_memory
                0x000033da       0x96 csp_crc32.o
                0x000033da                csp_crc32_memory
 .text.csp_crc32_append
                0x00003470       0x58 csp_crc32.o
                0x00003470                csp_crc32_append
 .text.csp_crc32_verify
                0x000034c8       0xb8 csp_crc32.o
                0x000034c8                csp_crc32_verify
 .text.do_csp_debug
                0x00003580       0xee csp_debug.o
                0x00003580                do_csp_debug
 .text.csp_hton16
                0x0000366e        0x8 csp_endian.o
                0x0000366e                csp_hton16
 .text.csp_ntoh16
                0x00003676        0x8 csp_endian.o
                0x00003676                csp_ntoh16
 .text.csp_hton32
                0x0000367e       0x6a csp_endian.o
                0x0000367e                csp_hton32
 .text.csp_ntoh32
                0x000036e8       0x6a csp_endian.o
                0x000036e8                csp_ntoh32
 .text.csp_bytesize
                0x00003752       0x9e csp_iflist.o
 .text.csp_iflist_get_by_name
                0x000037f0       0x3e csp_iflist.o
                0x000037f0                csp_iflist_get_by_name
 .text.csp_iflist_add
                0x0000382e       0x52 csp_iflist.o
                0x0000382e                csp_iflist_add
 .text.csp_iflist_print
                0x00003880      0x156 csp_iflist.o
                0x00003880                csp_iflist_print
 .text.csp_can_pbuf_free
                0x000039d6       0x3c csp_if_can.o
 .text.csp_can_tx
                0x00003a12      0x2ec csp_if_can.o
 .text.csp_can_rx_task
                0x00003cfe      0x51a csp_if_can.o
 .text.csp_can_rx_frame
                0x00004218       0x24 csp_if_can.o
                0x00004218                csp_can_rx_frame
 .text.csp_can_init
                0x0000423c      0x1a8 csp_if_can.o
                0x0000423c                csp_can_init
 .text.csp_lo_tx
                0x000043e4       0x4c csp_if_lo.o
 .text.csp_get_address
                0x00004430        0x6 csp_io.o
                0x00004430                csp_get_address
 .text.csp_get_hostname
                0x00004436        0xa csp_io.o
                0x00004436                csp_get_hostname
 .text.csp_get_model
                0x00004440        0xa csp_io.o
                0x00004440                csp_get_model
 .text.csp_get_revision
                0x0000444a        0xa csp_io.o
                0x0000444a                csp_get_revision
 .text.csp_init
                0x00004454       0x4c csp_io.o
                0x00004454                csp_init
 .text.csp_socket
                0x000044a0       0xda csp_io.o
                0x000044a0                csp_socket
 .text.csp_accept
                0x0000457a       0x4a csp_io.o
                0x0000457a                csp_accept
 .text.csp_read
                0x000045c4       0x50 csp_io.o
                0x000045c4                csp_read
 .text.csp_send_direct
                0x00004614      0x21c csp_io.o
                0x00004614                csp_send_direct
 .text.csp_send
                0x00004830       0x94 csp_io.o
                0x00004830                csp_send
 .text.csp_malloc
                0x000048c4        0x6 csp_malloc.o
                0x000048c4                csp_malloc
 .text.csp_free
                0x000048ca        0x6 csp_malloc.o
                0x000048ca                csp_free
 .text.csp_port_get_socket
                0x000048d0       0x4e csp_port.o
                0x000048d0                csp_port_get_socket
 .text.csp_port_init
                0x0000491e       0x14 csp_port.o
                0x0000491e                csp_port_init
 .text.csp_listen
                0x00004932       0x38 csp_port.o
                0x00004932                csp_listen
 .text.csp_bind
                0x0000496a       0xc4 csp_port.o
                0x0000496a                csp_bind
 .text.csp_qfifo_init
                0x00004a2e       0x2e csp_qfifo.o
                0x00004a2e                csp_qfifo_init
 .text.csp_qfifo_read
                0x00004a5c       0x24 csp_qfifo.o
                0x00004a5c                csp_qfifo_read
 .text.csp_qfifo_write
                0x00004a80      0x168 csp_qfifo.o
                0x00004a80                csp_qfifo_write
 .text.csp_queue_create
                0x00004be8        0x8 csp_queue.o
                0x00004be8                csp_queue_create
 .text.csp_queue_enqueue
                0x00004bf0       0x48 csp_queue.o
                0x00004bf0                csp_queue_enqueue
 .text.csp_queue_enqueue_isr
                0x00004c38        0xe csp_queue.o
                0x00004c38                csp_queue_enqueue_isr
 .text.csp_queue_dequeue
                0x00004c46       0x42 csp_queue.o
                0x00004c46                csp_queue_dequeue
 .text.csp_queue_size
                0x00004c88        0x8 csp_queue.o
                0x00004c88                csp_queue_size
 .text.csp_route_security_check
                0x00004c90       0xa4 csp_route.o
 .text.csp_route_work
                0x00004d34      0x404 csp_route.o
                0x00004d34                csp_route_work
 .text.csp_task_router
                0x00005138       0x4c csp_route.o
 .text.csp_route_start_task
                0x00005184       0x52 csp_route.o
                0x00005184                csp_route_start_task
 .text.csp_rtable_find_iface
                0x000051d6       0x40 csp_rtable_static.o
                0x000051d6                csp_rtable_find_iface
 .text.csp_rtable_find_mac
                0x00005216       0x42 csp_rtable_static.o
                0x00005216                csp_rtable_find_mac
 .text.csp_rtable_set
                0x00005258       0x6c csp_rtable_static.o
                0x00005258                csp_rtable_set
 .text.csp_mutex_create
                0x000052c4       0x24 csp_semaphore.o
                0x000052c4                csp_mutex_create
 .text.csp_bin_sem_create
                0x000052e8       0x30 csp_semaphore.o
                0x000052e8                csp_bin_sem_create
 .text.csp_bin_sem_wait
                0x00005318       0x76 csp_semaphore.o
                0x00005318                csp_bin_sem_wait
 .text.csp_bin_sem_post
                0x0000538e       0x4a csp_semaphore.o
                0x0000538e                csp_bin_sem_post
 .text.csp_ping
                0x000053d8      0x142 csp_services.o
                0x000053d8                csp_ping
 .text.wrap_32bit_memcpy
                0x0000551a       0x30 csp_service_handler.o
 .text.csp_service_handler
                0x0000554a      0x4ea csp_service_handler.o
                0x0000554a                csp_service_handler
 .text.csp_sys_tasklist
                0x00005a34        0xa csp_system.o
                0x00005a34                csp_sys_tasklist
 .text.csp_sys_tasklist_size
                0x00005a3e        0xe csp_system.o
                0x00005a3e                csp_sys_tasklist_size
 .text.csp_sys_memfree
                0x00005a4c       0xaa csp_system.o
                0x00005a4c                csp_sys_memfree
 .text.csp_sys_reboot
                0x00005af6       0x38 csp_system.o
                0x00005af6                csp_sys_reboot
 .text.csp_sys_shutdown
                0x00005b2e       0x28 csp_system.o
                0x00005b2e                csp_sys_shutdown
 .text.csp_sys_set_color
                0x00005b56       0xac csp_system.o
                0x00005b56                csp_sys_set_color
 .text.csp_thread_create
                0x00005c02       0x26 csp_thread.o
                0x00005c02                csp_thread_create
 .text.csp_get_ms
                0x00005c28       0x20 csp_time.o
                0x00005c28                csp_get_ms
 .text.csp_get_s
                0x00005c48       0x22 csp_time.o
                0x00005c48                csp_get_s
 .text.csp_udp_new_packet
                0x00005c6a       0x90 csp_udp.o
                0x00005c6a                csp_udp_new_packet
 .text.prvInsertBlockIntoFreeList
                0x00005cfa       0x9a heap_4.o
 .text.vPortFree
                0x00005d94       0x62 heap_4.o
                0x00005d94                vPortFree
 .text.vApplicationMallocFailedHook
                0x00005df6       0x1e heap_4.o
                0x00005df6                vApplicationMallocFailedHook
 .text.pvPortMalloc
                0x00005e14      0x16a heap_4.o
                0x00005e14                pvPortMalloc
 .text.vListInitialise
                0x00005f7e       0x1c list.o
                0x00005f7e                vListInitialise
 .text.vListInitialiseItem
                0x00005f9a        0x8 list.o
                0x00005f9a                vListInitialiseItem
 .text.vListInsertEnd
                0x00005fa2       0x42 list.o
                0x00005fa2                vListInsertEnd
 .text.vListInsert
                0x00005fe4       0x62 list.o
                0x00005fe4                vListInsert
 .text.uxListRemove
                0x00006046       0x4e list.o
                0x00006046                uxListRemove
 .text.pxPortInitialiseStack
                0x00006094       0xe4 port.o
                0x00006094                pxPortInitialiseStack
 .text.xPortStartScheduler
                0x00006178       0x7e port.o
                0x00006178                xPortStartScheduler
 .text.vPortYield
                0x000061f6       0xc2 port.o
                0x000061f6                vPortYield
 .text.vPortYieldFromTick
                0x000062b8       0xc6 port.o
                0x000062b8                vPortYieldFromTick
 .text.__vector_17
                0x0000637e        0x4 port.o
                0x0000637e                __vector_17
 .text.prvIsQueueEmpty
                0x00006382       0x16 queue.o
 .text.prvCopyDataToQueue
                0x00006398       0xbe queue.o
 .text.prvCopyDataFromQueue
                0x00006456       0x34 queue.o
 .text.prvUnlockQueue
                0x0000648a       0x96 queue.o
 .text.xQueueGenericReset
                0x00006520       0x84 queue.o
                0x00006520                xQueueGenericReset
 .text.xQueueGenericCreate
                0x000065a4       0x5c queue.o
                0x000065a4                xQueueGenericCreate
 .text.xQueueGenericSend
                0x00006600      0x124 queue.o
                0x00006600                xQueueGenericSend
 .text.xQueueCreateMutex
                0x00006724       0x30 queue.o
                0x00006724                xQueueCreateMutex
 .text.xQueueGenericSendFromISR
                0x00006754       0x70 queue.o
                0x00006754                xQueueGenericSendFromISR
 .text.xQueueReceive
                0x000067c4      0x112 queue.o
                0x000067c4                xQueueReceive
 .text.xQueueSemaphoreTake
                0x000068d6      0x178 queue.o
                0x000068d6                xQueueSemaphoreTake
 .text.xQueueReceiveFromISR
                0x00006a4e       0x6a queue.o
                0x00006a4e                xQueueReceiveFromISR
 .text.uxQueueMessagesWaiting
                0x00006ab8       0x10 queue.o
                0x00006ab8                uxQueueMessagesWaiting
 .text.vQueueWaitForMessageRestricted
                0x00006ac8       0x36 queue.o
                0x00006ac8                vQueueWaitForMessageRestricted
 .text.__vector_25
                0x00006afe       0x86 serial.o
                0x00006afe                __vector_25
 .text.__vector_26
                0x00006b84       0x8c serial.o
                0x00006b84                __vector_26
 .text.prvResetNextTaskUnblockTime
                0x00006c10       0x3e tasks.o
 .text.prvIdleTask
                0x00006c4e       0x68 tasks.o
 .text.prvAddCurrentTaskToDelayedList
                0x00006cb6       0xa8 tasks.o
 .text.xTaskCreate
                0x00006d5e      0x22e tasks.o
                0x00006d5e                xTaskCreate
 .text.eTaskGetState
                0x00006f8c       0x82 tasks.o
                0x00006f8c                eTaskGetState
 .text.xTaskResumeFromISR
                0x0000700e       0xae tasks.o
                0x0000700e                xTaskResumeFromISR
 .text.vTaskStartScheduler
                0x000070bc       0x56 tasks.o
                0x000070bc                vTaskStartScheduler
 .text.vTaskSuspendAll
                0x00007112        0xc tasks.o
                0x00007112                vTaskSuspendAll
 .text.xTaskGetTickCount
                0x0000711e       0x14 tasks.o
                0x0000711e                xTaskGetTickCount
 .text.uxTaskGetNumberOfTasks
                0x00007132        0x6 tasks.o
                0x00007132                uxTaskGetNumberOfTasks
 .text.pcTaskGetName
                0x00007138       0x10 tasks.o
                0x00007138                pcTaskGetName
 .text.xTaskIncrementTick
                0x00007148      0x144 tasks.o
                0x00007148                xTaskIncrementTick
 .text.xTaskResumeAll
                0x0000728c       0xfa tasks.o
                0x0000728c                xTaskResumeAll
 .text.vTaskDelay
                0x00007386       0x22 tasks.o
                0x00007386                vTaskDelay
 .text.vTaskPlaceOnEventList
                0x000073a8       0x22 tasks.o
                0x000073a8                vTaskPlaceOnEventList
 .text.vTaskPlaceOnEventListRestricted
                0x000073ca       0x30 tasks.o
                0x000073ca                vTaskPlaceOnEventListRestricted
 .text.xTaskRemoveFromEventList
                0x000073fa       0x90 tasks.o
                0x000073fa                xTaskRemoveFromEventList
 .text.vTaskInternalSetTimeOutState
                0x0000748a       0x16 tasks.o
                0x0000748a                vTaskInternalSetTimeOutState
 .text.xTaskCheckForTimeOut
                0x000074a0       0x6a tasks.o
                0x000074a0                xTaskCheckForTimeOut
 .text.vTaskMissedYield
                0x0000750a        0x8 tasks.o
                0x0000750a                vTaskMissedYield
 .text.vTaskGetInfo
                0x00007512       0xd0 tasks.o
                0x00007512                vTaskGetInfo
 .text.prvListTasksWithinSingleList
                0x000075e2       0xb0 tasks.o
 .text.uxTaskGetSystemState
                0x00007692       0xda tasks.o
                0x00007692                uxTaskGetSystemState
 .text.uxTaskGetStackHighWaterMark2
                0x0000776c       0x3a tasks.o
                0x0000776c                uxTaskGetStackHighWaterMark2
 .text.xTaskGetSchedulerState
                0x000077a6       0x1c tasks.o
                0x000077a6                xTaskGetSchedulerState
 .text.xTaskPriorityInherit
                0x000077c2       0xe4 tasks.o
                0x000077c2                xTaskPriorityInherit
 .text.xTaskPriorityDisinherit
                0x000078a6       0x80 tasks.o
                0x000078a6                xTaskPriorityDisinherit
 .text.vTaskPriorityDisinheritAfterTimeout
                0x00007926       0xa0 tasks.o
                0x00007926                vTaskPriorityDisinheritAfterTimeout
 .text.vTaskList
                0x000079c6      0x170 tasks.o
                0x000079c6                vTaskList
 .text.pvTaskIncrementMutexHeldCount
                0x00007b36       0x24 tasks.o
                0x00007b36                pvTaskIncrementMutexHeldCount
 .text.vApplicationStackOverflowHook
                0x00007b5a       0x20 tasks.o
                0x00007b5a                vApplicationStackOverflowHook
 .text.vTaskSwitchContext
                0x00007b7a      0x138 tasks.o
                0x00007b7a                vTaskSwitchContext
 .text.vTaskSuspend
                0x00007cb2       0xa2 tasks.o
                0x00007cb2                vTaskSuspend
 .text.prvInsertTimerInActiveList
                0x00007d54       0x5e timers.o
 .text.prvCheckForValidListAndQueue
                0x00007db2       0x52 timers.o
 .text.xTimerCreateTimerTask
                0x00007e04       0x42 timers.o
                0x00007e04                xTimerCreateTimerTask
 .text.xTimerGenericCommand
                0x00007e46       0x8e timers.o
                0x00007e46                xTimerGenericCommand
 .text.prvSampleTimeNow
                0x00007ed4       0xdc timers.o
 .text.prvTimerTask
                0x00007fb0      0x1f8 timers.o
 .text.avr-libc.fplib
                0x000081a8       0x7a c:/program files (x86)/atmel/studio/7.0/toolchain/avr8/avr8-gnu-toolchain/bin/../lib/gcc/avr/5.4.0/../../../../avr/lib/avr6\libm.a(floatsisf.o)
                0x000081a8                __floatunsisf
                0x000081ac                __floatsisf
 .text.avr-libc.fplib
                0x00008222        0x4 c:/program files (x86)/atmel/studio/7.0/toolchain/avr8/avr8-gnu-toolchain/bin/../lib/gcc/avr/5.4.0/../../../../avr/lib/avr6\libm.a(mulsf3.o)
                0x00008222                __mulsf3
 .text.avr-libc.fplib
                0x00008226       0xc2 c:/program files (x86)/atmel/studio/7.0/toolchain/avr8/avr8-gnu-toolchain/bin/../lib/gcc/avr/5.4.0/../../../../avr/lib/avr6\libm.a(mulsf3x.o)
                0x0000823a                __mulsf3x
                0x0000823e                __mulsf3_pse
 .text.avr-libc.fplib
                0x000082e8        0xc c:/program files (x86)/atmel/studio/7.0/toolchain/avr8/avr8-gnu-toolchain/bin/../lib/gcc/avr/5.4.0/../../../../avr/lib/avr6\libm.a(fp_inf.o)
                0x000082e8                __fp_inf
 .text.avr-libc.fplib
                0x000082f4        0x6 c:/program files (x86)/atmel/studio/7.0/toolchain/avr8/avr8-gnu-toolchain/bin/../lib/gcc/avr/5.4.0/../../../../avr/lib/avr6\libm.a(fp_nan.o)
                0x000082f4                __fp_nan
 .text.avr-libc.fplib
                0x000082fa        0xe c:/program files (x86)/atmel/studio/7.0/toolchain/avr8/avr8-gnu-toolchain/bin/../lib/gcc/avr/5.4.0/../../../../avr/lib/avr6\libm.a(fp_pscA.o)
                0x000082fa                __fp_pscA
 .text.avr-libc.fplib
                0x00008308        0xe c:/program files (x86)/atmel/studio/7.0/toolchain/avr8/avr8-gnu-toolchain/bin/../lib/gcc/avr/5.4.0/../../../../avr/lib/avr6\libm.a(fp_pscB.o)
                0x00008308                __fp_pscB
 .text.avr-libc.fplib
                0x00008316       0x22 c:/program files (x86)/atmel/studio/7.0/toolchain/avr8/avr8-gnu-toolchain/bin/../lib/gcc/avr/5.4.0/../../../../avr/lib/avr6\libm.a(fp_round.o)
                0x00008316                __fp_round
 .text.avr-libc.fplib
                0x00008338       0x44 c:/program files (x86)/atmel/studio/7.0/toolchain/avr8/avr8-gnu-toolchain/bin/../lib/gcc/avr/5.4.0/../../../../avr/lib/avr6\libm.a(fp_split3.o)
                0x00008338                __fp_split3
                0x00008348                __fp_splitA
 .text.avr-libc.fplib
                0x0000837c        0xe c:/program files (x86)/atmel/studio/7.0/toolchain/avr8/avr8-gnu-toolchain/bin/../lib/gcc/avr/5.4.0/../../../../avr/lib/avr6\libm.a(fp_zero.o)
                0x0000837c                __fp_zero
                0x0000837e                __fp_szero
 .text.libgcc.div
                0x0000838a       0x26 c:/program files (x86)/atmel/studio/7.0/toolchain/avr8/avr8-gnu-toolchain/bin/../lib/gcc/avr/5.4.0/avr6\libgcc.a(_divmodhi4.o)
                0x0000838a                _div
                0x0000838a                __divmodhi4
 .text.libgcc.div
                0x000083b0       0x44 c:/program files (x86)/atmel/studio/7.0/toolchain/avr8/avr8-gnu-toolchain/bin/../lib/gcc/avr/5.4.0/avr6\libgcc.a(_udivmodsi4.o)
                0x000083b0                __udivmodsi4
 .text.libgcc.div
                0x000083f4       0x28 c:/program files (x86)/atmel/studio/7.0/toolchain/avr8/avr8-gnu-toolchain/bin/../lib/gcc/avr/5.4.0/avr6\libgcc.a(_divmodsi4.o)
                0x000083f4                __divmodsi4
 .text.libgcc.div
                0x0000841c       0x10 c:/program files (x86)/atmel/studio/7.0/toolchain/avr8/avr8-gnu-toolchain/bin/../lib/gcc/avr/5.4.0/avr6\libgcc.a(_negsi2.o)
                0x0000841c                __negsi2
 .text.libgcc   0x0000842c       0x10 c:/program files (x86)/atmel/studio/7.0/toolchain/avr8/avr8-gnu-toolchain/bin/../lib/gcc/avr/5.4.0/avr6\libgcc.a(_tablejump2.o)
                0x0000842c                __tablejump2__
 .text.libgcc.mul
                0x0000843c       0x1e c:/program files (x86)/atmel/studio/7.0/toolchain/avr8/avr8-gnu-toolchain/bin/../lib/gcc/avr/5.4.0/avr6\libgcc.a(_umulhisi3.o)
                0x0000843c                __umulhisi3
 .text.libgcc.div
                0x0000845a       0x28 c:/program files (x86)/atmel/studio/7.0/toolchain/avr8/avr8-gnu-toolchain/bin/../lib/gcc/avr/5.4.0/avr6\libgcc.a(_udivmodhi4.o)
                0x0000845a                __udivmodhi4
 .text.avr-libc
                0x00008482       0xaa c:/program files (x86)/atmel/studio/7.0/toolchain/avr8/avr8-gnu-toolchain/bin/../lib/gcc/avr/5.4.0/../../../../avr/lib/avr6\libc.a(rand.o)
                0x0000850e                rand_r
                0x00008510                rand
                0x00008516                srand
 .text.avr-libc
                0x0000852c       0x1a c:/program files (x86)/atmel/studio/7.0/toolchain/avr8/avr8-gnu-toolchain/bin/../lib/gcc/avr/5.4.0/../../../../avr/lib/avr6\libc.a(memcmp.o)
                0x0000852c                memcmp
 .text.avr-libc
                0x00008546       0x12 c:/program files (x86)/atmel/studio/7.0/toolchain/avr8/avr8-gnu-toolchain/bin/../lib/gcc/avr/5.4.0/../../../../avr/lib/avr6\libc.a(memcpy.o)
                0x00008546                memcpy
 .text.avr-libc
                0x00008558        0xe c:/program files (x86)/atmel/studio/7.0/toolchain/avr8/avr8-gnu-toolchain/bin/../lib/gcc/avr/5.4.0/../../../../avr/lib/avr6\libc.a(memset.o)
                0x00008558                memset
 .text.avr-libc
                0x00008566        0xe c:/program files (x86)/atmel/studio/7.0/toolchain/avr8/avr8-gnu-toolchain/bin/../lib/gcc/avr/5.4.0/../../../../avr/lib/avr6\libc.a(strcpy.o)
                0x00008566                strcpy
 .text.avr-libc
                0x00008574       0x1c c:/program files (x86)/atmel/studio/7.0/toolchain/avr8/avr8-gnu-toolchain/bin/../lib/gcc/avr/5.4.0/../../../../avr/lib/avr6\libc.a(strncmp.o)
                0x00008574                strncmp
 .text.avr-libc
                0x00008590       0x1e c:/program files (x86)/atmel/studio/7.0/toolchain/avr8/avr8-gnu-toolchain/bin/../lib/gcc/avr/5.4.0/../../../../avr/lib/avr6\libc.a(strncpy.o)
                0x00008590                strncpy
 .text.avr-libc
                0x000085ae       0x16 c:/program files (x86)/atmel/studio/7.0/toolchain/avr8/avr8-gnu-toolchain/bin/../lib/gcc/avr/5.4.0/../../../../avr/lib/avr6\libc.a(strnlen.o)
                0x000085ae                strnlen
 .text.avr-libc
                0x000085c4       0x94 c:/program files (x86)/atmel/studio/7.0/toolchain/avr8/avr8-gnu-toolchain/bin/../lib/gcc/avr/5.4.0/../../../../avr/lib/avr6\libc.a(fdevopen.o)
                0x000085c4                fdevopen
 .text.avr-libc
                0x00008658       0x26 c:/program files (x86)/atmel/studio/7.0/toolchain/avr8/avr8-gnu-toolchain/bin/../lib/gcc/avr/5.4.0/../../../../avr/lib/avr6\libc.a(printf.o)
                0x00008658                printf
 .text.avr-libc
                0x0000867e       0x4e c:/program files (x86)/atmel/studio/7.0/toolchain/avr8/avr8-gnu-toolchain/bin/../lib/gcc/avr/5.4.0/../../../../avr/lib/avr6\libc.a(printf_p.o)
                0x0000867e                printf_P
 .text.avr-libc
                0x000086cc       0x60 c:/program files (x86)/atmel/studio/7.0/toolchain/avr8/avr8-gnu-toolchain/bin/../lib/gcc/avr/5.4.0/../../../../avr/lib/avr6\libc.a(puts.o)
                0x000086cc                puts
 .text.avr-libc
                0x0000872c       0x78 c:/program files (x86)/atmel/studio/7.0/toolchain/avr8/avr8-gnu-toolchain/bin/../lib/gcc/avr/5.4.0/../../../../avr/lib/avr6\libc.a(snprintf_p.o)
                0x0000872c                snprintf_P
 .text.avr-libc
                0x000087a4       0x5c c:/program files (x86)/atmel/studio/7.0/toolchain/avr8/avr8-gnu-toolchain/bin/../lib/gcc/avr/5.4.0/../../../../avr/lib/avr6\libc.a(sprintf.o)
                0x000087a4                sprintf
 .text.avr-libc
                0x00008800       0x1c c:/program files (x86)/atmel/studio/7.0/toolchain/avr8/avr8-gnu-toolchain/bin/../lib/gcc/avr/5.4.0/../../../../avr/lib/avr6\libc.a(vfprintf_p.o)
                0x00008800                vfprintf_P
 .text.avr-libc
                0x0000881c      0x3fa c:/program files (x86)/atmel/studio/7.0/toolchain/avr8/avr8-gnu-toolchain/bin/../lib/gcc/avr/5.4.0/../../../../avr/lib/avr6\libc.a(vfprintf_std.o)
                0x0000881c                vfprintf
 .text.avr-libc
                0x00008c16       0x34 c:/program files (x86)/atmel/studio/7.0/toolchain/avr8/avr8-gnu-toolchain/bin/../lib/gcc/avr/5.4.0/../../../../avr/lib/avr6\libc.a(calloc.o)
                0x00008c16                calloc
 .text.avr-libc
                0x00008c4a      0x242 c:/program files (x86)/atmel/studio/7.0/toolchain/avr8/avr8-gnu-toolchain/bin/../lib/gcc/avr/5.4.0/../../../../avr/lib/avr6\libc.a(malloc.o)
                0x00008c4a                malloc
                0x00008d7a                free
 .text.avr-libc
                0x00008e8c       0x16 c:/program files (x86)/atmel/studio/7.0/toolchain/avr8/avr8-gnu-toolchain/bin/../lib/gcc/avr/5.4.0/../../../../avr/lib/avr6\libc.a(strnlen_P.o)
                0x00008e8c                strnlen_P
 .text.avr-libc
                0x00008ea2       0x78 c:/program files (x86)/atmel/studio/7.0/toolchain/avr8/avr8-gnu-toolchain/bin/../lib/gcc/avr/5.4.0/../../../../avr/lib/avr6\libc.a(fputc.o)
                0x00008ea2                fputc
 .text.avr-libc
                0x00008f1a       0xbc c:/program files (x86)/atmel/studio/7.0/toolchain/avr8/avr8-gnu-toolchain/bin/../lib/gcc/avr/5.4.0/../../../../avr/lib/avr6\libc.a(ultoa_invert.o)
                0x00008f1a                __ultoa_invert
 .text.libgcc.mul
                0x00008fd6       0x14 c:/program files (x86)/atmel/studio/7.0/toolchain/avr8/avr8-gnu-toolchain/bin/../lib/gcc/avr/5.4.0/avr6\libgcc.a(_muluhisi3.o)
                0x00008fd6                __muluhisi3
 .text.libgcc.mul
                0x00008fea        0xc c:/program files (x86)/atmel/studio/7.0/toolchain/avr8/avr8-gnu-toolchain/bin/../lib/gcc/avr/5.4.0/avr6\libgcc.a(_mulshisi3.o)
                0x00008fea                __mulshisi3
                0x00008fee                __mulohisi3
                0x00008ff6                . = ALIGN (0x2)
 *(.fini9)
 .fini9         0x00008ff6        0x0 c:/program files (x86)/atmel/studio/7.0/toolchain/avr8/avr8-gnu-toolchain/bin/../lib/gcc/avr/5.4.0/avr6\libgcc.a(_exit.o)
                0x00008ff6                _exit
                0x00008ff6                exit
 *(.fini9)
 *(.fini8)
 *(.fini8)
 *(.fini7)
 *(.fini7)
 *(.fini6)
 *(.fini6)
 *(.fini5)
 *(.fini5)
 *(.fini4)
 *(.fini4)
 *(.fini3)
 *(.fini3)
 *(.fini2)
 *(.fini2)
 *(.fini1)
 *(.fini1)
 *(.fini0)
 .fini0         0x00008ff6        0x4 c:/program files (x86)/atmel/studio/7.0/toolchain/avr8/avr8-gnu-toolchain/bin/../lib/gcc/avr/5.4.0/avr6\libgcc.a(_exit.o)
 *(.fini0)
                0x00008ffa                _etext = .

.data           0x00800200      0x11e load address 0x00008ffa
                0x00800200                PROVIDE (__data_start, .)
 *(.data)
 .data          0x00800200        0x4 c:/program files (x86)/atmel/studio/7.0/toolchain/avr8/avr8-gnu-toolchain/bin/../lib/gcc/avr/5.4.0/../../../../avr/lib/avr6\libc.a(rand.o)
 .data          0x00800204        0x6 c:/program files (x86)/atmel/studio/7.0/toolchain/avr8/avr8-gnu-toolchain/bin/../lib/gcc/avr/5.4.0/../../../../avr/lib/avr6\libc.a(malloc.o)
                0x00800204                __malloc_heap_end
                0x00800206                __malloc_heap_start
                0x00800208                __malloc_margin
 *(.data*)
 .data.csp_debug_level_enabled
                0x0080020a        0x8 csp_debug.o
 .data.csp_if_can
                0x00800212       0x33 csp_if_can.o
                0x00800212                csp_if_can
 .data.csp_if_lo
                0x00800245       0x33 csp_if_lo.o
                0x00800245                csp_if_lo
 .data.csp_revision
                0x00800278        0x2 csp_io.o
 .data.csp_cmp_memcpy_fnc
                0x0080027a        0x2 csp_service_handler.o
 .data.can_conf
                0x0080027c        0xa main.o
                0x0080027c                can_conf
 *(.gnu.linkonce.d*)
 *(.rodata)
 *(.rodata*)
 .rodata.str1.1
                0x00800286        0x4 can.o
 .rodata.str1.1
                0x0080028a        0x4 csp_if_can.o
 .rodata.str1.1
                0x0080028a        0x5 csp_if_lo.o
 .rodata.str1.1
                0x0080028f        0x5 csp_io.o
                                  0x1 (size before relaxing)
 .rodata.str1.1
                0x0080028f        0x4 csp_route.o
 .rodata.str1.1
                0x00800293       0x27 csp_service_handler.o
 .rodata.str1.1
                0x008002ba       0x13 heap_4.o
 .rodata.str1.1
                0x008002cd       0x1d main.o
 .rodata._ZN7MCP25153RXBE
                0x008002ea        0x8 mcp2515.o
                0x008002ea                _ZN7MCP25153RXBE
 .rodata._ZN7MCP25153TXBE
                0x008002f2        0x9 mcp2515.o
                0x008002f2                _ZN7MCP25153TXBE
 .rodata.str1.1
                0x008002fb       0x1a tasks.o
                                 0x26 (size before relaxing)
 .rodata.str1.1
                0x00800315        0x8 timers.o
 *(.gnu.linkonce.r*)
                0x0080031e                . = ALIGN (0x2)
 *fill*         0x0080031d        0x1 
                0x0080031e                _edata = .
                0x0080031e                PROVIDE (__data_end, .)

.bss            0x0080031e     0x1d5f
                0x0080031e                PROVIDE (__bss_start, .)
 *(.bss)
 *(.bss*)
 .bss._ZZ9CanRxFuncE6frameo
                0x0080031e       0x5b can.o
 *fill*         0x00800379        0x7 
 .bss._ZZ9CanRxFuncE5frame
                0x00800380       0x70 can.o
 .bss.mcp2515   0x008003f0        0x1 can.o
                0x008003f0                mcp2515
 .bss.size      0x008003f1        0x2 csp_buffer.o
 .bss.count     0x008003f3        0x2 csp_buffer.o
 .bss.csp_buffer_pool
                0x008003f5        0x2 csp_buffer.o
 .bss.csp_buffers
                0x008003f7        0x2 csp_buffer.o
 .bss.csp_conn_last_given.3263
                0x008003f9        0x1 csp_conn.o
 .bss.sport_lock
                0x008003fa        0x2 csp_conn.o
 .bss.sport     0x008003fc        0x1 csp_conn.o
 .bss.conn_lock
                0x008003fd        0x2 csp_conn.o
 .bss.arr_conn  0x008003ff       0xf0 csp_conn.o
 .bss.csp_debug_hook_func
                0x008004ef        0x2 csp_debug.o
                0x008004ef                csp_debug_hook_func
 .bss.interfaces
                0x008004f1        0x2 csp_iflist.o
 .bss.csp_can_pbuf
                0x008004f3       0xaa csp_if_can.o
 .bss.csp_can_rx_queue
                0x0080059d        0x2 csp_if_can.o
 .bss.csp_can_rx_task_h
                0x0080059f        0x2 csp_if_can.o
 .bss.csp_can_id_sem
                0x008005a1        0x2 csp_if_can.o
 .bss.csp_can_id
                0x008005a3        0x2 csp_if_can.o
 .bss.csp_model
                0x008005a5        0x2 csp_io.o
 .bss.csp_hostname
                0x008005a7        0x2 csp_io.o
 .bss.csp_my_address
                0x008005a9        0x1 csp_io.o
 .bss.ports     0x008005aa       0x63 csp_port.o
 .bss.qfifo     0x0080060d        0x2 csp_qfifo.o
 .bss.handle_router.3131
                0x0080060f        0x2 csp_route.o
 .bss.routes    0x00800611       0x63 csp_rtable_static.o
 .bss.leden     0x00800674        0x2 FinCont.o
                0x00800674                leden
 .bss.xBlockAllocatedBit
                0x00800676        0x2 heap_4.o
 .bss.xMinimumEverFreeBytesRemaining
                0x00800678        0x2 heap_4.o
 .bss.xFreeBytesRemaining
                0x0080067a        0x2 heap_4.o
 .bss.pxEnd     0x0080067c        0x2 heap_4.o
 .bss.xStart    0x0080067e        0x4 heap_4.o
 .bss.ucHeap    0x00800682     0x1964 heap_4.o
 .bss.handle_canrx
                0x00801fe6        0x2 main.o
                0x00801fe6                handle_canrx
 .bss._ZZN11SPISettings17init_AlwaysInlineEmhhE8clockDiv
                0x00801fe8        0x1 mcp2515.o
                0x00801fe8                _ZZN11SPISettings17init_AlwaysInlineEmhhE8clockDiv
 .bss.xCharsForTx
                0x00801fe9        0x2 serial.o
 .bss.xRxedChars
                0x00801feb        0x2 serial.o
 .bss._ZN8SPIClass13interruptSaveE
                0x00801fed        0x1 SPI.o
                0x00801fed                _ZN8SPIClass13interruptSaveE
 .bss._ZN8SPIClass13interruptMaskE
                0x00801fee        0x1 SPI.o
                0x00801fee                _ZN8SPIClass13interruptMaskE
 .bss._ZN8SPIClass13interruptModeE
                0x00801fef        0x1 SPI.o
                0x00801fef                _ZN8SPIClass13interruptModeE
 .bss._ZN8SPIClass11initializedE
                0x00801ff0        0x1 SPI.o
                0x00801ff0                _ZN8SPIClass11initializedE
 .bss.uxSchedulerSuspended
                0x00801ff1        0x1 tasks.o
 .bss.xIdleTaskHandle
                0x00801ff2        0x2 tasks.o
 .bss.xNextTaskUnblockTime
                0x00801ff4        0x2 tasks.o
 .bss.uxTaskNumber
                0x00801ff6        0x1 tasks.o
 .bss.xNumOfOverflows
                0x00801ff7        0x1 tasks.o
 .bss.xYieldPending
                0x00801ff8        0x1 tasks.o
 .bss.uxPendedTicks
                0x00801ff9        0x1 tasks.o
 .bss.xSchedulerRunning
                0x00801ffa        0x1 tasks.o
 .bss.uxTopReadyPriority
                0x00801ffb        0x1 tasks.o
 .bss.xTickCount
                0x00801ffc        0x2 tasks.o
 .bss.uxCurrentNumberOfTasks
                0x00801ffe        0x1 tasks.o
 .bss.xSuspendedTaskList
                0x00801fff        0x9 tasks.o
 .bss.uxDeletedTasksWaitingCleanUp
                0x00802008        0x1 tasks.o
 .bss.xTasksWaitingTermination
                0x00802009        0x9 tasks.o
 .bss.xPendingReadyList
                0x00802012        0x9 tasks.o
 .bss.pxOverflowDelayedTaskList
                0x0080201b        0x2 tasks.o
 .bss.pxDelayedTaskList
                0x0080201d        0x2 tasks.o
 .bss.xDelayedTaskList2
                0x0080201f        0x9 tasks.o
 .bss.xDelayedTaskList1
                0x00802028        0x9 tasks.o
 .bss.pxReadyTasksLists
                0x00802031       0x24 tasks.o
 .bss.pxCurrentTCB
                0x00802055        0x2 tasks.o
                0x00802055                pxCurrentTCB
 .bss.xLastTime.2399
                0x00802057        0x2 timers.o
 .bss.xTimerTaskHandle
                0x00802059        0x2 timers.o
 .bss.xTimerQueue
                0x0080205b        0x2 timers.o
 .bss.pxOverflowTimerList
                0x0080205d        0x2 timers.o
 .bss.pxCurrentTimerList
                0x0080205f        0x2 timers.o
 .bss.xActiveTimerList2
                0x00802061        0x9 timers.o
 .bss.xActiveTimerList1
                0x0080206a        0x9 timers.o
 *(COMMON)
 COMMON         0x00802073        0x6 c:/program files (x86)/atmel/studio/7.0/toolchain/avr8/avr8-gnu-toolchain/bin/../lib/gcc/avr/5.4.0/../../../../avr/lib/avr6\libc.a(iob.o)
                0x00802073                __iob
 COMMON         0x00802079        0x4 c:/program files (x86)/atmel/studio/7.0/toolchain/avr8/avr8-gnu-toolchain/bin/../lib/gcc/avr/5.4.0/../../../../avr/lib/avr6\libc.a(malloc.o)
                0x00802079                __brkval
                0x0080207b                __flp
                0x0080207d                PROVIDE (__bss_end, .)
                0x00008ffa                __data_load_start = LOADADDR (.data)
                0x00009118                __data_load_end = (__data_load_start + SIZEOF (.data))

.noinit         0x0080207d        0x0
                [!provide]                PROVIDE (__noinit_start, .)
 *(.noinit*)
                [!provide]                PROVIDE (__noinit_end, .)
                0x0080207d                _end = .
                0x0080207d                PROVIDE (__heap_start, .)

.eeprom         0x00810000        0x0
 *(.eeprom*)
                0x00810000                __eeprom_end = .

.fuse           0x00820000        0x3
 *(.fuse)
 .fuse          0x00820000        0x3 main.o
                0x00820000                __fuse
 *(.lfuse)
 *(.hfuse)
 *(.efuse)

.lock
 *(.lock*)

.signature
 *(.signature*)

.user_signatures
 *(.user_signatures*)

.stab
 *(.stab)

.stabstr
 *(.stabstr)

.stab.excl
 *(.stab.excl)

.stab.exclstr
 *(.stab.exclstr)

.stab.index
 *(.stab.index)

.stab.indexstr
 *(.stab.indexstr)

.comment        0x00000000       0x5c
 *(.comment)
 .comment       0x00000000       0x30 avr_usart_init.o
                                 0x31 (size before relaxing)
 .comment       0x00000030       0x31 can.o
 .comment       0x00000030       0x31 csp_buffer.o
 .comment       0x00000030       0x31 csp_conn.o
 .comment       0x00000030       0x31 csp_crc32.o
 .comment       0x00000030       0x31 csp_debug.o
 .comment       0x00000030       0x31 csp_endian.o
 .comment       0x00000030       0x31 csp_iflist.o
 .comment       0x00000030       0x31 csp_if_can.o
 .comment       0x00000030       0x31 csp_if_lo.o
 .comment       0x00000030       0x31 csp_io.o
 .comment       0x00000030       0x31 csp_malloc.o
 .comment       0x00000030       0x31 csp_port.o
 .comment       0x00000030       0x31 csp_qfifo.o
 .comment       0x00000030       0x31 csp_queue.o
 .comment       0x00000030       0x31 csp_route.o
 .comment       0x00000030       0x31 csp_rtable_static.o
 .comment       0x00000030       0x31 csp_semaphore.o
 .comment       0x00000030       0x31 csp_services.o
 .comment       0x00000030       0x31 csp_service_handler.o
 .comment       0x00000030       0x31 csp_system.o
 .comment       0x00000030       0x31 csp_thread.o
 .comment       0x00000030       0x31 csp_time.o
 .comment       0x00000030       0x31 csp_udp.o
 .comment       0x00000030       0x31 FinCont.o
 .comment       0x00000030       0x31 heap_4.o
 .comment       0x00000030       0x31 list.o
 .comment       0x00000030       0x31 main.o
 .comment       0x00000030       0x31 mcp2515.o
 .comment       0x00000030       0x31 port.o
 .comment       0x00000030       0x31 queue.o
 .comment       0x00000030       0x31 serial.o
 .comment       0x00000030       0x31 SPI.o
 .comment       0x00000030       0x31 tasks.o
 .comment       0x00000030       0x31 timers.o
 .comment       0x00000030       0x31 c:/program files (x86)/atmel/studio/7.0/toolchain/avr8/avr8-gnu-toolchain/bin/../lib/gcc/avr/5.4.0/../../../../avr/lib/avr6\libc.a(rand.o)
 .comment       0x00000030       0x31 c:/program files (x86)/atmel/studio/7.0/toolchain/avr8/avr8-gnu-toolchain/bin/../lib/gcc/avr/5.4.0/../../../../avr/lib/avr6\libc.a(fdevopen.o)
 .comment       0x00000030       0x31 c:/program files (x86)/atmel/studio/7.0/toolchain/avr8/avr8-gnu-toolchain/bin/../lib/gcc/avr/5.4.0/../../../../avr/lib/avr6\libc.a(iob.o)
 .comment       0x00000030       0x31 c:/program files (x86)/atmel/studio/7.0/toolchain/avr8/avr8-gnu-toolchain/bin/../lib/gcc/avr/5.4.0/../../../../avr/lib/avr6\libc.a(printf.o)
 .comment       0x00000030       0x31 c:/program files (x86)/atmel/studio/7.0/toolchain/avr8/avr8-gnu-toolchain/bin/../lib/gcc/avr/5.4.0/../../../../avr/lib/avr6\libc.a(printf_p.o)
 .comment       0x00000030       0x31 c:/program files (x86)/atmel/studio/7.0/toolchain/avr8/avr8-gnu-toolchain/bin/../lib/gcc/avr/5.4.0/../../../../avr/lib/avr6\libc.a(puts.o)
 .comment       0x00000030       0x31 c:/program files (x86)/atmel/studio/7.0/toolchain/avr8/avr8-gnu-toolchain/bin/../lib/gcc/avr/5.4.0/../../../../avr/lib/avr6\libc.a(snprintf_p.o)
 .comment       0x00000030       0x31 c:/program files (x86)/atmel/studio/7.0/toolchain/avr8/avr8-gnu-toolchain/bin/../lib/gcc/avr/5.4.0/../../../../avr/lib/avr6\libc.a(sprintf.o)
 .comment       0x00000030       0x31 c:/program files (x86)/atmel/studio/7.0/toolchain/avr8/avr8-gnu-toolchain/bin/../lib/gcc/avr/5.4.0/../../../../avr/lib/avr6\libc.a(vfprintf_p.o)
 .comment       0x00000030       0x2c c:/program files (x86)/atmel/studio/7.0/toolchain/avr8/avr8-gnu-toolchain/bin/../lib/gcc/avr/5.4.0/../../../../avr/lib/avr6\libc.a(vfprintf_std.o)
                                 0x2d (size before relaxing)
 .comment       0x0000005c       0x31 c:/program files (x86)/atmel/studio/7.0/toolchain/avr8/avr8-gnu-toolchain/bin/../lib/gcc/avr/5.4.0/../../../../avr/lib/avr6\libc.a(calloc.o)
 .comment       0x0000005c       0x31 c:/program files (x86)/atmel/studio/7.0/toolchain/avr8/avr8-gnu-toolchain/bin/../lib/gcc/avr/5.4.0/../../../../avr/lib/avr6\libc.a(malloc.o)
 .comment       0x0000005c       0x31 c:/program files (x86)/atmel/studio/7.0/toolchain/avr8/avr8-gnu-toolchain/bin/../lib/gcc/avr/5.4.0/../../../../avr/lib/avr6\libc.a(fputc.o)

.note.gnu.avr.deviceinfo
                0x00000000       0x40
 .note.gnu.avr.deviceinfo
                0x00000000       0x40 c:/program files (x86)/atmel/studio/7.0/toolchain/avr8/avr8-gnu-toolchain/bin/../lib/gcc/avr/5.4.0/../../../../avr/lib/avr6/crtatmega2560.o

.note.gnu.build-id
 *(.note.gnu.build-id)

.debug
 *(.debug)

.line
 *(.line)

.debug_srcinfo
 *(.debug_srcinfo)

.debug_sfnames
 *(.debug_sfnames)

.debug_aranges  0x00000000      0xc28
 *(.debug_aranges)
 .debug_aranges
                0x00000000       0x60 avr_usart_init.o
 .debug_aranges
                0x00000060       0x20 can.o
 .debug_aranges
                0x00000080       0x58 csp_buffer.o
 .debug_aranges
                0x000000d8       0xb0 csp_conn.o
 .debug_aranges
                0x00000188       0x30 csp_crc32.o
 .debug_aranges
                0x000001b8       0x40 csp_debug.o
 .debug_aranges
                0x000001f8       0xc8 csp_endian.o
 .debug_aranges
                0x000002c0       0x38 csp_iflist.o
 .debug_aranges
                0x000002f8       0x40 csp_if_can.o
 .debug_aranges
                0x00000338       0x20 csp_if_lo.o
 .debug_aranges
                0x00000358       0xb8 csp_io.o
 .debug_aranges
                0x00000410       0x28 csp_malloc.o
 .debug_aranges
                0x00000438       0x38 csp_port.o
 .debug_aranges
                0x00000470       0x30 csp_qfifo.o
 .debug_aranges
                0x000004a0       0x58 csp_queue.o
 .debug_aranges
                0x000004f8       0x38 csp_route.o
 .debug_aranges
                0x00000530       0x50 csp_rtable_static.o
 .debug_aranges
                0x00000580       0x60 csp_semaphore.o
 .debug_aranges
                0x000005e0       0x60 csp_services.o
 .debug_aranges
                0x00000640       0x30 csp_service_handler.o
 .debug_aranges
                0x00000670       0x48 csp_system.o
 .debug_aranges
                0x000006b8       0x20 csp_thread.o
 .debug_aranges
                0x000006d8       0x38 csp_time.o
 .debug_aranges
                0x00000710       0x20 csp_udp.o
 .debug_aranges
                0x00000730       0x20 FinCont.o
 .debug_aranges
                0x00000750       0x50 heap_4.o
 .debug_aranges
                0x000007a0       0x40 list.o
 .debug_aranges
                0x000007e0       0x20 main.o
 .debug_aranges
                0x00000800       0x20 mcp2515.o
 .debug_aranges
                0x00000820       0x48 port.o
 .debug_aranges
                0x00000868       0xe0 queue.o
 .debug_aranges
                0x00000948       0x48 serial.o
 .debug_aranges
                0x00000990       0x20 SPI.o
 .debug_aranges
                0x000009b0      0x1d8 tasks.o
 .debug_aranges
                0x00000b88       0xa0 timers.o

.debug_pubnames
 *(.debug_pubnames)

.debug_info     0x00000000    0x155af
 *(.debug_info .gnu.linkonce.wi.*)
 .debug_info    0x00000000      0xbbc c:/program files (x86)/atmel/studio/7.0/toolchain/avr8/avr8-gnu-toolchain/bin/../lib/gcc/avr/5.4.0/../../../../avr/lib/avr6/crtatmega2560.o
 .debug_info    0x00000bbc      0x3cc avr_usart_init.o
 .debug_info    0x00000f88     0x15ad can.o
 .debug_info    0x00002535      0x746 csp_buffer.o
 .debug_info    0x00002c7b      0xd11 csp_conn.o
 .debug_info    0x0000398c      0x3dd csp_crc32.o
 .debug_info    0x00003d69      0x4b6 csp_debug.o
 .debug_info    0x0000421f      0x625 csp_endian.o
 .debug_info    0x00004844      0x50b csp_iflist.o
 .debug_info    0x00004d4f     0x11e1 csp_if_can.o
 .debug_info    0x00005f30      0x3e3 csp_if_lo.o
 .debug_info    0x00006313      0xeed csp_io.o
 .debug_info    0x00007200      0x114 csp_malloc.o
 .debug_info    0x00007314      0x44a csp_port.o
 .debug_info    0x0000775e      0x5f7 csp_qfifo.o
 .debug_info    0x00007d55      0x41f csp_queue.o
 .debug_info    0x00008174      0x9fa csp_route.o
 .debug_info    0x00008b6e      0x59e csp_rtable_static.o
 .debug_info    0x0000910c      0x478 csp_semaphore.o
 .debug_info    0x00009584      0xe89 csp_services.o
 .debug_info    0x0000a40d      0xf23 csp_service_handler.o
 .debug_info    0x0000b330      0x383 csp_system.o
 .debug_info    0x0000b6b3      0x1af csp_thread.o
 .debug_info    0x0000b862      0x14d csp_time.o
 .debug_info    0x0000b9af      0x43d csp_udp.o
 .debug_info    0x0000bdec      0x15a FinCont.o
 .debug_info    0x0000bf46      0x450 heap_4.o
 .debug_info    0x0000c396      0x2d8 list.o
 .debug_info    0x0000c66e      0xb44 main.o
 .debug_info    0x0000d1b2     0x2a7b mcp2515.o
 .debug_info    0x0000fc2d      0x263 port.o
 .debug_info    0x0000fe90     0x176e queue.o
 .debug_info    0x000115fe      0x3f8 serial.o
 .debug_info    0x000119f6      0x3e6 SPI.o
 .debug_info    0x00011ddc     0x275f tasks.o
 .debug_info    0x0001453b     0x1074 timers.o

.debug_abbrev   0x00000000     0x56f1
 *(.debug_abbrev)
 .debug_abbrev  0x00000000      0xb1a c:/program files (x86)/atmel/studio/7.0/toolchain/avr8/avr8-gnu-toolchain/bin/../lib/gcc/avr/5.4.0/../../../../avr/lib/avr6/crtatmega2560.o
 .debug_abbrev  0x00000b1a      0x1c5 avr_usart_init.o
 .debug_abbrev  0x00000cdf      0x4e4 can.o
 .debug_abbrev  0x000011c3      0x233 csp_buffer.o
 .debug_abbrev  0x000013f6      0x31a csp_conn.o
 .debug_abbrev  0x00001710      0x19f csp_crc32.o
 .debug_abbrev  0x000018af      0x239 csp_debug.o
 .debug_abbrev  0x00001ae8      0x168 csp_endian.o
 .debug_abbrev  0x00001c50      0x224 csp_iflist.o
 .debug_abbrev  0x00001e74      0x3ce csp_if_can.o
 .debug_abbrev  0x00002242      0x191 csp_if_lo.o
 .debug_abbrev  0x000023d3      0x36f csp_io.o
 .debug_abbrev  0x00002742       0xbd csp_malloc.o
 .debug_abbrev  0x000027ff      0x1d6 csp_port.o
 .debug_abbrev  0x000029d5      0x1d2 csp_qfifo.o
 .debug_abbrev  0x00002ba7       0xe2 csp_queue.o
 .debug_abbrev  0x00002c89      0x2c4 csp_route.o
 .debug_abbrev  0x00002f4d      0x278 csp_rtable_static.o
 .debug_abbrev  0x000031c5      0x10c csp_semaphore.o
 .debug_abbrev  0x000032d1      0x207 csp_services.o
 .debug_abbrev  0x000034d8      0x320 csp_service_handler.o
 .debug_abbrev  0x000037f8      0x16d csp_system.o
 .debug_abbrev  0x00003965       0xcc csp_thread.o
 .debug_abbrev  0x00003a31       0x72 csp_time.o
 .debug_abbrev  0x00003aa3      0x17d csp_udp.o
 .debug_abbrev  0x00003c20       0xb7 FinCont.o
 .debug_abbrev  0x00003cd7      0x282 heap_4.o
 .debug_abbrev  0x00003f59       0xff list.o
 .debug_abbrev  0x00004058      0x338 main.o
 .debug_abbrev  0x00004390      0x570 mcp2515.o
 .debug_abbrev  0x00004900      0x155 port.o
 .debug_abbrev  0x00004a55      0x2d8 queue.o
 .debug_abbrev  0x00004d2d      0x152 serial.o
 .debug_abbrev  0x00004e7f      0x1a6 SPI.o
 .debug_abbrev  0x00005025      0x3bd tasks.o
 .debug_abbrev  0x000053e2      0x30f timers.o

.debug_line     0x00000000     0x876e
 *(.debug_line .debug_line.* .debug_line_end)
 .debug_line    0x00000000       0x1a c:/program files (x86)/atmel/studio/7.0/toolchain/avr8/avr8-gnu-toolchain/bin/../lib/gcc/avr/5.4.0/../../../../avr/lib/avr6/crtatmega2560.o
 .debug_line    0x0000001a      0x212 avr_usart_init.o
 .debug_line    0x0000022c      0x3e1 can.o
 .debug_line    0x0000060d      0x3fd csp_buffer.o
 .debug_line    0x00000a0a      0x634 csp_conn.o
 .debug_line    0x0000103e      0x19c csp_crc32.o
 .debug_line    0x000011da      0x270 csp_debug.o
 .debug_line    0x0000144a      0x2e6 csp_endian.o
 .debug_line    0x00001730      0x1d0 csp_iflist.o
 .debug_line    0x00001900      0x5a3 csp_if_can.o
 .debug_line    0x00001ea3       0xf9 csp_if_lo.o
 .debug_line    0x00001f9c      0x6d1 csp_io.o
 .debug_line    0x0000266d       0xdf csp_malloc.o
 .debug_line    0x0000274c      0x25b csp_port.o
 .debug_line    0x000029a7      0x1ec csp_qfifo.o
 .debug_line    0x00002b93      0x21c csp_queue.o
 .debug_line    0x00002daf      0x3fb csp_route.o
 .debug_line    0x000031aa      0x221 csp_rtable_static.o
 .debug_line    0x000033cb      0x226 csp_semaphore.o
 .debug_line    0x000035f1      0x3ee csp_services.o
 .debug_line    0x000039df      0x48f csp_service_handler.o
 .debug_line    0x00003e6e      0x24a csp_system.o
 .debug_line    0x000040b8       0x74 csp_thread.o
 .debug_line    0x0000412c      0x118 csp_time.o
 .debug_line    0x00004244      0x15e csp_udp.o
 .debug_line    0x000043a2      0x144 FinCont.o
 .debug_line    0x000044e6      0x332 heap_4.o
 .debug_line    0x00004818      0x1cf list.o
 .debug_line    0x000049e7      0x385 main.o
 .debug_line    0x00004d6c      0xcd2 mcp2515.o
 .debug_line    0x00005a3e      0x29a port.o
 .debug_line    0x00005cd8      0xb50 queue.o
 .debug_line    0x00006828      0x1e5 serial.o
 .debug_line    0x00006a0d      0x20d SPI.o
 .debug_line    0x00006c1a     0x1603 tasks.o
 .debug_line    0x0000821d      0x551 timers.o

.debug_frame    0x00000000     0x33c8
 *(.debug_frame)
 .debug_frame   0x00000000       0xcc avr_usart_init.o
 .debug_frame   0x000000cc      0x120 can.o
 .debug_frame   0x000001ec      0x118 csp_buffer.o
 .debug_frame   0x00000304      0x380 csp_conn.o
 .debug_frame   0x00000684       0x9c csp_crc32.o
 .debug_frame   0x00000720       0xa0 csp_debug.o
 .debug_frame   0x000007c0      0x3c4 csp_endian.o
 .debug_frame   0x00000b84       0xdc csp_iflist.o
 .debug_frame   0x00000c60      0x158 csp_if_can.o
 .debug_frame   0x00000db8       0x38 csp_if_lo.o
 .debug_frame   0x00000df0      0x454 csp_io.o
 .debug_frame   0x00001244       0x34 csp_malloc.o
 .debug_frame   0x00001278       0xb0 csp_port.o
 .debug_frame   0x00001328       0x74 csp_qfifo.o
 .debug_frame   0x0000139c       0xbc csp_queue.o
 .debug_frame   0x00001458       0xfc csp_route.o
 .debug_frame   0x00001554      0x104 csp_rtable_static.o
 .debug_frame   0x00001658      0x130 csp_semaphore.o
 .debug_frame   0x00001788      0x33c csp_services.o
 .debug_frame   0x00001ac4       0xb8 csp_service_handler.o
 .debug_frame   0x00001b7c       0xe0 csp_system.o
 .debug_frame   0x00001c5c       0x34 csp_thread.o
 .debug_frame   0x00001c90       0x54 csp_time.o
 .debug_frame   0x00001ce4       0x40 csp_udp.o
 .debug_frame   0x00001d24       0x74 FinCont.o
 .debug_frame   0x00001d98       0xd0 heap_4.o
 .debug_frame   0x00001e68       0x88 list.o
 .debug_frame   0x00001ef0      0x188 main.o
 .debug_frame   0x00002078      0x4fc mcp2515.o
 .debug_frame   0x00002574       0x74 port.o
 .debug_frame   0x000025e8      0x360 queue.o
 .debug_frame   0x00002948      0x150 serial.o
 .debug_frame   0x00002a98       0x54 SPI.o
 .debug_frame   0x00002aec      0x710 tasks.o
 .debug_frame   0x000031fc      0x1cc timers.o

.debug_str      0x00000000     0x529d
 *(.debug_str)
 .debug_str     0x00000000      0x3e6 c:/program files (x86)/atmel/studio/7.0/toolchain/avr8/avr8-gnu-toolchain/bin/../lib/gcc/avr/5.4.0/../../../../avr/lib/avr6/crtatmega2560.o
 .debug_str     0x000003e6      0x22f avr_usart_init.o
                                0x278 (size before relaxing)
 .debug_str     0x00000615     0x149d can.o
                               0x163f (size before relaxing)
 .debug_str     0x00001ab2      0x20a csp_buffer.o
                                0x49a (size before relaxing)
 .debug_str     0x00001cbc      0x30c csp_conn.o
                                0x63a (size before relaxing)
 .debug_str     0x00001fc8       0x73 csp_crc32.o
                                0x295 (size before relaxing)
 .debug_str     0x0000203b      0x1c3 csp_debug.o
                                0x422 (size before relaxing)
 .debug_str     0x000021fe      0x118 csp_endian.o
                                0x2ff (size before relaxing)
 .debug_str     0x00002316       0xf4 csp_iflist.o
                                0x328 (size before relaxing)
 .debug_str     0x0000240a      0x3c7 csp_if_can.o
                                0x8b1 (size before relaxing)
 .debug_str     0x000027d1       0x25 csp_if_lo.o
                                0x2f9 (size before relaxing)
 .debug_str     0x000027f6      0x1fb csp_io.o
                                0x6a8 (size before relaxing)
 .debug_str     0x000029f1       0x1f csp_malloc.o
                                0x1e9 (size before relaxing)
 .debug_str     0x00002a10       0xf2 csp_port.o
                                0x430 (size before relaxing)
 .debug_str     0x00002b02       0x5d csp_qfifo.o
                                0x40a (size before relaxing)
 .debug_str     0x00002b5f       0xea csp_queue.o
                                0x36f (size before relaxing)
 .debug_str     0x00002c49      0x1c1 csp_route.o
                                0x6de (size before relaxing)
 .debug_str     0x00002e0a       0xbb csp_rtable_static.o
                                0x401 (size before relaxing)
 .debug_str     0x00002ec5       0x98 csp_semaphore.o
                                0x3cd (size before relaxing)
 .debug_str     0x00002f5d      0x120 csp_services.o
                                0x4fe (size before relaxing)
 .debug_str     0x0000307d      0x199 csp_service_handler.o
                                0x6b8 (size before relaxing)
 .debug_str     0x00003216       0x88 csp_system.o
                                0x3d9 (size before relaxing)
 .debug_str     0x0000329e       0x49 csp_thread.o
                                0x263 (size before relaxing)
 .debug_str     0x000032e7       0x58 csp_time.o
                                0x22f (size before relaxing)
 .debug_str     0x0000333f        0xf csp_udp.o
                                0x3c8 (size before relaxing)
 .debug_str     0x0000334e       0xc6 FinCont.o
                                0x28c (size before relaxing)
 .debug_str     0x00003414      0x1f0 heap_4.o
                                0x3d7 (size before relaxing)
 .debug_str     0x00003604      0x11e list.o
                                0x2f4 (size before relaxing)
 .debug_str     0x00003722      0x14c main.o
                                0x6f9 (size before relaxing)
 .debug_str     0x0000386e      0x353 mcp2515.o
                               0x184f (size before relaxing)
 .debug_str     0x00003bc1      0x101 port.o
                                0x2ee (size before relaxing)
 .debug_str     0x00003cc2      0x522 queue.o
                                0x95a (size before relaxing)
 .debug_str     0x000041e4       0xf4 serial.o
                                0x378 (size before relaxing)
 .debug_str     0x000042d8       0x8f SPI.o
                                0x5a4 (size before relaxing)
 .debug_str     0x00004367      0xafd tasks.o
                               0x118c (size before relaxing)
 .debug_str     0x00004e64      0x439 timers.o
                                0x892 (size before relaxing)

.debug_loc      0x00000000    0x11393
 *(.debug_loc)
 .debug_loc     0x00000000      0x2cc avr_usart_init.o
 .debug_loc     0x000002cc      0x5fd can.o
 .debug_loc     0x000008c9      0x5a3 csp_buffer.o
 .debug_loc     0x00000e6c     0x1085 csp_conn.o
 .debug_loc     0x00001ef1      0x40f csp_crc32.o
 .debug_loc     0x00002300      0x219 csp_debug.o
 .debug_loc     0x00002519      0x9de csp_endian.o
 .debug_loc     0x00002ef7      0x41f csp_iflist.o
 .debug_loc     0x00003316      0xa87 csp_if_can.o
 .debug_loc     0x00003d9d       0xd1 csp_if_lo.o
 .debug_loc     0x00003e6e     0x1654 csp_io.o
 .debug_loc     0x000054c2       0x4c csp_malloc.o
 .debug_loc     0x0000550e      0x2b4 csp_port.o
 .debug_loc     0x000057c2      0x1f6 csp_qfifo.o
 .debug_loc     0x000059b8      0x382 csp_queue.o
 .debug_loc     0x00005d3a      0x557 csp_route.o
 .debug_loc     0x00006291      0x3d5 csp_rtable_static.o
 .debug_loc     0x00006666      0x46f csp_semaphore.o
 .debug_loc     0x00006ad5      0xed5 csp_services.o
 .debug_loc     0x000079aa      0x541 csp_service_handler.o
 .debug_loc     0x00007eeb      0x403 csp_system.o
 .debug_loc     0x000082ee      0x133 csp_thread.o
 .debug_loc     0x00008421       0xc8 csp_udp.o
 .debug_loc     0x000084e9       0xcd FinCont.o
 .debug_loc     0x000085b6      0x3ad heap_4.o
 .debug_loc     0x00008963      0x145 list.o
 .debug_loc     0x00008aa8      0x4a4 main.o
 .debug_loc     0x00008f4c     0x23ba mcp2515.o
 .debug_loc     0x0000b306      0x2bb port.o
 .debug_loc     0x0000b5c1     0x1b7a queue.o
 .debug_loc     0x0000d13b      0x4c2 serial.o
 .debug_loc     0x0000d5fd      0x18c SPI.o
 .debug_loc     0x0000d789     0x2fc6 tasks.o
 .debug_loc     0x0001074f      0xc44 timers.o

.debug_macinfo
 *(.debug_macinfo)

.debug_weaknames
 *(.debug_weaknames)

.debug_funcnames
 *(.debug_funcnames)

.debug_typenames
 *(.debug_typenames)

.debug_varnames
 *(.debug_varnames)

.debug_pubtypes
 *(.debug_pubtypes)

.debug_ranges   0x00000000      0xc48
 *(.debug_ranges)
 .debug_ranges  0x00000000       0x50 avr_usart_init.o
 .debug_ranges  0x00000050       0x18 can.o
 .debug_ranges  0x00000068       0x48 csp_buffer.o
 .debug_ranges  0x000000b0       0xa0 csp_conn.o
 .debug_ranges  0x00000150       0x20 csp_crc32.o
 .debug_ranges  0x00000170       0x30 csp_debug.o
 .debug_ranges  0x000001a0       0xb8 csp_endian.o
 .debug_ranges  0x00000258       0x28 csp_iflist.o
 .debug_ranges  0x00000280       0xc0 csp_if_can.o
 .debug_ranges  0x00000340       0x10 csp_if_lo.o
 .debug_ranges  0x00000350       0xa8 csp_io.o
 .debug_ranges  0x000003f8       0x18 csp_malloc.o
 .debug_ranges  0x00000410       0x28 csp_port.o
 .debug_ranges  0x00000438       0x20 csp_qfifo.o
 .debug_ranges  0x00000458       0x48 csp_queue.o
 .debug_ranges  0x000004a0       0x40 csp_route.o
 .debug_ranges  0x000004e0       0x70 csp_rtable_static.o
 .debug_ranges  0x00000550       0x50 csp_semaphore.o
 .debug_ranges  0x000005a0       0x50 csp_services.o
 .debug_ranges  0x000005f0       0x38 csp_service_handler.o
 .debug_ranges  0x00000628       0x38 csp_system.o
 .debug_ranges  0x00000660       0x10 csp_thread.o
 .debug_ranges  0x00000670       0x28 csp_time.o
 .debug_ranges  0x00000698       0x10 csp_udp.o
 .debug_ranges  0x000006a8       0x40 heap_4.o
 .debug_ranges  0x000006e8       0x30 list.o
 .debug_ranges  0x00000718       0x18 mcp2515.o
 .debug_ranges  0x00000730       0x38 port.o
 .debug_ranges  0x00000768      0x160 queue.o
 .debug_ranges  0x000008c8       0x38 serial.o
 .debug_ranges  0x00000900      0x258 tasks.o
 .debug_ranges  0x00000b58       0xf0 timers.o

.debug_macro
 *(.debug_macro)
OUTPUT(FreeRTOS_ATMega2560_CPP.elf elf32-avr)
LOAD linker stubs
