mcp2515.cpp:26:6:void MCP2515::startSPI()	3	static
mcp2515.cpp:32:6:void MCP2515::endSPI()	3	static
mcp2515.cpp:16:1:MCP2515::MCP2515()	5	static
mcp2515.cpp:81:9:uint8_t MCP2515::readRegister(MCP2515::REGISTER)	6	static
mcp2515.cpp:92:6:void MCP2515::readRegisters(MCP2515::REGISTER, uint8_t*, uint8_t)	9	static
mcp2515.cpp:104:6:void MCP2515::setRegister(MCP2515::REGISTER, uint8_t)	7	static
mcp2515.cpp:113:6:void MCP2515::setRegisters(MCP2515::REGISTER, const uint8_t*, uint8_t)	9	static
mcp2515.cpp:124:6:void MCP2515::modifyRegister(MCP2515::REGISTER, uint8_t, uint8_t)	8	static
mcp2515.cpp:37:16:MCP2515::ERROR MCP2515::reset()	23	static
mcp2515.cpp:134:9:uint8_t MCP2515::getStatus()	6	static
mcp2515.cpp:169:16:MCP2515::ERROR MCP2515::setMode(MCP2515::CANCTRL_REQOP_MODE)	7	static
mcp2515.cpp:144:16:MCP2515::ERROR MCP2515::setConfigMode()	3	static
mcp2515.cpp:149:16:MCP2515::ERROR MCP2515::setListenOnlyMode()	3	static
mcp2515.cpp:154:16:MCP2515::ERROR MCP2515::setSleepMode()	3	static
mcp2515.cpp:159:16:MCP2515::ERROR MCP2515::setLoopbackMode()	3	static
mcp2515.cpp:164:16:MCP2515::ERROR MCP2515::setNormalMode()	3	static
mcp2515.cpp:197:16:MCP2515::ERROR MCP2515::setBitrate(CAN_SPEED, CAN_CLOCK)	9	static
mcp2515.cpp:192:16:MCP2515::ERROR MCP2515::setBitrate(CAN_SPEED)	3	static
mcp2515.cpp:485:16:MCP2515::ERROR MCP2515::setClkOut(CAN_CLKOUT)	5	static
mcp2515.cpp:510:6:void MCP2515::prepareId(uint8_t*, bool, uint32_t)	5	static
mcp2515.cpp:530:16:MCP2515::ERROR MCP2515::setFilterMask(MCP2515::MASK, bool, uint32_t)	19	static
mcp2515.cpp:553:16:MCP2515::ERROR MCP2515::setFilter(MCP2515::RXF, bool, uint32_t)	19	static
mcp2515.cpp:580:16:MCP2515::ERROR MCP2515::sendMessage(MCP2515::TXBn, const can_frame*)	30	static
mcp2515.cpp:603:16:MCP2515::ERROR MCP2515::sendMessage(const can_frame*)	17	static
mcp2515.cpp:622:16:MCP2515::ERROR MCP2515::readMessage(MCP2515::RXBn, can_frame*)	21	static
mcp2515.cpp:660:16:MCP2515::ERROR MCP2515::readMessage(can_frame*)	7	static
mcp2515.cpp:676:6:bool MCP2515::checkReceive()	3	static
mcp2515.cpp:697:9:uint8_t MCP2515::getErrorFlags()	3	static
mcp2515.cpp:686:6:bool MCP2515::checkError()	3	static
mcp2515.cpp:702:6:void MCP2515::clearRXnOVRFlags()	3	static
mcp2515.cpp:707:9:uint8_t MCP2515::getInterrupts()	3	static
mcp2515.cpp:712:6:void MCP2515::clearInterrupts()	3	static
mcp2515.cpp:717:9:uint8_t MCP2515::getInterruptMask()	3	static
mcp2515.cpp:722:6:void MCP2515::clearTXInterrupts()	3	static
mcp2515.cpp:727:6:void MCP2515::clearRXnOVR()	5	static
mcp2515.cpp:738:6:void MCP2515::clearMERR()	3	static
mcp2515.cpp:745:6:void MCP2515::clearERRIF()	3	static
mcp2515.cpp:752:16:MCP2515::ERROR MCP2515::checktxava()	3	static
