tasks.c:3880:13:prvResetNextTaskUnblockTime	3	static
tasks.c:3334:8:prvIdleTask	3	static
tasks.c:5081:13:prvAddCurrentTaskToDelayedList	8	static
tasks.c:730:13:xTaskCreate	18	static
tasks.c:1157:7:vTaskDelete	7	static
tasks.c:1378:13:eTaskGetState	3	static
tasks.c:1470:14:uxTaskPriorityGet	3	static
tasks.c:1492:14:uxTaskPriorityGetFromISR	3	static
tasks.c:1843:7:vTaskResume	7	static
tasks.c:1897:13:xTaskResumeFromISR	8	static
tasks.c:1967:6:vTaskStartScheduler	6	static
tasks.c:2089:6:vTaskEndScheduler	3	static
tasks.c:2100:6:vTaskSuspendAll	3	static
tasks.c:2284:12:xTaskGetTickCount	3	static
tasks.c:2299:12:xTaskGetTickCountFromISR	3	static
tasks.c:2330:13:uxTaskGetNumberOfTasks	3	static
tasks.c:2338:7:pcTaskGetName	3	static
tasks.c:2559:15:xTaskGetIdleTaskHandle	3	static
tasks.c:2665:12:xTaskIncrementTick	11	static
tasks.c:2174:12:xTaskResumeAll	10	static
tasks.c:1249:7:vTaskDelayUntil	7	static
tasks.c:1333:7:vTaskDelay	5	static
tasks.c:3020:6:vTaskPlaceOnEventList	5	static
tasks.c:3037:6:vTaskPlaceOnUnorderedEventList	5	static
tasks.c:3063:7:vTaskPlaceOnEventListRestricted	6	static
tasks.c:3094:12:xTaskRemoveFromEventList	7	static
tasks.c:3162:6:vTaskRemoveFromUnorderedEventList	7	static
tasks.c:3196:6:vTaskSetTimeOutState	3	static
tasks.c:3208:6:vTaskInternalSetTimeOutState	3	static
tasks.c:3216:12:xTaskCheckForTimeOut	5	static
tasks.c:3279:6:vTaskMissedYield	3	static
tasks.c:3287:14:uxTaskGetTaskNumber	3	static
tasks.c:3310:7:vTaskSetTaskNumber	3	static
tasks.c:3493:7:vTaskSetThreadLocalStoragePointer	3	static
tasks.c:3509:8:pvTaskGetThreadLocalStoragePointer	3	static
tasks.c:3609:7:vTaskGetInfo	8	static
tasks.c:3705:21:prvListTasksWithinSingleList	15	static
tasks.c:2485:14:uxTaskGetSystemState	9	static
tasks.c:3763:25:uxTaskGetStackHighWaterMark2	3	static
tasks.c:3906:15:xTaskGetCurrentTaskHandle	3	static
tasks.c:3923:13:xTaskGetSchedulerState	3	static
tasks.c:3951:13:xTaskPriorityInherit	7	static
tasks.c:4038:13:xTaskPriorityDisinherit	7	static
tasks.c:4118:7:vTaskPriorityDisinheritAfterTimeout	7	static
tasks.c:4309:7:vTaskList	32	dynamic,bounded
tasks.c:4533:12:uxTaskResetEventItemValue	3	static
tasks.c:4549:15:pvTaskIncrementMutexHeldCount	3	static
tasks.c:4566:11:ulTaskNotifyTake	6	static
tasks.c:4634:13:xTaskNotifyWait	15	static
tasks.c:4714:13:xTaskGenericNotify	7	static
tasks.c:4828:13:xTaskGenericNotifyFromISR	9	static
tasks.c:4957:7:vTaskNotifyGiveFromISR	9	static
tasks.c:5044:13:xTaskNotifyStateClear	3	static
tasks.c:5214:13:vApplicationStackOverflowHook	7	dynamic,bounded
tasks.c:2947:6:vTaskSwitchContext	3	static
tasks.c:1696:7:vTaskSuspend	7	static
