Archive member included to satisfy reference by file (symbol)

c:/program files (x86)/atmel/studio/7.0/toolchain/avr8/avr8-gnu-toolchain/bin/../lib/gcc/avr/5.4.0/../../../../avr/lib/avr6\libm.a(floatsisf.o)
                              csp_iflist.o (__floatunsisf)
c:/program files (x86)/atmel/studio/7.0/toolchain/avr8/avr8-gnu-toolchain/bin/../lib/gcc/avr/5.4.0/../../../../avr/lib/avr6\libm.a(mulsf3.o)
                              csp_iflist.o (__mulsf3)
c:/program files (x86)/atmel/studio/7.0/toolchain/avr8/avr8-gnu-toolchain/bin/../lib/gcc/avr/5.4.0/../../../../avr/lib/avr6\libm.a(mulsf3x.o)
                              c:/program files (x86)/atmel/studio/7.0/toolchain/avr8/avr8-gnu-toolchain/bin/../lib/gcc/avr/5.4.0/../../../../avr/lib/avr6\libm.a(mulsf3.o) (__mulsf3x)
c:/program files (x86)/atmel/studio/7.0/toolchain/avr8/avr8-gnu-toolchain/bin/../lib/gcc/avr/5.4.0/../../../../avr/lib/avr6\libm.a(fp_inf.o)
                              c:/program files (x86)/atmel/studio/7.0/toolchain/avr8/avr8-gnu-toolchain/bin/../lib/gcc/avr/5.4.0/../../../../avr/lib/avr6\libm.a(mulsf3x.o) (__fp_inf)
c:/program files (x86)/atmel/studio/7.0/toolchain/avr8/avr8-gnu-toolchain/bin/../lib/gcc/avr/5.4.0/../../../../avr/lib/avr6\libm.a(fp_nan.o)
                              c:/program files (x86)/atmel/studio/7.0/toolchain/avr8/avr8-gnu-toolchain/bin/../lib/gcc/avr/5.4.0/../../../../avr/lib/avr6\libm.a(mulsf3x.o) (__fp_nan)
c:/program files (x86)/atmel/studio/7.0/toolchain/avr8/avr8-gnu-toolchain/bin/../lib/gcc/avr/5.4.0/../../../../avr/lib/avr6\libm.a(fp_pscA.o)
                              c:/program files (x86)/atmel/studio/7.0/toolchain/avr8/avr8-gnu-toolchain/bin/../lib/gcc/avr/5.4.0/../../../../avr/lib/avr6\libm.a(mulsf3x.o) (__fp_pscA)
c:/program files (x86)/atmel/studio/7.0/toolchain/avr8/avr8-gnu-toolchain/bin/../lib/gcc/avr/5.4.0/../../../../avr/lib/avr6\libm.a(fp_pscB.o)
                              c:/program files (x86)/atmel/studio/7.0/toolchain/avr8/avr8-gnu-toolchain/bin/../lib/gcc/avr/5.4.0/../../../../avr/lib/avr6\libm.a(mulsf3x.o) (__fp_pscB)
c:/program files (x86)/atmel/studio/7.0/toolchain/avr8/avr8-gnu-toolchain/bin/../lib/gcc/avr/5.4.0/../../../../avr/lib/avr6\libm.a(fp_round.o)
                              c:/program files (x86)/atmel/studio/7.0/toolchain/avr8/avr8-gnu-toolchain/bin/../lib/gcc/avr/5.4.0/../../../../avr/lib/avr6\libm.a(mulsf3.o) (__fp_round)
c:/program files (x86)/atmel/studio/7.0/toolchain/avr8/avr8-gnu-toolchain/bin/../lib/gcc/avr/5.4.0/../../../../avr/lib/avr6\libm.a(fp_split3.o)
                              c:/program files (x86)/atmel/studio/7.0/toolchain/avr8/avr8-gnu-toolchain/bin/../lib/gcc/avr/5.4.0/../../../../avr/lib/avr6\libm.a(mulsf3x.o) (__fp_split3)
c:/program files (x86)/atmel/studio/7.0/toolchain/avr8/avr8-gnu-toolchain/bin/../lib/gcc/avr/5.4.0/../../../../avr/lib/avr6\libm.a(fp_zero.o)
                              c:/program files (x86)/atmel/studio/7.0/toolchain/avr8/avr8-gnu-toolchain/bin/../lib/gcc/avr/5.4.0/../../../../avr/lib/avr6\libm.a(mulsf3x.o) (__fp_szero)
c:/program files (x86)/atmel/studio/7.0/toolchain/avr8/avr8-gnu-toolchain/bin/../lib/gcc/avr/5.4.0/avr6\libgcc.a(_udivmodhi4.o)
                              comtest.o (__udivmodhi4)
c:/program files (x86)/atmel/studio/7.0/toolchain/avr8/avr8-gnu-toolchain/bin/../lib/gcc/avr/5.4.0/avr6\libgcc.a(_divmodhi4.o)
                              csp_conn.o (__divmodhi4)
c:/program files (x86)/atmel/studio/7.0/toolchain/avr8/avr8-gnu-toolchain/bin/../lib/gcc/avr/5.4.0/avr6\libgcc.a(_udivmodsi4.o)
                              csp_queue.o (__udivmodsi4)
c:/program files (x86)/atmel/studio/7.0/toolchain/avr8/avr8-gnu-toolchain/bin/../lib/gcc/avr/5.4.0/avr6\libgcc.a(_divmodsi4.o)
                              integer.o (__divmodsi4)
c:/program files (x86)/atmel/studio/7.0/toolchain/avr8/avr8-gnu-toolchain/bin/../lib/gcc/avr/5.4.0/avr6\libgcc.a(_negsi2.o)
                              c:/program files (x86)/atmel/studio/7.0/toolchain/avr8/avr8-gnu-toolchain/bin/../lib/gcc/avr/5.4.0/avr6\libgcc.a(_divmodsi4.o) (__negsi2)
c:/program files (x86)/atmel/studio/7.0/toolchain/avr8/avr8-gnu-toolchain/bin/../lib/gcc/avr/5.4.0/avr6\libgcc.a(_exit.o)
                              c:/program files (x86)/atmel/studio/7.0/toolchain/avr8/avr8-gnu-toolchain/bin/../lib/gcc/avr/5.4.0/../../../../avr/lib/avr6/crtatmega2560.o (exit)
c:/program files (x86)/atmel/studio/7.0/toolchain/avr8/avr8-gnu-toolchain/bin/../lib/gcc/avr/5.4.0/avr6\libgcc.a(_tablejump2.o)
                              csp_service_handler.o (__tablejump2__)
c:/program files (x86)/atmel/studio/7.0/toolchain/avr8/avr8-gnu-toolchain/bin/../lib/gcc/avr/5.4.0/avr6\libgcc.a(_copy_data.o)
                              can.o (__do_copy_data)
c:/program files (x86)/atmel/studio/7.0/toolchain/avr8/avr8-gnu-toolchain/bin/../lib/gcc/avr/5.4.0/avr6\libgcc.a(_clear_bss.o)
                              can.o (__do_clear_bss)
[...]
Memory Configuration

Name             Origin             Length             Attributes
text             0x00000000         0x00040000         xr
data             0x00800200         0x00002000         rw !x
eeprom           0x00810000         0x00001000         rw !x
fuse             0x00820000         0x00000003         rw !x
lock             0x00830000         0x00000400         rw !x
signature        0x00840000         0x00000400         rw !x
user_signatures  0x00850000         0x00000400         rw !x
*default*        0x00000000         0xffffffff

Linker script and memory map

Address of section .data set to 0x800200
LOAD c:/program files (x86)/atmel/studio/7.0/toolchain/avr8/avr8-gnu-toolchain/bin/../lib/gcc/avr/5.4.0/../../../../avr/lib/avr6/crtatmega2560.o
LOAD avr_usart_init.o
LOAD can.o
LOAD comtest.o
LOAD crhook.o
LOAD croutine.o
LOAD csp_bridge.o
LOAD csp_buffer.o
LOAD csp_conn.o
LOAD csp_crc32.o
LOAD csp_debug.o
LOAD csp_dedup.o
LOAD csp_endian.o
LOAD csp_iflist.o
LOAD csp_if_can.o
LOAD csp_if_lo.o
LOAD csp_io.o
LOAD csp_malloc.o
LOAD csp_port.o
LOAD csp_promisc.o
LOAD csp_qfifo.o
LOAD csp_queue.o
LOAD csp_rdp.o
LOAD csp_route.o
LOAD csp_rtable_static.o
LOAD csp_semaphore.o
LOAD csp_services.o
LOAD csp_service_handler.o
LOAD csp_sfp.o
LOAD csp_system.o
LOAD csp_thread.o
LOAD csp_time.o
LOAD csp_udp.o
LOAD event_groups.o
LOAD FinCont.o
LOAD heap_4.o
LOAD integer.o
LOAD list.o
LOAD main.o
LOAD mcp2515.o
LOAD partest.o
LOAD PollQ.o
LOAD port.o
LOAD print.o
LOAD queue.o
LOAD regtest.o
LOAD serial.o
LOAD SPI.o
LOAD stream_buffer.o
LOAD tasks.o
LOAD timers.o
START GROUP
LOAD c:/program files (x86)/atmel/studio/7.0/toolchain/avr8/avr8-gnu-toolchain/bin/../lib/gcc/avr/5.4.0/../../../../avr/lib/avr6\libm.a
END GROUP
LOAD c:/program files (x86)/atmel/studio/7.0/toolchain/avr8/avr8-gnu-toolchain/bin/../lib/gcc/avr/5.4.0/avr6\libgcc.a
LOAD c:/program files (x86)/atmel/studio/7.0/toolchain/avr8/avr8-gnu-toolchain/bin/../lib/gcc/avr/5.4.0/../../../../avr/lib/avr6\libm.a
START GROUP
LOAD c:/program files (x86)/atmel/studio/7.0/toolchain/avr8/avr8-gnu-toolchain/bin/../lib/gcc/avr/5.4.0/avr6\libgcc.a
LOAD c:/program files (x86)/atmel/studio/7.0/toolchain/avr8/avr8-gnu-toolchain/bin/../lib/gcc/avr/5.4.0/../../../../avr/lib/avr6\libm.a
LOAD c:/program files (x86)/atmel/studio/7.0/toolchain/avr8/avr8-gnu-toolchain/bin/../lib/gcc/avr/5.4.0/../../../../avr/lib/avr6\libc.a
LOAD c:/program files (x86)/atmel/studio/7.0/toolchain/avr8/avr8-gnu-toolchain/bin/../lib/gcc/avr/5.4.0/../../../../avr/lib/avr6\libatmega2560.a
END GROUP
                0x00000000                __TEXT_REGION_ORIGIN__ = DEFINED (__TEXT_REGION_ORIGIN__)?__TEXT_REGION_ORIGIN__:0x0
                [0x00800200]                __DATA_REGION_ORIGIN__ = DEFINED (__DATA_REGION_ORIGIN__)?__DATA_REGION_ORIGIN__:0x800200
                [0x00040000]                __TEXT_REGION_LENGTH__ = DEFINED (__TEXT_REGION_LENGTH__)?__TEXT_REGION_LENGTH__:0x100000
                [0x00002000]                __DATA_REGION_LENGTH__ = DEFINED (__DATA_REGION_LENGTH__)?__DATA_REGION_LENGTH__:0xfe00
                [0x00001000]                __EEPROM_REGION_LENGTH__ = DEFINED (__EEPROM_REGION_LENGTH__)?__EEPROM_REGION_LENGTH__:0x10000
                [0x00000003]                __FUSE_REGION_LENGTH__ = DEFINED (__FUSE_REGION_LENGTH__)?__FUSE_REGION_LENGTH__:0x400
                0x00000400                __LOCK_REGION_LENGTH__ = DEFINED (__LOCK_REGION_LENGTH__)?__LOCK_REGION_LENGTH__:0x400
                0x00000400                __SIGNATURE_REGION_LENGTH__ = DEFINED (__SIGNATURE_REGION_LENGTH__)?__SIGNATURE_REGION_LENGTH__:0x400
                0x00000400                __USER_SIGNATURE_REGION_LENGTH__ = DEFINED (__USER_SIGNATURE_REGION_LENGTH__)?__USER_SIGNATURE_REGION_LENGTH__:0x400

.hash
 *(.hash)

.dynsym
 *(.dynsym)

.dynstr
 *(.dynstr)

.gnu.version
 *(.gnu.version)

.gnu.version_d
 *(.gnu.version_d)

.gnu.version_r
 *(.gnu.version_r)

.rel.init
 *(.rel.init)

.rela.init
 *(.rela.init)

.rel.text
 *(.rel.text)
 *(.rel.text.*)
 *(.rel.gnu.linkonce.t*)

.rela.text
 *(.rela.text)
 *(.rela.text.*)
 *(.rela.gnu.linkonce.t*)

.rel.fini
 *(.rel.fini)

.rela.fini
 *(.rela.fini)

.rel.rodata
 *(.rel.rodata)
 *(.rel.rodata.*)
 *(.rel.gnu.linkonce.r*)

.rela.rodata
 *(.rela.rodata)
 *(.rela.rodata.*)
 *(.rela.gnu.linkonce.r*)

.rel.data
 *(.rel.data)
 *(.rel.data.*)
 *(.rel.gnu.linkonce.d*)

.rela.data
 *(.rela.data)
 *(.rela.data.*)
 *(.rela.gnu.linkonce.d*)

.rel.ctors
 *(.rel.ctors)

.rela.ctors
 *(.rela.ctors)

.rel.dtors
 *(.rel.dtors)

.rela.dtors
 *(.rela.dtors)

.rel.got
 *(.rel.got)

.rela.got
 *(.rela.got)

.rel.bss
 *(.rel.bss)

.rela.bss
 *(.rela.bss)

.rel.plt
 *(.rel.plt)

.rela.plt
 *(.rela.plt)

.text           0x00000000     0x81fa
 *(.vectors)
 .vectors       0x00000000       0xe4 c:/program files (x86)/atmel/studio/7.0/toolchain/avr8/avr8-gnu-toolchain/bin/../lib/gcc/avr/5.4.0/../../../../avr/lib/avr6/crtatmega2560.o
                0x00000000                __vectors
 *(.vectors)
 *(.progmem.gcc*)
 .progmem.gcc_sw_table.csp_service_handler
                0x000000e4        0xe csp_service_handler.o
 .progmem.gcc_sw_table._ZN7MCP251510setBitrateE9CAN_SPEED9CAN_CLOCK
                0x000000f2       0x58 mcp2515.o
 .progmem.gcc_sw_table.prvTimerTask
                0x0000014a       0x14 timers.o
                0x0000015e                . = ALIGN (0x2)
                0x0000015e                __trampolines_start = .
 *(.trampolines)
 .trampolines   0x0000015e        0x0 linker stubs
 *(.trampolines*)
                0x0000015e                __trampolines_end = .
 *libprintf_flt.a:*(.progmem.data)
 *libc.a:*(.progmem.data)
 *(.progmem*)
 .progmem.data._ZZ9CanRxFuncE3__c_2
                0x0000015e        0xb can.o
 .progmem.data._ZZ9CanRxFuncE3__c_1
                0x00000169        0xb can.o
 .progmem.data._ZZ9CanRxFuncE3__c_0
                0x00000174        0xd can.o
 .progmem.data._ZZ9CanRxFuncE3__c
                0x00000181        0x7 can.o
 .progmem.data._ZZ8can_sendE3__c
                0x00000188        0xd can.o
 .progmem.data.__c.3147
                0x00000195        0x9 csp_buffer.o
 .progmem.data.__c.3145
                0x0000019e       0x23 csp_buffer.o
 .progmem.data.__c.3143
                0x000001c1       0x1d csp_buffer.o
 .progmem.data.__c.3141
                0x000001de       0x24 csp_buffer.o
 .progmem.data.__c.3136
                0x00000202       0x1d csp_buffer.o
 .progmem.data.__c.3126
                0x0000021f       0x13 csp_buffer.o
 .progmem.data.__c.3124
                0x00000232        0xb csp_buffer.o
 .progmem.data.__c.3122
                0x0000023d        0xf csp_buffer.o
 .progmem.data.__c.3120
                0x0000024c       0x27 csp_buffer.o
 .progmem.data.__c.3325
                0x00000273       0x2e csp_conn.o
 .progmem.data.__c.3298
                0x000002a1       0x57 csp_conn.o
 .progmem.data.__c.3296
                0x000002f8       0x5b csp_conn.o
 .progmem.data.__c.3294
                0x00000353       0x4b csp_conn.o
 .progmem.data.__c.3283
                0x0000039e       0x1a csp_conn.o
 .progmem.data.__c.3281
                0x000003b8       0x14 csp_conn.o
 .progmem.data.__c.3279
                0x000003cc       0x20 csp_conn.o
 .progmem.data.__c.3269
                0x000003ec       0x19 csp_conn.o
 .progmem.data.__c.3264
                0x00000405       0x1a csp_conn.o
 .progmem.data.__c.3235
                0x0000041f       0x22 csp_conn.o
 .progmem.data.__c.3230
                0x00000441       0x21 csp_conn.o
 .progmem.data.__c.3223
                0x00000462       0x23 csp_conn.o
 .progmem.data.__c.3218
                0x00000485       0x1f csp_conn.o
 .progmem.data.crc_tab
                0x000004a4      0x400 csp_crc32.o
 .progmem.data.__c.2568
                0x000008a4        0x3 csp_debug.o
 .progmem.data.__c.2542
                0x000008a7        0x7 csp_iflist.o
 .progmem.data.__c.2550
                0x000008ae       0x8b csp_iflist.o
 .progmem.data.__c.3322
                0x00000939       0x28 csp_if_can.o
 .progmem.data.__c.3319
                0x00000961       0x27 csp_if_can.o
 .progmem.data.__c.3314
                0x00000988       0x28 csp_if_can.o
 .progmem.data.__c.3199
                0x000009b0       0x26 csp_if_can.o
 .progmem.data.__c.3284
                0x000009d6       0x13 csp_if_can.o
 .progmem.data.__c.3282
                0x000009e9       0x1d csp_if_can.o
 .progmem.data.__c.3279
                0x00000a06       0x2a csp_if_can.o
 .progmem.data.__c.3277
                0x00000a30       0x11 csp_if_can.o
 .progmem.data.__c.3274
                0x00000a41       0x1b csp_if_can.o
 .progmem.data.__c.3271
                0x00000a5c       0x21 csp_if_can.o
 .progmem.data.__c.3269
                0x00000a7d       0x23 csp_if_can.o
 .progmem.data.__c.3258
                0x00000aa0       0x1d csp_if_can.o
 .progmem.data.__c.3294
                0x00000abd        0x7 csp_if_can.o
 .progmem.data.__c.3344
                0x00000ac4       0x20 csp_if_can.o
 .progmem.data.__c.3341
                0x00000ae4       0x1b csp_if_can.o
 .progmem.data.__c.3339
                0x00000aff       0x1e csp_if_can.o
 .progmem.data.__c.3337
                0x00000b1d       0x11 csp_if_can.o
 .progmem.data.__c.3335
                0x00000b2e       0x2f csp_if_can.o
 .progmem.data.__c.3383
                0x00000b5d       0x19 csp_io.o
 .progmem.data.__c.3373
                0x00000b76       0x64 csp_io.o
 .progmem.data.__c.3371
                0x00000bda       0x15 csp_io.o
 .progmem.data.__c.3368
                0x00000bef       0x5f csp_io.o
 .progmem.data.__c.3366
                0x00000c4e       0x3f csp_io.o
 .progmem.data.__c.3364
                0x00000c8d       0x18 csp_io.o
 .progmem.data.__c.3361
                0x00000ca5       0x28 csp_io.o
 .progmem.data.__c.3342
                0x00000ccd       0x16 csp_io.o
 .progmem.data.__c.3340
                0x00000ce3       0x57 csp_io.o
 .progmem.data.__c.3338
                0x00000d3a       0x57 csp_io.o
 .progmem.data.__c.3336
                0x00000d91       0x55 csp_io.o
 .progmem.data.__c.3191
                0x00000de6       0x1d csp_port.o
 .progmem.data.__c.3189
                0x00000e03       0x1a csp_port.o
 .progmem.data.__c.3187
                0x00000e1d       0x50 csp_port.o
 .progmem.data.__c.2385
                0x00000e6d       0x34 csp_qfifo.o
 .progmem.data.__c.2381
                0x00000ea1       0x2a csp_qfifo.o
 .progmem.data.__c.2379
                0x00000ecb       0x27 csp_qfifo.o
 .progmem.data.__c.3123
                0x00000ef2        0x7 csp_route.o
 .progmem.data.__c.3132
                0x00000ef9       0x1c csp_route.o
 .progmem.data.__c.3101
                0x00000f15       0x30 csp_route.o
 .progmem.data.__c.3099
                0x00000f45       0x2c csp_route.o
 .progmem.data.__c.3097
                0x00000f71       0x1f csp_route.o
 .progmem.data.__c.3090
                0x00000f90       0x51 csp_route.o
 .progmem.data.__c.3088
                0x00000fe1       0x58 csp_route.o
 .progmem.data.__c.3086
                0x00001039       0x5d csp_route.o
 .progmem.data.__c.3118
                0x00001096       0x1e csp_route.o
 .progmem.data.__c.3115
                0x000010b4       0x1c csp_route.o
 .progmem.data.__c.3113
                0x000010d0       0x16 csp_route.o
 .progmem.data.__c.3110
                0x000010e6       0x3f csp_route.o
 .progmem.data.__c.2564
                0x00001125       0x11 csp_rtable_static.o
 .progmem.data.__c.2559
                0x00001136       0x10 csp_rtable_static.o
 .progmem.data.__c.2557
                0x00001146       0x1b csp_rtable_static.o
 .progmem.data.__c.2551
                0x00001161       0x28 csp_rtable_static.o
 .progmem.data.__c.3116
                0x00001189        0x9 csp_semaphore.o
 .progmem.data.__c.3111
                0x00001192        0x9 csp_semaphore.o
 .progmem.data.__c.3138
                0x0000119b       0x17 csp_service_handler.o
 .progmem.data.__c.2849
                0x000011b2        0x9 csp_system.o
 .progmem.data.__c.2823
                0x000011bb       0x13 csp_system.o
 .progmem.data.__c.2813
                0x000011ce       0x11 csp_system.o
 .progmem.data.__c.2835
                0x000011df       0x25 csp_udp.o
 .progmem.data.__c.2833
                0x00001204       0x1e csp_udp.o
 .progmem.data._ZZ16__vector_defaultE3__c
                0x00001222        0xc main.o
 .progmem.data._ZZ11task_clientPvE3__c_2
                0x0000122e       0x16 main.o
 .progmem.data._ZZ11task_clientPvE3__c_1
                0x00001244        0xd main.o
 .progmem.data._ZZ11task_clientPvE3__c_0
                0x00001251        0xd main.o
 .progmem.data._ZZ11task_clientPvE3__c
                0x0000125e        0x7 main.o
 .progmem.data._ZZ11task_serverPvE3__c_0
                0x00001265       0x21 main.o
 .progmem.data._ZZ11task_serverPvE3__c
                0x00001286        0x7 main.o
 .progmem.data._ZZ4mainE3__c_2
                0x0000128d        0x9 main.o
 .progmem.data._ZZ4mainE3__c_1
                0x00001296        0xd main.o
 .progmem.data._ZZ4mainE3__c_0
                0x000012a3        0xe main.o
 .progmem.data._ZZ4mainE3__c
                0x000012b1        0xd main.o
                0x000012be                . = ALIGN (0x2)
 *(.jumptables)
 *(.jumptables*)
 *(.lowtext)
 *(.lowtext*)
                0x000012be                __ctors_start = .
 *(.ctors)
 .ctors         0x000012be        0x2 can.o
                0x000012c0                __ctors_end = .
                0x000012c0                __dtors_start = .
 *(.dtors)
                0x000012c0                __dtors_end = .
 SORT(*)(.ctors)
 SORT(*)(.dtors)
 *(.init0)
 .init0         0x000012c0        0x0 c:/program files (x86)/atmel/studio/7.0/toolchain/avr8/avr8-gnu-toolchain/bin/../lib/gcc/avr/5.4.0/../../../../avr/lib/avr6/crtatmega2560.o
                0x000012c0                __init
 *(.init0)
 *(.init1)
 *(.init1)
 *(.init2)
 .init2         0x000012c0       0x10 c:/program files (x86)/atmel/studio/7.0/toolchain/avr8/avr8-gnu-toolchain/bin/../lib/gcc/avr/5.4.0/../../../../avr/lib/avr6/crtatmega2560.o
 *(.init2)
 *(.init3)
 *(.init3)
 *(.init4)
 .init4         0x000012d0       0x1a c:/program files (x86)/atmel/studio/7.0/toolchain/avr8/avr8-gnu-toolchain/bin/../lib/gcc/avr/5.4.0/avr6\libgcc.a(_copy_data.o)
                0x000012d0                __do_copy_data
 .init4         0x000012ea       0x10 c:/program files (x86)/atmel/studio/7.0/toolchain/avr8/avr8-gnu-toolchain/bin/../lib/gcc/avr/5.4.0/avr6\libgcc.a(_clear_bss.o)
                0x000012ea                __do_clear_bss
 *(.init4)
 *(.init5)
 *(.init5)
 *(.init6)
 .init6         0x000012fa       0x20 c:/program files (x86)/atmel/studio/7.0/toolchain/avr8/avr8-gnu-toolchain/bin/../lib/gcc/avr/5.4.0/avr6\libgcc.a(_ctors.o)
                0x000012fa                __do_global_ctors
 *(.init6)
 *(.init7)
 *(.init7)
 *(.init8)
 *(.init8)
 *(.init9)
 .init9         0x0000131a        0x8 c:/program files (x86)/atmel/studio/7.0/toolchain/avr8/avr8-gnu-toolchain/bin/../lib/gcc/avr/5.4.0/../../../../avr/lib/avr6/crtatmega2560.o
 *(.init9)
 *(.text)
 .text          0x00001322        0x4 c:/program files (x86)/atmel/studio/7.0/toolchain/avr8/avr8-gnu-toolchain/bin/../lib/gcc/avr/5.4.0/../../../../avr/lib/avr6/crtatmega2560.o
                0x00001322                __vector_38
                0x00001322                __vector_22
                0x00001322                __vector_28
                0x00001322                __vector_1
                0x00001322                __vector_32
                0x00001322                __vector_34
                0x00001322                __vector_24
                0x00001322                __vector_12
                0x00001322                __vector_55
                0x00001322                __vector_46
                0x00001322                __bad_interrupt
                0x00001322                __vector_6
                0x00001322                __vector_31
                0x00001322                __vector_35
                0x00001322                __vector_39
                0x00001322                __vector_23
                0x00001322                __vector_30
                0x00001322                __vector_45
                0x00001322                __vector_11
                0x00001322                __vector_54
                0x00001322                __vector_13
                0x00001322                __vector_19
                0x00001322                __vector_56
                0x00001322                __vector_7
                0x00001322                __vector_49
                0x00001322                __vector_41
                0x00001322                __vector_43
                0x00001322                __vector_27
                0x00001322                __vector_5
                0x00001322                __vector_33
                0x00001322                __vector_47
                0x00001322                __vector_52
                0x00001322                __vector_37
                0x00001322                __vector_4
                0x00001322                __vector_44
                0x00001322                __vector_51
                0x00001322                __vector_9
                0x00001322                __vector_2
                0x00001322                __vector_21
                0x00001322                __vector_15
                0x00001322                __vector_36
                0x00001322                __vector_29
                0x00001322                __vector_40
                0x00001322                __vector_8
                0x00001322                __vector_48
                0x00001322                __vector_14
                0x00001322                __vector_53
                0x00001322                __vector_10
                0x00001322                __vector_50
                0x00001322                __vector_16
                0x00001322                __vector_18
                0x00001322                __vector_20
                0x00001322                __vector_42
                0x00001326                . = ALIGN (0x2)
 *(.text.*)
 .text.usart_init
                0x00001326       0x20 avr_usart_init.o
                0x00001326                usart_init
 .text.usart_putchar
                0x00001346        0xe avr_usart_init.o
                0x00001346                usart_putchar
 .text.usart_pstr_p
                0x00001354       0x3c avr_usart_init.o
                0x00001354                usart_pstr_p
 .text.usart_putchar_printf
                0x00001390       0x18 avr_usart_init.o
                0x00001390                usart_putchar_printf
 .text.can_init
                0x000013a8       0xea can.o
                0x000013a8                can_init
 .text.can_send
                0x00001492       0xe4 can.o
                0x00001492                can_send
 .text.CanRxFunc
                0x00001576      0x234 can.o
                0x00001576                CanRxFunc
 .text.startup._GLOBAL__sub_I_mcp2515
                0x000017aa        0x8 can.o
 .text.csp_buffer_init
                0x000017b2      0x100 csp_buffer.o
                0x000017b2                csp_buffer_init
 .text.csp_buffer_get
                0x000018b2       0xc8 csp_buffer.o
                0x000018b2                csp_buffer_get
 .text.csp_buffer_free_isr
                0x0000197a       0x60 csp_buffer.o
                0x0000197a                csp_buffer_free_isr
 .text.csp_buffer_free
                0x000019da       0xc8 csp_buffer.o
                0x000019da                csp_buffer_free
 .text.csp_buffer_remaining
                0x00001aa2        0xc csp_buffer.o
                0x00001aa2                csp_buffer_remaining
 .text.csp_conn_flush_rx_queue.isra.0
                0x00001aae       0x4a csp_conn.o
 .text.csp_conn_enqueue_packet
                0x00001af8       0x80 csp_conn.o
                0x00001af8                csp_conn_enqueue_packet
 .text.csp_conn_init
                0x00001b78       0x94 csp_conn.o
                0x00001b78                csp_conn_init
 .text.csp_conn_find
                0x00001c0c       0x70 csp_conn.o
                0x00001c0c                csp_conn_find
 .text.csp_conn_allocate
                0x00001c7c       0xd0 csp_conn.o
                0x00001c7c                csp_conn_allocate
 .text.csp_conn_new
                0x00001d4c       0x60 csp_conn.o
                0x00001d4c                csp_conn_new
 .text.csp_close
                0x00001dac       0x84 csp_conn.o
                0x00001dac                csp_close
 .text.csp_connect
                0x00001e30      0x16e csp_conn.o
                0x00001e30                csp_connect
 .text.csp_conn_dport
                0x00001f9e       0x1a csp_conn.o
                0x00001f9e                csp_conn_dport
 .text.csp_conn_print_table
                0x00001fb8       0xcc csp_conn.o
                0x00001fb8                csp_conn_print_table
 .text.csp_crc32_memory
                0x00002084       0x86 csp_crc32.o
                0x00002084                csp_crc32_memory
 .text.csp_crc32_append
                0x0000210a       0x52 csp_crc32.o
                0x0000210a                csp_crc32_append
 .text.csp_crc32_verify
                0x0000215c       0xa0 csp_crc32.o
                0x0000215c                csp_crc32_verify
 .text.do_csp_debug
                0x000021fc       0xa6 csp_debug.o
                0x000021fc                do_csp_debug
 .text.csp_hton16
                0x000022a2        0x8 csp_endian.o
                0x000022a2                csp_hton16
 .text.csp_ntoh16
                0x000022aa        0x8 csp_endian.o
                0x000022aa                csp_ntoh16
 .text.csp_hton32
                0x000022b2        0x6 csp_endian.o
                0x000022b2                csp_hton32
 .text.csp_ntoh32
                0x000022b8        0x2 csp_endian.o
                0x000022b8                csp_ntoh32
 .text.csp_bytesize.constprop.0
                0x000022ba       0x8a csp_iflist.o
 .text.csp_iflist_get_by_name
                0x00002344       0x3c csp_iflist.o
                0x00002344                csp_iflist_get_by_name
 .text.csp_iflist_add
                0x00002380       0x36 csp_iflist.o
                0x00002380                csp_iflist_add
 .text.csp_iflist_print
                0x000023b6      0x144 csp_iflist.o
                0x000023b6                csp_iflist_print
 .text.csp_can_pbuf_free
                0x000024fa       0x3c csp_if_can.o
 .text.csp_can_tx
                0x00002536      0x2be csp_if_can.o
 .text.csp_can_rx_task
                0x000027f4      0x420 csp_if_can.o
 .text.csp_can_rx_frame
                0x00002c14       0x24 csp_if_can.o
                0x00002c14                csp_can_rx_frame
 .text.csp_can_init
                0x00002c38      0x17c csp_if_can.o
                0x00002c38                csp_can_init
 .text.csp_lo_tx
                0x00002db4       0x4c csp_if_lo.o
 .text.csp_get_address
                0x00002e00        0x6 csp_io.o
                0x00002e00                csp_get_address
 .text.csp_get_hostname
                0x00002e06        0xa csp_io.o
                0x00002e06                csp_get_hostname
 .text.csp_get_model
                0x00002e10        0xa csp_io.o
                0x00002e10                csp_get_model
 .text.csp_get_revision
                0x00002e1a        0xa csp_io.o
                0x00002e1a                csp_get_revision
 .text.csp_init
                0x00002e24       0x44 csp_io.o
                0x00002e24                csp_init
 .text.csp_socket
                0x00002e68       0x96 csp_io.o
                0x00002e68                csp_socket
 .text.csp_accept
                0x00002efe       0x3e csp_io.o
                0x00002efe                csp_accept
 .text.csp_read
                0x00002f3c       0x44 csp_io.o
                0x00002f3c                csp_read
 .text.csp_send_direct
                0x00002f80      0x1e6 csp_io.o
                0x00002f80                csp_send_direct
 .text.csp_send
                0x00003166       0x92 csp_io.o
                0x00003166                csp_send
 .text.csp_malloc
                0x000031f8        0x4 csp_malloc.o
                0x000031f8                csp_malloc
 .text.csp_free
                0x000031fc        0x4 csp_malloc.o
                0x000031fc                csp_free
 .text.csp_port_get_socket
                0x00003200       0x3a csp_port.o
                0x00003200                csp_port_get_socket
 .text.csp_port_init
                0x0000323a       0x14 csp_port.o
                0x0000323a                csp_port_init
 .text.csp_listen
                0x0000324e       0x38 csp_port.o
                0x0000324e                csp_listen
 .text.csp_bind
                0x00003286       0xb2 csp_port.o
                0x00003286                csp_bind
 .text.csp_qfifo_init
                0x00003338       0x2e csp_qfifo.o
                0x00003338                csp_qfifo_init
 .text.csp_qfifo_read
                0x00003366       0x24 csp_qfifo.o
                0x00003366                csp_qfifo_read
 .text.csp_qfifo_write
                0x0000338a      0x14e csp_qfifo.o
                0x0000338a                csp_qfifo_write
 .text.csp_queue_create
                0x000034d8        0x6 csp_queue.o
                0x000034d8                csp_queue_create
 .text.csp_queue_enqueue
                0x000034de       0x48 csp_queue.o
                0x000034de                csp_queue_enqueue
 .text.csp_queue_enqueue_isr
                0x00003526        0xe csp_queue.o
                0x00003526                csp_queue_enqueue_isr
 .text.csp_queue_dequeue
                0x00003534       0x42 csp_queue.o
                0x00003534                csp_queue_dequeue
 .text.csp_queue_size
                0x00003576        0x8 csp_queue.o
                0x00003576                csp_queue_size
 .text.csp_route_security_check.isra.0
                0x0000357e       0x9e csp_route.o
 .text.csp_route_work
                0x0000361c      0x360 csp_route.o
                0x0000361c                csp_route_work
 .text.csp_task_router
                0x0000397c       0x48 csp_route.o
 .text.csp_route_start_task
                0x000039c4       0x4e csp_route.o
                0x000039c4                csp_route_start_task
 .text.csp_rtable_find_iface
                0x00003a12       0x2e csp_rtable_static.o
                0x00003a12                csp_rtable_find_iface
 .text.csp_rtable_find_mac
                0x00003a40       0x30 csp_rtable_static.o
                0x00003a40                csp_rtable_find_mac
 .text.csp_rtable_set
                0x00003a70       0x66 csp_rtable_static.o
                0x00003a70                csp_rtable_set
 .text.csp_rtable_print
                0x00003ad6       0xb8 csp_rtable_static.o
                0x00003ad6                csp_rtable_print
 .text.csp_mutex_create
                0x00003b8e       0x24 csp_semaphore.o
                0x00003b8e                csp_mutex_create
 .text.csp_bin_sem_create
                0x00003bb2       0x30 csp_semaphore.o
                0x00003bb2                csp_bin_sem_create
 .text.csp_bin_sem_wait
                0x00003be2       0x76 csp_semaphore.o
                0x00003be2                csp_bin_sem_wait
 .text.csp_bin_sem_post
                0x00003c58       0x4a csp_semaphore.o
                0x00003c58                csp_bin_sem_post
 .text.csp_ping
                0x00003ca2      0x114 csp_services.o
                0x00003ca2                csp_ping
 .text.wrap_32bit_memcpy
                0x00003db6       0x30 csp_service_handler.o
 .text.csp_service_handler
                0x00003de6      0x48e csp_service_handler.o
                0x00003de6                csp_service_handler
 .text.csp_sys_tasklist
                0x00004274        0xa csp_system.o
                0x00004274                csp_sys_tasklist
 .text.csp_sys_tasklist_size
                0x0000427e        0xe csp_system.o
                0x0000427e                csp_sys_tasklist_size
 .text.csp_sys_memfree
                0x0000428c       0xa6 csp_system.o
                0x0000428c                csp_sys_memfree
 .text.csp_sys_reboot
                0x00004332       0x38 csp_system.o
                0x00004332                csp_sys_reboot
 .text.csp_sys_shutdown
                0x0000436a       0x28 csp_system.o
                0x0000436a                csp_sys_shutdown
 .text.csp_sys_set_color
                0x00004392       0x64 csp_system.o
                0x00004392                csp_sys_set_color
 .text.csp_thread_create
                0x000043f6       0x26 csp_thread.o
                0x000043f6                csp_thread_create
 .text.csp_get_ms
                0x0000441c       0x1a csp_time.o
                0x0000441c                csp_get_ms
 .text.csp_get_s
                0x00004436       0x12 csp_time.o
                0x00004436                csp_get_s
 .text.csp_udp_new_packet
                0x00004448       0x88 csp_udp.o
                0x00004448                csp_udp_new_packet
 .text._Z7contledii
                0x000044d0       0x64 FinCont.o
                0x000044d0                _Z7contledii
 .text._Z12timeoutstarti
                0x00004534       0x3a FinCont.o
                0x00004534                _Z12timeoutstarti
 .text._Z12timeoutresetv
                0x0000456e        0xa FinCont.o
                0x0000456e                _Z12timeoutresetv
 .text._Z12timeoutcheckv
                0x00004578       0x32 FinCont.o
                0x00004578                _Z12timeoutcheckv
 .text.prvInsertBlockIntoFreeList
                0x000045aa       0x88 heap_4.o
 .text.vPortFree
                0x00004632       0x64 heap_4.o
                0x00004632                vPortFree
 .text.vApplicationMallocFailedHook
                0x00004696       0x12 heap_4.o
                0x00004696                vApplicationMallocFailedHook
 .text.pvPortMalloc
                0x000046a8      0x170 heap_4.o
                0x000046a8                pvPortMalloc
 .text.vListInitialise
                0x00004818       0x1c list.o
                0x00004818                vListInitialise
 .text.vListInitialiseItem
                0x00004834        0x8 list.o
                0x00004834                vListInitialiseItem
 .text.vListInsertEnd
                0x0000483c       0x42 list.o
                0x0000483c                vListInsertEnd
 .text.vListInsert
                0x0000487e       0x70 list.o
                0x0000487e                vListInsert
 .text.uxListRemove
                0x000048ee       0x48 list.o
                0x000048ee                uxListRemove
 .text._ZL4wdtrPv
                0x00004936       0x42 main.o
 .text._Z11task_serverPv
                0x00004978       0xc6 main.o
                0x00004978                _Z11task_serverPv
 .text._Z11task_clientPv
                0x00004a3e       0xc4 main.o
                0x00004a3e                _Z11task_clientPv
 .text.startup.main
                0x00004b02      0x146 main.o
                0x00004b02                main
 .text.__vector_3
                0x00004c48       0x74 main.o
                0x00004c48                __vector_3
 .text.__vector_default
                0x00004cbc       0x18 main.o
                0x00004cbc                __vector_default
 .text._ZN8SPIClass8transferEh
                0x00004cd4        0xe mcp2515.o
                0x00004cd4                _ZN8SPIClass8transferEh
 .text._ZN7MCP25158startSPIEv
                0x00004ce2       0x40 mcp2515.o
                0x00004ce2                _ZN7MCP25158startSPIEv
 .text._ZN7MCP25156endSPIEv
                0x00004d22       0x24 mcp2515.o
                0x00004d22                _ZN7MCP25156endSPIEv
 .text._ZN7MCP2515C2Ev
                0x00004d46       0x14 mcp2515.o
                0x00004d46                _ZN7MCP2515C1Ev
                0x00004d46                _ZN7MCP2515C2Ev
 .text._ZN7MCP251512readRegisterENS_8REGISTERE
                0x00004d5a       0x28 mcp2515.o
                0x00004d5a                _ZN7MCP251512readRegisterENS_8REGISTERE
 .text._ZN7MCP251513readRegistersENS_8REGISTEREPhh
                0x00004d82       0x4e mcp2515.o
                0x00004d82                _ZN7MCP251513readRegistersENS_8REGISTEREPhh
 .text._ZN7MCP251511setRegisterENS_8REGISTEREh
                0x00004dd0       0x28 mcp2515.o
                0x00004dd0                _ZN7MCP251511setRegisterENS_8REGISTEREh
 .text._ZN7MCP251512setRegistersENS_8REGISTEREPKhh
                0x00004df8       0x4c mcp2515.o
                0x00004df8                _ZN7MCP251512setRegistersENS_8REGISTEREPKhh
 .text._ZN7MCP251514modifyRegisterENS_8REGISTEREhh
                0x00004e44       0x32 mcp2515.o
                0x00004e44                _ZN7MCP251514modifyRegisterENS_8REGISTEREhh
 .text._ZN7MCP25155resetEv
                0x00004e76       0xa8 mcp2515.o
                0x00004e76                _ZN7MCP25155resetEv
 .text._ZN7MCP25159getStatusEv
                0x00004f1e       0x22 mcp2515.o
                0x00004f1e                _ZN7MCP25159getStatusEv
 .text._ZN7MCP25157setModeENS_18CANCTRL_REQOP_MODEE
                0x00004f40       0x46 mcp2515.o
                0x00004f40                _ZN7MCP25157setModeENS_18CANCTRL_REQOP_MODEE
 .text._ZN7MCP251513setConfigModeEv
                0x00004f86        0x4 mcp2515.o
                0x00004f86                _ZN7MCP251513setConfigModeEv
 .text._ZN7MCP251513setNormalModeEv
                0x00004f8a        0x4 mcp2515.o
                0x00004f8a                _ZN7MCP251513setNormalModeEv
 .text._ZN7MCP251510setBitrateE9CAN_SPEED9CAN_CLOCK
                0x00004f8e      0x192 mcp2515.o
                0x00004f8e                _ZN7MCP251510setBitrateE9CAN_SPEED9CAN_CLOCK
 .text._ZN7MCP251510setBitrateE9CAN_SPEED
                0x00005120        0x4 mcp2515.o
                0x00005120                _ZN7MCP251510setBitrateE9CAN_SPEED
 .text._ZN7MCP25159prepareIdEPhbm
                0x00005124       0x56 mcp2515.o
                0x00005124                _ZN7MCP25159prepareIdEPhbm
 .text._ZN7MCP251513setFilterMaskENS_4MASKEbm
                0x0000517a       0x84 mcp2515.o
                0x0000517a                _ZN7MCP251513setFilterMaskENS_4MASKEbm
 .text._ZN7MCP25159setFilterENS_3RXFEbm
                0x000051fe       0xba mcp2515.o
                0x000051fe                _ZN7MCP25159setFilterENS_3RXFEbm
 .text._ZN7MCP251511sendMessageENS_4TXBnEPK9can_frame
                0x000052b8      0x100 mcp2515.o
                0x000052b8                _ZN7MCP251511sendMessageENS_4TXBnEPK9can_frame
 .text._ZN7MCP251511readMessageENS_4RXBnEP9can_frame
                0x000053b8      0x122 mcp2515.o
                0x000053b8                _ZN7MCP251511readMessageENS_4RXBnEP9can_frame
 .text._ZN7MCP251511readMessageEP9can_frame
                0x000054da       0x38 mcp2515.o
                0x000054da                _ZN7MCP251511readMessageEP9can_frame
 .text._ZN7MCP251515clearInterruptsEv
                0x00005512        0x6 mcp2515.o
                0x00005512                _ZN7MCP251515clearInterruptsEv
 .text._ZN7MCP251510checktxavaEv
                0x00005518        0x8 mcp2515.o
                0x00005518                _ZN7MCP251510checktxavaEv
 .text.pxPortInitialiseStack
                0x00005520       0xe4 port.o
                0x00005520                pxPortInitialiseStack
 .text.xPortStartScheduler
                0x00005604       0x7e port.o
                0x00005604                xPortStartScheduler
 .text.vPortYield
                0x00005682       0xc2 port.o
                0x00005682                vPortYield
 .text.vPortYieldFromTick
                0x00005744       0xc4 port.o
                0x00005744                vPortYieldFromTick
 .text.__vector_17
                0x00005808        0x4 port.o
                0x00005808                __vector_17
 .text.prvIsQueueEmpty
                0x0000580c       0x16 queue.o
 .text.prvCopyDataToQueue
                0x00005822       0xa6 queue.o
 .text.prvCopyDataFromQueue
                0x000058c8       0x34 queue.o
 .text.prvUnlockQueue
                0x000058fc       0x7c queue.o
 .text.xQueueGenericReset
                0x00005978       0x7a queue.o
                0x00005978                xQueueGenericReset
 .text.xQueueGenericCreate
                0x000059f2       0x56 queue.o
                0x000059f2                xQueueGenericCreate
 .text.xQueueGenericSend
                0x00005a48      0x110 queue.o
                0x00005a48                xQueueGenericSend
 .text.xQueueCreateMutex
                0x00005b58       0x30 queue.o
                0x00005b58                xQueueCreateMutex
 .text.xQueueGenericSendFromISR
                0x00005b88       0x5a queue.o
                0x00005b88                xQueueGenericSendFromISR
 .text.xQueueReceive
                0x00005be2      0x104 queue.o
                0x00005be2                xQueueReceive
 .text.xQueueSemaphoreTake
                0x00005ce6      0x164 queue.o
                0x00005ce6                xQueueSemaphoreTake
 .text.xQueueReceiveFromISR
                0x00005e4a       0x5a queue.o
                0x00005e4a                xQueueReceiveFromISR
 .text.uxQueueMessagesWaiting
                0x00005ea4       0x10 queue.o
                0x00005ea4                uxQueueMessagesWaiting
 .text.vQueueWaitForMessageRestricted
                0x00005eb4       0x34 queue.o
                0x00005eb4                vQueueWaitForMessageRestricted
 .text.__vector_25
                0x00005ee8       0x86 serial.o
                0x00005ee8                __vector_25
 .text.__vector_26
                0x00005f6e       0x8c serial.o
                0x00005f6e                __vector_26
 .text._ZN8SPIClass5beginEv
                0x00005ffa       0x38 SPI.o
                0x00005ffa                _ZN8SPIClass5beginEv
 .text.prvResetNextTaskUnblockTime
                0x00006032       0x36 tasks.o
 .text.prvAddCurrentTaskToDelayedList
                0x00006068       0xb8 tasks.o
 .text.prvIdleTask
                0x00006120       0x56 tasks.o
 .text.xTaskCreate
                0x00006176      0x22a tasks.o
                0x00006176                xTaskCreate
 .text.eTaskGetState
                0x000063a0       0x70 tasks.o
                0x000063a0                eTaskGetState
 .text.xTaskResumeFromISR
                0x00006410       0x90 tasks.o
                0x00006410                xTaskResumeFromISR
 .text.vTaskStartScheduler
                0x000064a0       0x56 tasks.o
                0x000064a0                vTaskStartScheduler
 .text.vTaskSuspendAll
                0x000064f6        0xc tasks.o
                0x000064f6                vTaskSuspendAll
 .text.xTaskGetTickCount
                0x00006502       0x14 tasks.o
                0x00006502                xTaskGetTickCount
 .text.uxTaskGetNumberOfTasks
                0x00006516        0x6 tasks.o
                0x00006516                uxTaskGetNumberOfTasks
 .text.pcTaskGetName
                0x0000651c       0x10 tasks.o
                0x0000651c                pcTaskGetName
 .text.xTaskIncrementTick
                0x0000652c      0x13a tasks.o
                0x0000652c                xTaskIncrementTick
 .text.xTaskResumeAll
                0x00006666       0xda tasks.o
                0x00006666                xTaskResumeAll
 .text.vTaskDelay
                0x00006740       0x24 tasks.o
                0x00006740                vTaskDelay
 .text.vTaskSwitchContext
                0x00006764      0x108 tasks.o
                0x00006764                vTaskSwitchContext
 .text.vTaskSuspend
                0x0000686c       0xa8 tasks.o
                0x0000686c                vTaskSuspend
 .text.vTaskPlaceOnEventList
                0x00006914       0x20 tasks.o
                0x00006914                vTaskPlaceOnEventList
 .text.vTaskPlaceOnEventListRestricted
                0x00006934       0x2e tasks.o
                0x00006934                vTaskPlaceOnEventListRestricted
 .text.xTaskRemoveFromEventList
                0x00006962       0x80 tasks.o
                0x00006962                xTaskRemoveFromEventList
 .text.vTaskInternalSetTimeOutState
                0x000069e2       0x16 tasks.o
                0x000069e2                vTaskInternalSetTimeOutState
 .text.xTaskCheckForTimeOut
                0x000069f8       0x64 tasks.o
                0x000069f8                xTaskCheckForTimeOut
 .text.vTaskMissedYield
                0x00006a5c        0x8 tasks.o
                0x00006a5c                vTaskMissedYield
 .text.vTaskGetInfo
                0x00006a64       0xc2 tasks.o
                0x00006a64                vTaskGetInfo
 .text.prvListTasksWithinSingleList
                0x00006b26       0xb0 tasks.o
 .text.uxTaskGetSystemState
                0x00006bd6       0xd2 tasks.o
                0x00006bd6                uxTaskGetSystemState
 .text.uxTaskGetStackHighWaterMark2
                0x00006ca8       0x2c tasks.o
                0x00006ca8                uxTaskGetStackHighWaterMark2
 .text.xTaskGetSchedulerState
                0x00006cd4       0x1c tasks.o
                0x00006cd4                xTaskGetSchedulerState
 .text.xTaskPriorityInherit
                0x00006cf0       0xc6 tasks.o
                0x00006cf0                xTaskPriorityInherit
 .text.xTaskPriorityDisinherit
                0x00006db6       0x74 tasks.o
                0x00006db6                xTaskPriorityDisinherit
 .text.vTaskPriorityDisinheritAfterTimeout
                0x00006e2a       0x8e tasks.o
                0x00006e2a                vTaskPriorityDisinheritAfterTimeout
 .text.vTaskList
                0x00006eb8      0x12c tasks.o
                0x00006eb8                vTaskList
 .text.pvTaskIncrementMutexHeldCount
                0x00006fe4       0x24 tasks.o
                0x00006fe4                pvTaskIncrementMutexHeldCount
 .text.prvCheckForValidListAndQueue
                0x00007008       0x52 timers.o
 .text.prvInsertTimerInActiveList
                0x0000705a       0x54 timers.o
 .text.xTimerCreateTimerTask
                0x000070ae       0x3c timers.o
                0x000070ae                xTimerCreateTimerTask
 .text.xTimerGenericCommand
                0x000070ea       0x7c timers.o
                0x000070ea                xTimerGenericCommand
 .text.prvSwitchTimerLists
                0x00007166       0xa0 timers.o
 .text.prvTimerTask
                0x00007206      0x1f4 timers.o
 .text.avr-libc.fplib
                0x000073fa       0x7a c:/program files (x86)/atmel/studio/7.0/toolchain/avr8/avr8-gnu-toolchain/bin/../lib/gcc/avr/5.4.0/../../../../avr/lib/avr6\libm.a(floatsisf.o)
                0x000073fa                __floatunsisf
                0x000073fe                __floatsisf
 .text.avr-libc.fplib
                0x00007474        0x4 c:/program files (x86)/atmel/studio/7.0/toolchain/avr8/avr8-gnu-toolchain/bin/../lib/gcc/avr/5.4.0/../../../../avr/lib/avr6\libm.a(mulsf3.o)
                0x00007474                __mulsf3
 .text.avr-libc.fplib
                0x00007478       0xc2 c:/program files (x86)/atmel/studio/7.0/toolchain/avr8/avr8-gnu-toolchain/bin/../lib/gcc/avr/5.4.0/../../../../avr/lib/avr6\libm.a(mulsf3x.o)
                0x0000748c                __mulsf3x
                0x00007490                __mulsf3_pse
 .text.avr-libc.fplib
                0x0000753a        0xc c:/program files (x86)/atmel/studio/7.0/toolchain/avr8/avr8-gnu-toolchain/bin/../lib/gcc/avr/5.4.0/../../../../avr/lib/avr6\libm.a(fp_inf.o)
                0x0000753a                __fp_inf
 .text.avr-libc.fplib
                0x00007546        0x6 c:/program files (x86)/atmel/studio/7.0/toolchain/avr8/avr8-gnu-toolchain/bin/../lib/gcc/avr/5.4.0/../../../../avr/lib/avr6\libm.a(fp_nan.o)
                0x00007546                __fp_nan
 .text.avr-libc.fplib
                0x0000754c        0xe c:/program files (x86)/atmel/studio/7.0/toolchain/avr8/avr8-gnu-toolchain/bin/../lib/gcc/avr/5.4.0/../../../../avr/lib/avr6\libm.a(fp_pscA.o)
                0x0000754c                __fp_pscA
 .text.avr-libc.fplib
                0x0000755a        0xe c:/program files (x86)/atmel/studio/7.0/toolchain/avr8/avr8-gnu-toolchain/bin/../lib/gcc/avr/5.4.0/../../../../avr/lib/avr6\libm.a(fp_pscB.o)
                0x0000755a                __fp_pscB
 .text.avr-libc.fplib
                0x00007568       0x22 c:/program files (x86)/atmel/studio/7.0/toolchain/avr8/avr8-gnu-toolchain/bin/../lib/gcc/avr/5.4.0/../../../../avr/lib/avr6\libm.a(fp_round.o)
                0x00007568                __fp_round
 .text.avr-libc.fplib
                0x0000758a       0x44 c:/program files (x86)/atmel/studio/7.0/toolchain/avr8/avr8-gnu-toolchain/bin/../lib/gcc/avr/5.4.0/../../../../avr/lib/avr6\libm.a(fp_split3.o)
                0x0000758a                __fp_split3
                0x0000759a                __fp_splitA
 .text.avr-libc.fplib
                0x000075ce        0xe c:/program files (x86)/atmel/studio/7.0/toolchain/avr8/avr8-gnu-toolchain/bin/../lib/gcc/avr/5.4.0/../../../../avr/lib/avr6\libm.a(fp_zero.o)
                0x000075ce                __fp_zero
                0x000075d0                __fp_szero
 .text.libgcc.div
                0x000075dc       0x28 c:/program files (x86)/atmel/studio/7.0/toolchain/avr8/avr8-gnu-toolchain/bin/../lib/gcc/avr/5.4.0/avr6\libgcc.a(_udivmodhi4.o)
                0x000075dc                __udivmodhi4
 .text.libgcc.div
                0x00007604       0x26 c:/program files (x86)/atmel/studio/7.0/toolchain/avr8/avr8-gnu-toolchain/bin/../lib/gcc/avr/5.4.0/avr6\libgcc.a(_divmodhi4.o)
                0x00007604                _div
                0x00007604                __divmodhi4
 .text.libgcc.div
                0x0000762a       0x44 c:/program files (x86)/atmel/studio/7.0/toolchain/avr8/avr8-gnu-toolchain/bin/../lib/gcc/avr/5.4.0/avr6\libgcc.a(_udivmodsi4.o)
                0x0000762a                __udivmodsi4
 .text.libgcc.div
                0x0000766e       0x28 c:/program files (x86)/atmel/studio/7.0/toolchain/avr8/avr8-gnu-toolchain/bin/../lib/gcc/avr/5.4.0/avr6\libgcc.a(_divmodsi4.o)
                0x0000766e                __divmodsi4
 .text.libgcc.div
                0x00007696       0x10 c:/program files (x86)/atmel/studio/7.0/toolchain/avr8/avr8-gnu-toolchain/bin/../lib/gcc/avr/5.4.0/avr6\libgcc.a(_negsi2.o)
                0x00007696                __negsi2
 .text.libgcc   0x000076a6       0x10 c:/program files (x86)/atmel/studio/7.0/toolchain/avr8/avr8-gnu-toolchain/bin/../lib/gcc/avr/5.4.0/avr6\libgcc.a(_tablejump2.o)
                0x000076a6                __tablejump2__
 .text.libgcc.builtins
                0x000076b6        0xe c:/program files (x86)/atmel/studio/7.0/toolchain/avr8/avr8-gnu-toolchain/bin/../lib/gcc/avr/5.4.0/avr6\libgcc.a(_bswapsi2.o)
                0x000076b6                __bswapsi2
 .text.libgcc.mul
                0x000076c4        0xc c:/program files (x86)/atmel/studio/7.0/toolchain/avr8/avr8-gnu-toolchain/bin/../lib/gcc/avr/5.4.0/avr6\libgcc.a(_mulshisi3.o)
                0x000076c4                __mulshisi3
                0x000076c8                __mulohisi3
 .text.libgcc.mul
                0x000076d0       0x14 c:/program files (x86)/atmel/studio/7.0/toolchain/avr8/avr8-gnu-toolchain/bin/../lib/gcc/avr/5.4.0/avr6\libgcc.a(_muluhisi3.o)
                0x000076d0                __muluhisi3
 .text.libgcc.mul
                0x000076e4       0x1e c:/program files (x86)/atmel/studio/7.0/toolchain/avr8/avr8-gnu-toolchain/bin/../lib/gcc/avr/5.4.0/avr6\libgcc.a(_umulhisi3.o)
                0x000076e4                __umulhisi3
 .text.avr-libc
                0x00007702       0xaa c:/program files (x86)/atmel/studio/7.0/toolchain/avr8/avr8-gnu-toolchain/bin/../lib/gcc/avr/5.4.0/../../../../avr/lib/avr6\libc.a(rand.o)
                0x0000778e                rand_r
                0x00007790                rand
                0x00007796                srand
 .text.avr-libc
                0x000077ac       0x1a c:/program files (x86)/atmel/studio/7.0/toolchain/avr8/avr8-gnu-toolchain/bin/../lib/gcc/avr/5.4.0/../../../../avr/lib/avr6\libc.a(memcmp.o)
                0x000077ac                memcmp
 .text.avr-libc
                0x000077c6       0x12 c:/program files (x86)/atmel/studio/7.0/toolchain/avr8/avr8-gnu-toolchain/bin/../lib/gcc/avr/5.4.0/../../../../avr/lib/avr6\libc.a(memcpy.o)
                0x000077c6                memcpy
 .text.avr-libc
                0x000077d8        0xe c:/program files (x86)/atmel/studio/7.0/toolchain/avr8/avr8-gnu-toolchain/bin/../lib/gcc/avr/5.4.0/../../../../avr/lib/avr6\libc.a(memset.o)
                0x000077d8                memset
 .text.avr-libc
                0x000077e6        0xe c:/program files (x86)/atmel/studio/7.0/toolchain/avr8/avr8-gnu-toolchain/bin/../lib/gcc/avr/5.4.0/../../../../avr/lib/avr6\libc.a(strcpy.o)
                0x000077e6                strcpy
 .text.avr-libc
                0x000077f4       0x1c c:/program files (x86)/atmel/studio/7.0/toolchain/avr8/avr8-gnu-toolchain/bin/../lib/gcc/avr/5.4.0/../../../../avr/lib/avr6\libc.a(strncmp.o)
                0x000077f4                strncmp
 .text.avr-libc
                0x00007810       0x1e c:/program files (x86)/atmel/studio/7.0/toolchain/avr8/avr8-gnu-toolchain/bin/../lib/gcc/avr/5.4.0/../../../../avr/lib/avr6\libc.a(strncpy.o)
                0x00007810                strncpy
 .text.avr-libc
                0x0000782e       0x16 c:/program files (x86)/atmel/studio/7.0/toolchain/avr8/avr8-gnu-toolchain/bin/../lib/gcc/avr/5.4.0/../../../../avr/lib/avr6\libc.a(strnlen.o)
                0x0000782e                strnlen
 .text.avr-libc
                0x00007844       0x94 c:/program files (x86)/atmel/studio/7.0/toolchain/avr8/avr8-gnu-toolchain/bin/../lib/gcc/avr/5.4.0/../../../../avr/lib/avr6\libc.a(fdevopen.o)
                0x00007844                fdevopen
 .text.avr-libc
                0x000078d8       0x26 c:/program files (x86)/atmel/studio/7.0/toolchain/avr8/avr8-gnu-toolchain/bin/../lib/gcc/avr/5.4.0/../../../../avr/lib/avr6\libc.a(printf.o)
                0x000078d8                printf
 .text.avr-libc
                0x000078fe       0x4e c:/program files (x86)/atmel/studio/7.0/toolchain/avr8/avr8-gnu-toolchain/bin/../lib/gcc/avr/5.4.0/../../../../avr/lib/avr6\libc.a(printf_p.o)
                0x000078fe                printf_P
 .text.avr-libc
                0x0000794c       0x78 c:/program files (x86)/atmel/studio/7.0/toolchain/avr8/avr8-gnu-toolchain/bin/../lib/gcc/avr/5.4.0/../../../../avr/lib/avr6\libc.a(snprintf_p.o)
                0x0000794c                snprintf_P
 .text.avr-libc
                0x000079c4       0x5c c:/program files (x86)/atmel/studio/7.0/toolchain/avr8/avr8-gnu-toolchain/bin/../lib/gcc/avr/5.4.0/../../../../avr/lib/avr6\libc.a(sprintf.o)
                0x000079c4                sprintf
 .text.avr-libc
                0x00007a20       0x1c c:/program files (x86)/atmel/studio/7.0/toolchain/avr8/avr8-gnu-toolchain/bin/../lib/gcc/avr/5.4.0/../../../../avr/lib/avr6\libc.a(vfprintf_p.o)
                0x00007a20                vfprintf_P
 .text.avr-libc
                0x00007a3c      0x3fa c:/program files (x86)/atmel/studio/7.0/toolchain/avr8/avr8-gnu-toolchain/bin/../lib/gcc/avr/5.4.0/../../../../avr/lib/avr6\libc.a(vfprintf_std.o)
                0x00007a3c                vfprintf
 .text.avr-libc
                0x00007e36       0x34 c:/program files (x86)/atmel/studio/7.0/toolchain/avr8/avr8-gnu-toolchain/bin/../lib/gcc/avr/5.4.0/../../../../avr/lib/avr6\libc.a(calloc.o)
                0x00007e36                calloc
 .text.avr-libc
                0x00007e6a      0x242 c:/program files (x86)/atmel/studio/7.0/toolchain/avr8/avr8-gnu-toolchain/bin/../lib/gcc/avr/5.4.0/../../../../avr/lib/avr6\libc.a(malloc.o)
                0x00007e6a                malloc
                0x00007f9a                free
 .text.avr-libc
                0x000080ac       0x16 c:/program files (x86)/atmel/studio/7.0/toolchain/avr8/avr8-gnu-toolchain/bin/../lib/gcc/avr/5.4.0/../../../../avr/lib/avr6\libc.a(strnlen_P.o)
                0x000080ac                strnlen_P
 .text.avr-libc
                0x000080c2       0x78 c:/program files (x86)/atmel/studio/7.0/toolchain/avr8/avr8-gnu-toolchain/bin/../lib/gcc/avr/5.4.0/../../../../avr/lib/avr6\libc.a(fputc.o)
                0x000080c2                fputc
 .text.avr-libc
                0x0000813a       0xbc c:/program files (x86)/atmel/studio/7.0/toolchain/avr8/avr8-gnu-toolchain/bin/../lib/gcc/avr/5.4.0/../../../../avr/lib/avr6\libc.a(ultoa_invert.o)
                0x0000813a                __ultoa_invert
                0x000081f6                . = ALIGN (0x2)
 *(.fini9)
 .fini9         0x000081f6        0x0 c:/program files (x86)/atmel/studio/7.0/toolchain/avr8/avr8-gnu-toolchain/bin/../lib/gcc/avr/5.4.0/avr6\libgcc.a(_exit.o)
                0x000081f6                _exit
                0x000081f6                exit
 *(.fini9)
 *(.fini8)
 *(.fini8)
 *(.fini7)
 *(.fini7)
 *(.fini6)
 *(.fini6)
 *(.fini5)
 *(.fini5)
 *(.fini4)
 *(.fini4)
 *(.fini3)
 *(.fini3)
 *(.fini2)
 *(.fini2)
 *(.fini1)
 *(.fini1)
 *(.fini0)
 .fini0         0x000081f6        0x4 c:/program files (x86)/atmel/studio/7.0/toolchain/avr8/avr8-gnu-toolchain/bin/../lib/gcc/avr/5.4.0/avr6\libgcc.a(_exit.o)
 *(.fini0)
                0x000081fa                _etext = .

.data           0x00800200      0x120 load address 0x000081fa
                0x00800200                PROVIDE (__data_start, .)
 *(.data)
 .data          0x00800200        0x4 c:/program files (x86)/atmel/studio/7.0/toolchain/avr8/avr8-gnu-toolchain/bin/../lib/gcc/avr/5.4.0/../../../../avr/lib/avr6\libc.a(rand.o)
 .data          0x00800204        0x6 c:/program files (x86)/atmel/studio/7.0/toolchain/avr8/avr8-gnu-toolchain/bin/../lib/gcc/avr/5.4.0/../../../../avr/lib/avr6\libc.a(malloc.o)
                0x00800204                __malloc_heap_end
                0x00800206                __malloc_heap_start
                0x00800208                __malloc_margin
 *(.data*)
 .data.csp_debug_level_enabled
                0x0080020a        0x7 csp_debug.o
 .data.csp_if_can
                0x00800211       0x33 csp_if_can.o
                0x00800211                csp_if_can
 .data.csp_if_lo
                0x00800244       0x33 csp_if_lo.o
                0x00800244                csp_if_lo
 .data.csp_revision
                0x00800277        0x2 csp_io.o
 .data.csp_cmp_memcpy_fnc
                0x00800279        0x2 csp_service_handler.o
 .data.can_conf
                0x0080027b        0xa main.o
                0x0080027b                can_conf
 *(.gnu.linkonce.d*)
 *(.rodata)
 *(.rodata*)
 .rodata.str1.1
                0x00800285        0x4 can.o
 .rodata.str1.1
                0x00800289        0x4 csp_if_can.o
 .rodata.str1.1
                0x00800289        0x5 csp_if_lo.o
 .rodata.str1.1
                0x0080028e        0x5 csp_io.o
                                  0x1 (size before relaxing)
 .rodata.str1.1
                0x0080028e        0x4 csp_route.o
 .rodata.str1.1
                0x00800292       0x27 csp_service_handler.o
 .rodata.CSWTCH.6
                0x008002b9        0x8 csp_system.o
 .rodata.CSWTCH.5
                0x008002c1        0x3 FinCont.o
 .rodata.str1.1
                0x008002c4        0x7 heap_4.o
 .rodata.str1.1
                0x008002cb       0x1d main.o
 .rodata._ZN7MCP25153RXBE
                0x008002e8        0x8 mcp2515.o
                0x008002e8                _ZN7MCP25153RXBE
 .rodata._ZN7MCP25153TXBE
                0x008002f0        0x9 mcp2515.o
                0x008002f0                _ZN7MCP25153TXBE
 .rodata.str1.1
                0x008002f9       0x1a tasks.o
 .rodata.CSWTCH.216
                0x00800313        0x5 tasks.o
 .rodata.str1.1
                0x00800318        0x8 timers.o
 *(.gnu.linkonce.r*)
                0x00800320                . = ALIGN (0x2)
                0x00800320                _edata = .
                0x00800320                PROVIDE (__data_end, .)

.bss            0x00800320     0x1d75
                0x00800320                PROVIDE (__bss_start, .)
 *(.bss)
 *(.bss*)
 .bss._ZZ9CanRxFuncE6frameo
                0x00800320       0x68 can.o
 .bss._ZZ9CanRxFuncE5frame
                0x00800388       0x80 can.o
 .bss.mcp2515   0x00800408        0x1 can.o
                0x00800408                mcp2515
 .bss.size      0x00800409        0x2 csp_buffer.o
 .bss.count     0x0080040b        0x2 csp_buffer.o
 .bss.csp_buffer_pool
                0x0080040d        0x2 csp_buffer.o
 .bss.csp_buffers
                0x0080040f        0x2 csp_buffer.o
 .bss.csp_conn_last_given.3262
                0x00800411        0x1 csp_conn.o
 .bss.sport_lock
                0x00800412        0x2 csp_conn.o
 .bss.sport     0x00800414        0x1 csp_conn.o
 .bss.conn_lock
                0x00800415        0x2 csp_conn.o
 .bss.arr_conn  0x00800417       0xf0 csp_conn.o
 .bss.csp_debug_hook_func
                0x00800507        0x2 csp_debug.o
                0x00800507                csp_debug_hook_func
 .bss.interfaces
                0x00800509        0x2 csp_iflist.o
 .bss.csp_can_pbuf
                0x0080050b       0xaa csp_if_can.o
 .bss.csp_can_rx_queue
                0x008005b5        0x2 csp_if_can.o
 .bss.csp_can_rx_task_h
                0x008005b7        0x2 csp_if_can.o
 .bss.csp_can_id_sem
                0x008005b9        0x2 csp_if_can.o
 .bss.csp_can_id
                0x008005bb        0x2 csp_if_can.o
 .bss.csp_model
                0x008005bd        0x2 csp_io.o
 .bss.csp_hostname
                0x008005bf        0x2 csp_io.o
 .bss.csp_my_address
                0x008005c1        0x1 csp_io.o
 .bss.ports     0x008005c2       0x63 csp_port.o
 .bss.qfifo     0x00800625        0x2 csp_qfifo.o
 .bss.handle_router.3130
                0x00800627        0x2 csp_route.o
 .bss.routes    0x00800629       0x63 csp_rtable_static.o
 .bss.leden     0x0080068c        0x2 FinCont.o
                0x0080068c                leden
 .bss.xBlockAllocatedBit
                0x0080068e        0x2 heap_4.o
 .bss.xMinimumEverFreeBytesRemaining
                0x00800690        0x2 heap_4.o
 .bss.xFreeBytesRemaining
                0x00800692        0x2 heap_4.o
 .bss.pxEnd     0x00800694        0x2 heap_4.o
 .bss.xStart    0x00800696        0x4 heap_4.o
 .bss.ucHeap    0x0080069a     0x1964 heap_4.o
 .bss.handle_canrx
                0x00801ffe        0x2 main.o
                0x00801ffe                handle_canrx
 .bss._ZZN11SPISettings17init_AlwaysInlineEmhhE8clockDiv
                0x00802000        0x1 mcp2515.o
                0x00802000                _ZZN11SPISettings17init_AlwaysInlineEmhhE8clockDiv
 .bss.xCharsForTx
                0x00802001        0x2 serial.o
 .bss.xRxedChars
                0x00802003        0x2 serial.o
 .bss._ZN8SPIClass13interruptSaveE
                0x00802005        0x1 SPI.o
                0x00802005                _ZN8SPIClass13interruptSaveE
 .bss._ZN8SPIClass13interruptMaskE
                0x00802006        0x1 SPI.o
                0x00802006                _ZN8SPIClass13interruptMaskE
 .bss._ZN8SPIClass13interruptModeE
                0x00802007        0x1 SPI.o
                0x00802007                _ZN8SPIClass13interruptModeE
 .bss._ZN8SPIClass11initializedE
                0x00802008        0x1 SPI.o
                0x00802008                _ZN8SPIClass11initializedE
 .bss.uxSchedulerSuspended
                0x00802009        0x1 tasks.o
 .bss.xIdleTaskHandle
                0x0080200a        0x2 tasks.o
 .bss.xNextTaskUnblockTime
                0x0080200c        0x2 tasks.o
 .bss.uxTaskNumber
                0x0080200e        0x1 tasks.o
 .bss.xNumOfOverflows
                0x0080200f        0x1 tasks.o
 .bss.xYieldPending
                0x00802010        0x1 tasks.o
 .bss.uxPendedTicks
                0x00802011        0x1 tasks.o
 .bss.xSchedulerRunning
                0x00802012        0x1 tasks.o
 .bss.uxTopReadyPriority
                0x00802013        0x1 tasks.o
 .bss.xTickCount
                0x00802014        0x2 tasks.o
 .bss.uxCurrentNumberOfTasks
                0x00802016        0x1 tasks.o
 .bss.xSuspendedTaskList
                0x00802017        0x9 tasks.o
 .bss.uxDeletedTasksWaitingCleanUp
                0x00802020        0x1 tasks.o
 .bss.xTasksWaitingTermination
                0x00802021        0x9 tasks.o
 .bss.xPendingReadyList
                0x0080202a        0x9 tasks.o
 .bss.pxOverflowDelayedTaskList
                0x00802033        0x2 tasks.o
 .bss.pxDelayedTaskList
                0x00802035        0x2 tasks.o
 .bss.xDelayedTaskList2
                0x00802037        0x9 tasks.o
 .bss.xDelayedTaskList1
                0x00802040        0x9 tasks.o
 .bss.pxReadyTasksLists
                0x00802049       0x24 tasks.o
 .bss.pxCurrentTCB
                0x0080206d        0x2 tasks.o
                0x0080206d                pxCurrentTCB
 .bss.xLastTime.2399
                0x0080206f        0x2 timers.o
 .bss.xTimerTaskHandle
                0x00802071        0x2 timers.o
 .bss.xTimerQueue
                0x00802073        0x2 timers.o
 .bss.pxOverflowTimerList
                0x00802075        0x2 timers.o
 .bss.pxCurrentTimerList
                0x00802077        0x2 timers.o
 .bss.xActiveTimerList2
                0x00802079        0x9 timers.o
 .bss.xActiveTimerList1
                0x00802082        0x9 timers.o
 *(COMMON)
 COMMON         0x0080208b        0x6 c:/program files (x86)/atmel/studio/7.0/toolchain/avr8/avr8-gnu-toolchain/bin/../lib/gcc/avr/5.4.0/../../../../avr/lib/avr6\libc.a(iob.o)
                0x0080208b                __iob
 COMMON         0x00802091        0x4 c:/program files (x86)/atmel/studio/7.0/toolchain/avr8/avr8-gnu-toolchain/bin/../lib/gcc/avr/5.4.0/../../../../avr/lib/avr6\libc.a(malloc.o)
                0x00802091                __brkval
                0x00802093                __flp
                0x00802095                PROVIDE (__bss_end, .)
                0x000081fa                __data_load_start = LOADADDR (.data)
                0x0000831a                __data_load_end = (__data_load_start + SIZEOF (.data))

.noinit         0x00802095        0x0
                [!provide]                PROVIDE (__noinit_start, .)
 *(.noinit*)
                [!provide]                PROVIDE (__noinit_end, .)
                0x00802095                _end = .
                0x00802095                PROVIDE (__heap_start, .)

.eeprom         0x00810000        0x0
 *(.eeprom*)
                0x00810000                __eeprom_end = .

.fuse
 *(.fuse)
 *(.lfuse)
 *(.hfuse)
 *(.efuse)

.lock
 *(.lock*)

.signature
 *(.signature*)

.user_signatures
 *(.user_signatures*)

.stab
 *(.stab)

.stabstr
 *(.stabstr)

.stab.excl
 *(.stab.excl)

.stab.exclstr
 *(.stab.exclstr)

.stab.index
 *(.stab.index)

.stab.indexstr
 *(.stab.indexstr)

.comment        0x00000000       0x5c
 *(.comment)
 .comment       0x00000000       0x30 avr_usart_init.o
                                 0x31 (size before relaxing)
 .comment       0x00000030       0x31 can.o
 .comment       0x00000030       0x31 csp_buffer.o
 .comment       0x00000030       0x31 csp_conn.o
 .comment       0x00000030       0x31 csp_crc32.o
 .comment       0x00000030       0x31 csp_debug.o
 .comment       0x00000030       0x31 csp_endian.o
 .comment       0x00000030       0x31 csp_iflist.o
 .comment       0x00000030       0x31 csp_if_can.o
 .comment       0x00000030       0x31 csp_if_lo.o
 .comment       0x00000030       0x31 csp_io.o
 .comment       0x00000030       0x31 csp_malloc.o
 .comment       0x00000030       0x31 csp_port.o
 .comment       0x00000030       0x31 csp_qfifo.o
 .comment       0x00000030       0x31 csp_queue.o
 .comment       0x00000030       0x31 csp_route.o
 .comment       0x00000030       0x31 csp_rtable_static.o
 .comment       0x00000030       0x31 csp_semaphore.o
 .comment       0x00000030       0x31 csp_services.o
 .comment       0x00000030       0x31 csp_service_handler.o
 .comment       0x00000030       0x31 csp_system.o
 .comment       0x00000030       0x31 csp_thread.o
 .comment       0x00000030       0x31 csp_time.o
 .comment       0x00000030       0x31 csp_udp.o
 .comment       0x00000030       0x31 FinCont.o
 .comment       0x00000030       0x31 heap_4.o
 .comment       0x00000030       0x31 list.o
 .comment       0x00000030       0x31 main.o
 .comment       0x00000030       0x31 mcp2515.o
 .comment       0x00000030       0x31 port.o
 .comment       0x00000030       0x31 queue.o
 .comment       0x00000030       0x31 serial.o
 .comment       0x00000030       0x31 SPI.o
 .comment       0x00000030       0x31 tasks.o
 .comment       0x00000030       0x31 timers.o
 .comment       0x00000030       0x31 c:/program files (x86)/atmel/studio/7.0/toolchain/avr8/avr8-gnu-toolchain/bin/../lib/gcc/avr/5.4.0/../../../../avr/lib/avr6\libc.a(rand.o)
 .comment       0x00000030       0x31 c:/program files (x86)/atmel/studio/7.0/toolchain/avr8/avr8-gnu-toolchain/bin/../lib/gcc/avr/5.4.0/../../../../avr/lib/avr6\libc.a(fdevopen.o)
 .comment       0x00000030       0x31 c:/program files (x86)/atmel/studio/7.0/toolchain/avr8/avr8-gnu-toolchain/bin/../lib/gcc/avr/5.4.0/../../../../avr/lib/avr6\libc.a(iob.o)
 .comment       0x00000030       0x31 c:/program files (x86)/atmel/studio/7.0/toolchain/avr8/avr8-gnu-toolchain/bin/../lib/gcc/avr/5.4.0/../../../../avr/lib/avr6\libc.a(printf.o)
 .comment       0x00000030       0x31 c:/program files (x86)/atmel/studio/7.0/toolchain/avr8/avr8-gnu-toolchain/bin/../lib/gcc/avr/5.4.0/../../../../avr/lib/avr6\libc.a(printf_p.o)
 .comment       0x00000030       0x31 c:/program files (x86)/atmel/studio/7.0/toolchain/avr8/avr8-gnu-toolchain/bin/../lib/gcc/avr/5.4.0/../../../../avr/lib/avr6\libc.a(snprintf_p.o)
 .comment       0x00000030       0x31 c:/program files (x86)/atmel/studio/7.0/toolchain/avr8/avr8-gnu-toolchain/bin/../lib/gcc/avr/5.4.0/../../../../avr/lib/avr6\libc.a(sprintf.o)
 .comment       0x00000030       0x31 c:/program files (x86)/atmel/studio/7.0/toolchain/avr8/avr8-gnu-toolchain/bin/../lib/gcc/avr/5.4.0/../../../../avr/lib/avr6\libc.a(vfprintf_p.o)
 .comment       0x00000030       0x2c c:/program files (x86)/atmel/studio/7.0/toolchain/avr8/avr8-gnu-toolchain/bin/../lib/gcc/avr/5.4.0/../../../../avr/lib/avr6\libc.a(vfprintf_std.o)
                                 0x2d (size before relaxing)
 .comment       0x0000005c       0x31 c:/program files (x86)/atmel/studio/7.0/toolchain/avr8/avr8-gnu-toolchain/bin/../lib/gcc/avr/5.4.0/../../../../avr/lib/avr6\libc.a(calloc.o)
 .comment       0x0000005c       0x31 c:/program files (x86)/atmel/studio/7.0/toolchain/avr8/avr8-gnu-toolchain/bin/../lib/gcc/avr/5.4.0/../../../../avr/lib/avr6\libc.a(malloc.o)
 .comment       0x0000005c       0x31 c:/program files (x86)/atmel/studio/7.0/toolchain/avr8/avr8-gnu-toolchain/bin/../lib/gcc/avr/5.4.0/../../../../avr/lib/avr6\libc.a(fputc.o)

.note.gnu.avr.deviceinfo
                0x00000000       0x40
 .note.gnu.avr.deviceinfo
                0x00000000       0x40 c:/program files (x86)/atmel/studio/7.0/toolchain/avr8/avr8-gnu-toolchain/bin/../lib/gcc/avr/5.4.0/../../../../avr/lib/avr6/crtatmega2560.o

.note.gnu.build-id
 *(.note.gnu.build-id)

.debug
 *(.debug)

.line
 *(.line)

.debug_srcinfo
 *(.debug_srcinfo)

.debug_sfnames
 *(.debug_sfnames)

.debug_aranges
 *(.debug_aranges)

.debug_pubnames
 *(.debug_pubnames)

.debug_info     0x00000000      0xbbc
 *(.debug_info .gnu.linkonce.wi.*)
 .debug_info    0x00000000      0xbbc c:/program files (x86)/atmel/studio/7.0/toolchain/avr8/avr8-gnu-toolchain/bin/../lib/gcc/avr/5.4.0/../../../../avr/lib/avr6/crtatmega2560.o

.debug_abbrev   0x00000000      0xb1a
 *(.debug_abbrev)
 .debug_abbrev  0x00000000      0xb1a c:/program files (x86)/atmel/studio/7.0/toolchain/avr8/avr8-gnu-toolchain/bin/../lib/gcc/avr/5.4.0/../../../../avr/lib/avr6/crtatmega2560.o

.debug_line     0x00000000       0x1a
 *(.debug_line .debug_line.* .debug_line_end)
 .debug_line    0x00000000       0x1a c:/program files (x86)/atmel/studio/7.0/toolchain/avr8/avr8-gnu-toolchain/bin/../lib/gcc/avr/5.4.0/../../../../avr/lib/avr6/crtatmega2560.o

.debug_frame
 *(.debug_frame)

.debug_str      0x00000000      0x3e6
 *(.debug_str)
 .debug_str     0x00000000      0x3e6 c:/program files (x86)/atmel/studio/7.0/toolchain/avr8/avr8-gnu-toolchain/bin/../lib/gcc/avr/5.4.0/../../../../avr/lib/avr6/crtatmega2560.o

.debug_loc
 *(.debug_loc)

.debug_macinfo
 *(.debug_macinfo)

.debug_weaknames
 *(.debug_weaknames)

.debug_funcnames
 *(.debug_funcnames)

.debug_typenames
 *(.debug_typenames)

.debug_varnames
 *(.debug_varnames)

.debug_pubtypes
 *(.debug_pubtypes)

.debug_ranges
 *(.debug_ranges)

.debug_macro
 *(.debug_macro)
OUTPUT(FreeRTOS_ATMega2560_CPP.elf elf32-avr)
LOAD linker stubs
